Component: ARM Compiler 6.14.1 Tool: armlink [5db06d00]

==============================================================================

Section Cross References

    startup_stm32f411xe.o(STACK) refers (Special) to heapauxi.o(.text) for __use_two_region_memory
    startup_stm32f411xe.o(HEAP) refers (Special) to heapauxi.o(.text) for __use_two_region_memory
    startup_stm32f411xe.o(RESET) refers (Special) to heapauxi.o(.text) for __use_two_region_memory
    startup_stm32f411xe.o(RESET) refers to startup_stm32f411xe.o(STACK) for __initial_sp
    startup_stm32f411xe.o(RESET) refers to startup_stm32f411xe.o(.text) for Reset_Handler
    startup_stm32f411xe.o(RESET) refers to timer.o(.text.SysTick_Handler) for SysTick_Handler
    startup_stm32f411xe.o(.text) refers (Special) to heapauxi.o(.text) for __use_two_region_memory
    startup_stm32f411xe.o(.text) refers to system_stm32f4xx.o(.text.SystemInit) for SystemInit
    startup_stm32f411xe.o(.text) refers to __main.o(!!!main) for __main
    startup_stm32f411xe.o(.text) refers to startup_stm32f411xe.o(HEAP) for Heap_Mem
    startup_stm32f411xe.o(.text) refers to startup_stm32f411xe.o(STACK) for Stack_Mem
    system_stm32f4xx.o(.ARM.exidx.text.SystemInit) refers to system_stm32f4xx.o(.text.SystemInit) for [Anonymous Symbol]
    system_stm32f4xx.o(.text.SystemCoreClockUpdate) refers to system_stm32f4xx.o(.data.SystemCoreClock) for SystemCoreClock
    system_stm32f4xx.o(.text.SystemCoreClockUpdate) refers to system_stm32f4xx.o(.rodata.AHBPrescTable) for AHBPrescTable
    system_stm32f4xx.o(.ARM.exidx.text.SystemCoreClockUpdate) refers to system_stm32f4xx.o(.text.SystemCoreClockUpdate) for [Anonymous Symbol]
    stm32f4xx_ll_tim.o(.text.LL_TIM_DeInit) refers to stm32f4xx_ll_tim.o(.text.LL_APB2_GRP1_ForceReset) for LL_APB2_GRP1_ForceReset
    stm32f4xx_ll_tim.o(.text.LL_TIM_DeInit) refers to stm32f4xx_ll_tim.o(.text.LL_APB2_GRP1_ReleaseReset) for LL_APB2_GRP1_ReleaseReset
    stm32f4xx_ll_tim.o(.text.LL_TIM_DeInit) refers to stm32f4xx_ll_tim.o(.text.LL_APB1_GRP1_ForceReset) for LL_APB1_GRP1_ForceReset
    stm32f4xx_ll_tim.o(.text.LL_TIM_DeInit) refers to stm32f4xx_ll_tim.o(.text.LL_APB1_GRP1_ReleaseReset) for LL_APB1_GRP1_ReleaseReset
    stm32f4xx_ll_tim.o(.ARM.exidx.text.LL_TIM_DeInit) refers to stm32f4xx_ll_tim.o(.text.LL_TIM_DeInit) for [Anonymous Symbol]
    stm32f4xx_ll_tim.o(.ARM.exidx.text.LL_APB2_GRP1_ForceReset) refers to stm32f4xx_ll_tim.o(.text.LL_APB2_GRP1_ForceReset) for [Anonymous Symbol]
    stm32f4xx_ll_tim.o(.ARM.exidx.text.LL_APB2_GRP1_ReleaseReset) refers to stm32f4xx_ll_tim.o(.text.LL_APB2_GRP1_ReleaseReset) for [Anonymous Symbol]
    stm32f4xx_ll_tim.o(.ARM.exidx.text.LL_APB1_GRP1_ForceReset) refers to stm32f4xx_ll_tim.o(.text.LL_APB1_GRP1_ForceReset) for [Anonymous Symbol]
    stm32f4xx_ll_tim.o(.ARM.exidx.text.LL_APB1_GRP1_ReleaseReset) refers to stm32f4xx_ll_tim.o(.text.LL_APB1_GRP1_ReleaseReset) for [Anonymous Symbol]
    stm32f4xx_ll_tim.o(.ARM.exidx.text.LL_TIM_StructInit) refers to stm32f4xx_ll_tim.o(.text.LL_TIM_StructInit) for [Anonymous Symbol]
    stm32f4xx_ll_tim.o(.text.LL_TIM_Init) refers to stm32f4xx_ll_tim.o(.text.LL_TIM_SetAutoReload) for LL_TIM_SetAutoReload
    stm32f4xx_ll_tim.o(.text.LL_TIM_Init) refers to stm32f4xx_ll_tim.o(.text.LL_TIM_SetPrescaler) for LL_TIM_SetPrescaler
    stm32f4xx_ll_tim.o(.text.LL_TIM_Init) refers to stm32f4xx_ll_tim.o(.text.LL_TIM_SetRepetitionCounter) for LL_TIM_SetRepetitionCounter
    stm32f4xx_ll_tim.o(.text.LL_TIM_Init) refers to stm32f4xx_ll_tim.o(.text.LL_TIM_GenerateEvent_UPDATE) for LL_TIM_GenerateEvent_UPDATE
    stm32f4xx_ll_tim.o(.ARM.exidx.text.LL_TIM_Init) refers to stm32f4xx_ll_tim.o(.text.LL_TIM_Init) for [Anonymous Symbol]
    stm32f4xx_ll_tim.o(.ARM.exidx.text.LL_TIM_SetAutoReload) refers to stm32f4xx_ll_tim.o(.text.LL_TIM_SetAutoReload) for [Anonymous Symbol]
    stm32f4xx_ll_tim.o(.ARM.exidx.text.LL_TIM_SetPrescaler) refers to stm32f4xx_ll_tim.o(.text.LL_TIM_SetPrescaler) for [Anonymous Symbol]
    stm32f4xx_ll_tim.o(.ARM.exidx.text.LL_TIM_SetRepetitionCounter) refers to stm32f4xx_ll_tim.o(.text.LL_TIM_SetRepetitionCounter) for [Anonymous Symbol]
    stm32f4xx_ll_tim.o(.ARM.exidx.text.LL_TIM_GenerateEvent_UPDATE) refers to stm32f4xx_ll_tim.o(.text.LL_TIM_GenerateEvent_UPDATE) for [Anonymous Symbol]
    stm32f4xx_ll_tim.o(.ARM.exidx.text.LL_TIM_OC_StructInit) refers to stm32f4xx_ll_tim.o(.text.LL_TIM_OC_StructInit) for [Anonymous Symbol]
    stm32f4xx_ll_tim.o(.text.LL_TIM_OC_Init) refers to stm32f4xx_ll_tim.o(.text.OC1Config) for OC1Config
    stm32f4xx_ll_tim.o(.text.LL_TIM_OC_Init) refers to stm32f4xx_ll_tim.o(.text.OC2Config) for OC2Config
    stm32f4xx_ll_tim.o(.text.LL_TIM_OC_Init) refers to stm32f4xx_ll_tim.o(.text.OC3Config) for OC3Config
    stm32f4xx_ll_tim.o(.text.LL_TIM_OC_Init) refers to stm32f4xx_ll_tim.o(.text.OC4Config) for OC4Config
    stm32f4xx_ll_tim.o(.ARM.exidx.text.LL_TIM_OC_Init) refers to stm32f4xx_ll_tim.o(.text.LL_TIM_OC_Init) for [Anonymous Symbol]
[...]
    [Anonymous Symbol]                       0x08002e20   Section        0  timer.o(.text.SysTick_Config)
    [Anonymous Symbol]                       0x08002e74   Section        0  timer.o(.text.SysTick_Handler)
    [Anonymous Symbol]                       0x08002e88   Section        0  system_stm32f4xx.o(.text.SystemInit)
    [Anonymous Symbol]                       0x08002ea8   Section        0  time.o(.text.TIM_GetState)
    [Anonymous Symbol]                       0x08002eb4   Section        0  time.o(.text.TIM_GetTime)
    [Anonymous Symbol]                       0x08002ed8   Section        0  time.o(.text.TIM_Init)
    [Anonymous Symbol]                       0x08002ef4   Section        0  time.o(.text.TIM_Update)
    TIM_UpdateTime                           0x080031b1   Thumb Code    94  time.o(.text.TIM_UpdateTime)
    [Anonymous Symbol]                       0x080031b0   Section        0  time.o(.text.TIM_UpdateTime)
    [Anonymous Symbol]                       0x08003210   Section        0  timer.o(.text.TMR_Init)
    [Anonymous Symbol]                       0x0800322c   Section        0  timer.o(.text.TMR_Start)
    [Anonymous Symbol]                       0x08003240   Section        0  timer.o(.text.TMR_Stop)
    [Anonymous Symbol]                       0x08003254   Section        0  uart.o(.text.UART_Init)
    [Anonymous Symbol]                       0x08003318   Section        0  uart.o(.text.UART_Send)
    [Anonymous Symbol]                       0x08003340   Section        0  uart.o(.text.UART_Send_String)
    __NVIC_SetPriority                       0x08003371   Thumb Code    68  timer.o(.text.__NVIC_SetPriority)
    [Anonymous Symbol]                       0x08003370   Section        0  timer.o(.text.__NVIC_SetPriority)
    [Anonymous Symbol]                       0x080033b4   Section        0  retarget_io.o(.text._sys_close)
    [Anonymous Symbol]                       0x08003400   Section        0  retarget_io.o(.text._sys_flen)
    [Anonymous Symbol]                       0x08003448   Section        0  retarget_io.o(.text._sys_istty)
    [Anonymous Symbol]                       0x08003490   Section        0  retarget_io.o(.text._sys_open)
    [Anonymous Symbol]                       0x08003520   Section        0  retarget_io.o(.text._sys_seek)
    [Anonymous Symbol]                       0x08003574   Section        0  retarget_io.o(.text._sys_write)
    [Anonymous Symbol]                       0x08003610   Section        0  main.o(.text.main)
    stderr_putchar                           0x08003645   Thumb Code    12  retarget_io.o(.text.stderr_putchar)
    [Anonymous Symbol]                       0x08003644   Section        0  retarget_io.o(.text.stderr_putchar)
    stdout_putchar                           0x08003651   Thumb Code    16  retarget_io.o(.text.stdout_putchar)
    [Anonymous Symbol]                       0x08003650   Section        0  retarget_io.o(.text.stdout_putchar)
    CL$$btod_d2e                             0x08003660   Section       62  btod.o(CL$$btod_d2e)
    CL$$btod_d2e_denorm_low                  0x0800369e   Section       70  btod.o(CL$$btod_d2e_denorm_low)
    CL$$btod_d2e_norm_op1                    0x080036e4   Section       96  btod.o(CL$$btod_d2e_norm_op1)
    CL$$btod_div_common                      0x08003744   Section      824  btod.o(CL$$btod_div_common)
    CL$$btod_e2e                             0x08003a7c   Section      220  btod.o(CL$$btod_e2e)
    CL$$btod_ediv                            0x08003b58   Section       42  btod.o(CL$$btod_ediv)
    CL$$btod_emul                            0x08003b82   Section       42  btod.o(CL$$btod_emul)
    CL$$btod_mult_common                     0x08003bac   Section      580  btod.o(CL$$btod_mult_common)
    i.__ARM_fpclassify                       0x08003df0   Section        0  fpclassify.o(i.__ARM_fpclassify)
    i._is_digit                              0x08003e20   Section        0  __printf_wp.o(i._is_digit)
    i.fputc                                  0x08003e2e   Section        0  fputc.o(i.fputc)
    locale$$code                             0x08003e48   Section       44  lc_numeric_c.o(locale$$code)
    locale$$code                             0x08003e74   Section       44  lc_ctype_c.o(locale$$code)
    $v0                                      0x08003ea0   Number         0  fpinit.o(x$fpl$fpinit)
    x$fpl$fpinit                             0x08003ea0   Section       26  fpinit.o(x$fpl$fpinit)
    $v0                                      0x08003eba   Number         0  printf1.o(x$fpl$printf1)
    x$fpl$printf1                            0x08003eba   Section        4  printf1.o(x$fpl$printf1)
    $v0                                      0x08003ebe   Number         0  printf2.o(x$fpl$printf2)
    x$fpl$printf2                            0x08003ebe   Section        4  printf2.o(x$fpl$printf2)
    x$fpl$usenofp                            0x08003ec2   Section        0  usenofp.o(x$fpl$usenofp)
    initial_mbstate                          0x08003ec4   Data           8  _printf_wctomb.o(.constdata)
    .constdata                               0x08003ec4   Section        8  _printf_wctomb.o(.constdata)
    uc_hextab                                0x08003ecc   Data          20  _printf_hex_int_ll_ptr.o(.constdata)
    .constdata                               0x08003ecc   Section       40  _printf_hex_int_ll_ptr.o(.constdata)
    lc_hextab                                0x08003ee0   Data          20  _printf_hex_int_ll_ptr.o(.constdata)
    maptable                                 0x08003ef4   Data          17  __printf_flags_ss_wp.o(.constdata)
    .constdata                               0x08003ef4   Section       17  __printf_flags_ss_wp.o(.constdata)
    lc_hextab                                0x08003f05   Data          19  _printf_fp_hex.o(.constdata)
    .constdata                               0x08003f05   Section       38  _printf_fp_hex.o(.constdata)
    uc_hextab                                0x08003f18   Data          19  _printf_fp_hex.o(.constdata)
    tenpwrs_x                                0x08003f2c   Data          60  bigflt0.o(.constdata)
    .constdata                               0x08003f2c   Section      148  bigflt0.o(.constdata)
    tenpwrs_i                                0x08003f68   Data          64  bigflt0.o(.constdata)
    .L.str.3                                 0x08003fef   Data          10  display.o(.rodata.str1.1)
    [Anonymous Symbol]                       0x08003fef   Section        0  display.o(.rodata.str1.1)
    .L.str.1                                 0x08003ff9   Data          22  display.o(.rodata.str1.1)
    .L.str.5                                 0x08003ff9   Data          22  display.o(.rodata.str1.1)
    .L.str                                   0x0800400f   Data          16  display.o(.rodata.str1.1)
    .L.str.2                                 0x0800401f   Data          40  display.o(.rodata.str1.1)
    .L.str.6                                 0x0800401f   Data          40  display.o(.rodata.str1.1)
    .L.str.4                                 0x08004047   Data           3  display.o(.rodata.str1.1)
    .L.str.3                                 0x0800404a   Data          25  time.o(.rodata.str1.1)
    [Anonymous Symbol]                       0x0800404a   Section        0  time.o(.rodata.str1.1)
    .L.str                                   0x08004063   Data          23  time.o(.rodata.str1.1)
    .L.str.1                                 0x0800407a   Data          28  time.o(.rodata.str1.1)
    .L.str.5                                 0x08004094   Data           2  time.o(.rodata.str1.1)
    .L.str.4                                 0x08004096   Data          40  time.o(.rodata.str1.1)
    .L.str.2                                 0x080040be   Data          38  time.o(.rodata.str1.1)
    .L.str                                   0x080040e4   Data           7  retarget_io.o(.rodata.str1.1)
    [Anonymous Symbol]                       0x080040e4   Section        0  retarget_io.o(.rodata.str1.1)
    .L.str.2                                 0x080040eb   Data           8  retarget_io.o(.rodata.str1.1)
    .L.str.1                                 0x080040f3   Data           8  retarget_io.o(.rodata.str1.1)
    locale$$data                             0x0800411c   Section       28  lc_numeric_c.o(locale$$data)
    __lcnum_c_name                           0x08004120   Data           2  lc_numeric_c.o(locale$$data)
    __lcnum_c_start                          0x08004128   Data           0  lc_numeric_c.o(locale$$data)
    __lcnum_c_point                          0x08004134   Data           0  lc_numeric_c.o(locale$$data)
    __lcnum_c_thousands                      0x08004136   Data           0  lc_numeric_c.o(locale$$data)
    __lcnum_c_grouping                       0x08004137   Data           0  lc_numeric_c.o(locale$$data)
    __lcnum_c_end                            0x08004138   Data           0  lc_numeric_c.o(locale$$data)
    locale$$data                             0x08004138   Section      272  lc_ctype_c.o(locale$$data)
    __lcctype_c_name                         0x0800413c   Data           2  lc_ctype_c.o(locale$$data)
    __lcctype_c_start                        0x08004144   Data           0  lc_ctype_c.o(locale$$data)
    __lcctype_c_end                          0x08004248   Data           0  lc_ctype_c.o(locale$$data)
    .data                                    0x20000000   Section        4  stdio_streams.o(.data)
    .data                                    0x20000004   Section        4  stdio_streams.o(.data)
    .data                                    0x20000008   Section        4  stdio_streams.o(.data)
    .bss                                     0x20000010   Section       84  stdio_streams.o(.bss)
    .bss                                     0x20000064   Section       84  stdio_streams.o(.bss)
    .bss                                     0x200000b8   Section       84  stdio_streams.o(.bss)
    .bss                                     0x2000010c   Section       96  libspace.o(.bss)
    DISP_Update.DISP_NORMAL_counter          0x2000016c   Data           4  display.o(.bss.DISP_Update.DISP_NORMAL_counter)
    [Anonymous Symbol]                       0x2000016c   Section        0  display.o(.bss.DISP_Update.DISP_NORMAL_counter)
    DISP_Update.DISP_counter                 0x20000170   Data           4  display.o(.bss.DISP_Update.DISP_counter)
    [Anonymous Symbol]                       0x20000170   Section        0  display.o(.bss.DISP_Update.DISP_counter)
    DISP_Update.Old_Hours                    0x20000174   Data           1  display.o(.bss.DISP_Update.Old_Hours)
    [Anonymous Symbol]                       0x20000174   Section        0  display.o(.bss.DISP_Update.Old_Hours)
    DISP_Update.Old_Minutes                  0x20000175   Data           1  display.o(.bss.DISP_Update.Old_Minutes)
    [Anonymous Symbol]                       0x20000175   Section        0  display.o(.bss.DISP_Update.Old_Minutes)
    DISP_Update.TIM_Time                     0x20000176   Data           3  display.o(.bss.DISP_Update.TIM_Time)
    [Anonymous Symbol]                       0x20000176   Section        0  display.o(.bss.DISP_Update.TIM_Time)
    SW_Update.SW_counter                     0x2000017c   Data           4  sw.o(.bss.SW_Update.SW_counter)
    [Anonymous Symbol]                       0x2000017c   Section        0  sw.o(.bss.SW_Update.SW_counter)
    SWs_Info                                 0x20000180   Data           9  sw.o(.bss.SWs_Info)
    [Anonymous Symbol]                       0x20000180   Section        0  sw.o(.bss.SWs_Info)
    TIM_CurrentTime                          0x20000189   Data           3  time.o(.bss.TIM_CurrentTime)
    [Anonymous Symbol]                       0x20000189   Section        0  time.o(.bss.TIM_CurrentTime)
    TIM_State                                0x2000018c   Data           1  time.o(.bss.TIM_State)
    [Anonymous Symbol]                       0x2000018c   Section        0  time.o(.bss.TIM_State)
    TIM_Update.TIM_counter                   0x20000190   Data           4  time.o(.bss.TIM_Update.TIM_counter)
    [Anonymous Symbol]                       0x20000190   Section        0  time.o(.bss.TIM_Update.TIM_counter)
    TIM_Update.TIM_seconds_counter           0x20000194   Data           4  time.o(.bss.TIM_Update.TIM_seconds_counter)
    [Anonymous Symbol]                       0x20000194   Section        0  time.o(.bss.TIM_Update.TIM_seconds_counter)
    time                                     0x200001a8   Data           9  display.o(.bss.time)
    [Anonymous Symbol]                       0x200001a8   Section        0  display.o(.bss.time)
    Heap_Mem                                 0x200001b8   Data         512  startup_stm32f411xe.o(HEAP)
    HEAP                                     0x200001b8   Section      512  startup_stm32f411xe.o(HEAP)
    Stack_Mem                                0x200003b8   Data        1024  startup_stm32f411xe.o(STACK)
    STACK                                    0x200003b8   Section     1024  startup_stm32f411xe.o(STACK)
    __initial_sp                             0x200007b8   Data           0  startup_stm32f411xe.o(STACK)

    Global Symbols

    Symbol Name                              Value     Ov Type        Size  Object(Section)

    BuildAttributes$$THM_ISAv4$E$P$D$K$B$S$7EM$VFPi3$EXTD16$VFPS$VFMA$PE$A:L22UL41UL21$X:L11$S22US41US21$IEEE1$IW$~IW$USESV6$~STKCKD$USESV7$~SHL$OTIME$ROPI$IEEEJ$EBA8$UX$STANDARDLIB$REQ8$PRES8$EABIv2 0x00000000   Number         0  anon$$obj.o ABSOLUTE
    _printf_flags                            0x00000000   Number         0  printf_stubs.o ABSOLUTE
    _printf_return_value                     0x00000000   Number         0  printf_stubs.o ABSOLUTE
    _printf_sizespec                         0x00000000   Number         0  printf_stubs.o ABSOLUTE
    _printf_widthprec                        0x00000000   Number         0  printf_stubs.o ABSOLUTE
    __ARM_exceptions_init                     - Undefined Weak Reference
    __alloca_initialize                       - Undefined Weak Reference
    __arm_preinit_                            - Undefined Weak Reference
    __cpp_initialize__aeabi_                  - Undefined Weak Reference
    __cxa_finalize                            - Undefined Weak Reference
    __sigvec_lookup                           - Undefined Weak Reference
    __user_heap_extent                        - Undefined Weak Reference
    _atexit_init                              - Undefined Weak Reference
    _call_atexit_fns                          - Undefined Weak Reference
    _clock_init                               - Undefined Weak Reference
    _fp_trap_init                             - Undefined Weak Reference
    _fp_trap_shutdown                         - Undefined Weak Reference
    _get_lc_collate                           - Undefined Weak Reference
    _get_lc_monetary                          - Undefined Weak Reference
    _get_lc_time                              - Undefined Weak Reference
    _getenv_init                              - Undefined Weak Reference
    _handle_redirection                       - Undefined Weak Reference
    _mutex_acquire                            - Undefined Weak Reference
    _mutex_free                               - Undefined Weak Reference
    _mutex_release                            - Undefined Weak Reference
    _printf_mbtowc                            - Undefined Weak Reference
    _printf_wc                                - Undefined Weak Reference
    _rand_init                                - Undefined Weak Reference
    _signal_finish                            - Undefined Weak Reference
    _signal_init                              - Undefined Weak Reference
    __Vectors_Size                           0x00000198   Number         0  startup_stm32f411xe.o ABSOLUTE
    __Vectors                                0x08000000   Data           4  startup_stm32f411xe.o(RESET)
    __Vectors_End                            0x08000198   Data           0  startup_stm32f411xe.o(RESET)
    __main                                   0x08000199   Thumb Code     8  __main.o(!!!main)
    __scatterload                            0x080001a1   Thumb Code     0  __scatter.o(!!!scatter)
    __scatterload_rt2                        0x080001a1   Thumb Code    44  __scatter.o(!!!scatter)
    __scatterload_rt2_thumb_only             0x080001a1   Thumb Code     0  __scatter.o(!!!scatter)
    __scatterload_null                       0x080001af   Thumb Code     0  __scatter.o(!!!scatter)
    __scatterload_copy                       0x080001d5   Thumb Code    26  __scatter_copy.o(!!handler_copy)
    __scatterload_zeroinit                   0x080001f1   Thumb Code    28  __scatter_zi.o(!!handler_zi)
    _printf_n                                0x0800020d   Thumb Code     0  _printf_n.o(.ARM.Collect$$_printf_percent$$00000001)
    _printf_percent                          0x0800020d   Thumb Code     0  _printf_percent.o(.ARM.Collect$$_printf_percent$$00000000)
    _printf_p                                0x08000213   Thumb Code     0  _printf_p.o(.ARM.Collect$$_printf_percent$$00000002)
    _printf_f                                0x08000219   Thumb Code     0  _printf_f.o(.ARM.Collect$$_printf_percent$$00000003)
    _printf_e                                0x0800021f   Thumb Code     0  _printf_e.o(.ARM.Collect$$_printf_percent$$00000004)
    _printf_g                                0x08000225   Thumb Code     0  _printf_g.o(.ARM.Collect$$_printf_percent$$00000005)
    _printf_a                                0x0800022b   Thumb Code     0  _printf_a.o(.ARM.Collect$$_printf_percent$$00000006)
    _printf_ll                               0x08000231   Thumb Code     0  _printf_ll.o(.ARM.Collect$$_printf_percent$$00000007)
    _printf_i                                0x0800023b   Thumb Code     0  _printf_i.o(.ARM.Collect$$_printf_percent$$00000008)
    _printf_d                                0x08000241   Thumb Code     0  _printf_d.o(.ARM.Collect$$_printf_percent$$00000009)
    _printf_u                                0x08000247   Thumb Code     0  _printf_u.o(.ARM.Collect$$_printf_percent$$0000000A)
    _printf_o                                0x0800024d   Thumb Code     0  _printf_o.o(.ARM.Collect$$_printf_percent$$0000000B)
    _printf_x                                0x08000253   Thumb Code     0  _printf_x.o(.ARM.Collect$$_printf_percent$$0000000C)
    _printf_lli                              0x08000259   Thumb Code     0  _printf_lli.o(.ARM.Collect$$_printf_percent$$0000000D)
    _printf_lld                              0x0800025f   Thumb Code     0  _printf_lld.o(.ARM.Collect$$_printf_percent$$0000000E)
    _printf_llu                              0x08000265   Thumb Code     0  _printf_llu.o(.ARM.Collect$$_printf_percent$$0000000F)
    _printf_llo                              0x0800026b   Thumb Code     0  _printf_llo.o(.ARM.Collect$$_printf_percent$$00000010)
    _printf_llx                              0x08000271   Thumb Code     0  _printf_llx.o(.ARM.Collect$$_printf_percent$$00000011)
    _printf_l                                0x08000277   Thumb Code     0  _printf_l.o(.ARM.Collect$$_printf_percent$$00000012)
    _printf_c                                0x08000281   Thumb Code     0  _printf_c.o(.ARM.Collect$$_printf_percent$$00000013)
    _printf_s                                0x08000287   Thumb Code     0  _printf_s.o(.ARM.Collect$$_printf_percent$$00000014)
    _printf_lc                               0x0800028d   Thumb Code     0  _printf_lc.o(.ARM.Collect$$_printf_percent$$00000015)
    _printf_ls                               0x08000293   Thumb Code     0  _printf_ls.o(.ARM.Collect$$_printf_percent$$00000016)
    _printf_percent_end                      0x08000299   Thumb Code     0  _printf_percent_end.o(.ARM.Collect$$_printf_percent$$00000017)
    __rt_lib_init                            0x0800029d   Thumb Code     0  libinit.o(.ARM.Collect$$libinit$$00000000)
    __rt_lib_init_fp_1                       0x0800029f   Thumb Code     0  libinit2.o(.ARM.Collect$$libinit$$00000001)
    __rt_lib_init_heap_2                     0x080002a3   Thumb Code     0  libinit2.o(.ARM.Collect$$libinit$$00000005)
    __rt_lib_init_preinit_1                  0x080002a3   Thumb Code     0  libinit2.o(.ARM.Collect$$libinit$$00000004)
    __rt_lib_init_heap_1                     0x080002ab   Thumb Code     0  libinit2.o(.ARM.Collect$$libinit$$0000000A)
    __rt_lib_init_lc_common                  0x080002ab   Thumb Code     0  libinit2.o(.ARM.Collect$$libinit$$0000000F)
    __rt_lib_init_rand_1                     0x080002ab   Thumb Code     0  libinit2.o(.ARM.Collect$$libinit$$0000000E)
    __rt_lib_init_user_alloc_1               0x080002ab   Thumb Code     0  libinit2.o(.ARM.Collect$$libinit$$0000000C)
    __rt_lib_init_lc_collate_1               0x080002b1   Thumb Code     0  libinit2.o(.ARM.Collect$$libinit$$00000011)
    __rt_lib_init_lc_ctype_2                 0x080002b1   Thumb Code     0  libinit2.o(.ARM.Collect$$libinit$$00000012)
    __rt_lib_init_lc_ctype_1                 0x080002bd   Thumb Code     0  libinit2.o(.ARM.Collect$$libinit$$00000013)
    __rt_lib_init_lc_monetary_1              0x080002bd   Thumb Code     0  libinit2.o(.ARM.Collect$$libinit$$00000015)
    __rt_lib_init_lc_numeric_2               0x080002bd   Thumb Code     0  libinit2.o(.ARM.Collect$$libinit$$00000016)
    __rt_lib_init_atexit_1                   0x080002c7   Thumb Code     0  libinit2.o(.ARM.Collect$$libinit$$0000001B)
    __rt_lib_init_clock_1                    0x080002c7   Thumb Code     0  libinit2.o(.ARM.Collect$$libinit$$00000021)
    __rt_lib_init_fp_trap_1                  0x080002c7   Thumb Code     0  libinit2.o(.ARM.Collect$$libinit$$0000001F)
    __rt_lib_init_getenv_1                   0x080002c7   Thumb Code     0  libinit2.o(.ARM.Collect$$libinit$$00000023)
    __rt_lib_init_lc_numeric_1               0x080002c7   Thumb Code     0  libinit2.o(.ARM.Collect$$libinit$$00000017)
    __rt_lib_init_lc_time_1                  0x080002c7   Thumb Code     0  libinit2.o(.ARM.Collect$$libinit$$00000019)
    __rt_lib_init_signal_1                   0x080002c7   Thumb Code     0  libinit2.o(.ARM.Collect$$libinit$$0000001D)
    __rt_lib_init_stdio_2                    0x080002c7   Thumb Code     0  libinit2.o(.ARM.Collect$$libinit$$00000024)
    __rt_lib_init_argv_1                     0x080002cb   Thumb Code     0  libinit2.o(.ARM.Collect$$libinit$$00000026)
    __rt_lib_init_stdio_1                    0x080002cb   Thumb Code     0  libinit2.o(.ARM.Collect$$libinit$$00000025)
    __rt_lib_init_alloca_1                   0x080002d3   Thumb Code     0  libinit2.o(.ARM.Collect$$libinit$$0000002E)
    __rt_lib_init_cpp_1                      0x080002d3   Thumb Code     0  libinit2.o(.ARM.Collect$$libinit$$00000032)
    __rt_lib_init_exceptions_1               0x080002d3   Thumb Code     0  libinit2.o(.ARM.Collect$$libinit$$00000030)
    __rt_lib_init_return                     0x080002d3   Thumb Code     0  libinit2.o(.ARM.Collect$$libinit$$00000033)
    __rt_lib_shutdown                        0x080002d5   Thumb Code     0  libshutdown.o(.ARM.Collect$$libshutdown$$00000000)
    __rt_lib_shutdown_cpp_1                  0x080002d7   Thumb Code     0  libshutdown2.o(.ARM.Collect$$libshutdown$$00000002)
    __rt_lib_shutdown_stdio_2                0x080002d7   Thumb Code     0  libshutdown2.o(.ARM.Collect$$libshutdown$$00000003)
    __rt_lib_shutdown_fp_trap_1              0x080002db   Thumb Code     0  libshutdown2.o(.ARM.Collect$$libshutdown$$00000007)
    __rt_lib_shutdown_heap_1                 0x080002db   Thumb Code     0  libshutdown2.o(.ARM.Collect$$libshutdown$$0000000F)
    __rt_lib_shutdown_return                 0x080002db   Thumb Code     0  libshutdown2.o(.ARM.Collect$$libshutdown$$00000010)
    __rt_lib_shutdown_signal_1               0x080002db   Thumb Code     0  libshutdown2.o(.ARM.Collect$$libshutdown$$0000000A)
    __rt_lib_shutdown_stdio_1                0x080002db   Thumb Code     0  libshutdown2.o(.ARM.Collect$$libshutdown$$00000004)
    __rt_lib_shutdown_user_alloc_1           0x080002db   Thumb Code     0  libshutdown2.o(.ARM.Collect$$libshutdown$$0000000C)
    __rt_entry                               0x080002dd   Thumb Code     0  __rtentry.o(.ARM.Collect$$rtentry$$00000000)
    __rt_entry_presh_1                       0x080002dd   Thumb Code     0  __rtentry2.o(.ARM.Collect$$rtentry$$00000002)
    __rt_entry_sh                            0x080002dd   Thumb Code     0  __rtentry4.o(.ARM.Collect$$rtentry$$00000004)
    __rt_entry_li                            0x080002e3   Thumb Code     0  __rtentry2.o(.ARM.Collect$$rtentry$$0000000A)
    __rt_entry_postsh_1                      0x080002e3   Thumb Code     0  __rtentry2.o(.ARM.Collect$$rtentry$$00000009)
    __rt_entry_main                          0x080002e7   Thumb Code     0  __rtentry2.o(.ARM.Collect$$rtentry$$0000000D)
    __rt_entry_postli_1                      0x080002e7   Thumb Code     0  __rtentry2.o(.ARM.Collect$$rtentry$$0000000C)
    __rt_exit                                0x080002ef   Thumb Code     0  rtexit.o(.ARM.Collect$$rtexit$$00000000)
    __rt_exit_ls                             0x080002f1   Thumb Code     0  rtexit2.o(.ARM.Collect$$rtexit$$00000003)
    __rt_exit_prels_1                        0x080002f1   Thumb Code     0  rtexit2.o(.ARM.Collect$$rtexit$$00000002)
    __rt_exit_exit                           0x080002f5   Thumb Code     0  rtexit2.o(.ARM.Collect$$rtexit$$00000004)
    __ARM_argv_veneer                        0x080002fd   Thumb Code     4  argv_veneer.o(.emb_text)
    Reset_Handler                            0x08000301   Thumb Code     8  startup_stm32f411xe.o(.text)
    NMI_Handler                              0x08000309   Thumb Code     2  startup_stm32f411xe.o(.text)
    HardFault_Handler                        0x0800030b   Thumb Code     2  startup_stm32f411xe.o(.text)
    MemManage_Handler                        0x0800030d   Thumb Code     2  startup_stm32f411xe.o(.text)
    BusFault_Handler                         0x0800030f   Thumb Code     2  startup_stm32f411xe.o(.text)
    UsageFault_Handler                       0x08000311   Thumb Code     2  startup_stm32f411xe.o(.text)
    SVC_Handler                              0x08000313   Thumb Code     2  startup_stm32f411xe.o(.text)
    DebugMon_Handler                         0x08000315   Thumb Code     2  startup_stm32f411xe.o(.text)
    PendSV_Handler                           0x08000317   Thumb Code     2  startup_stm32f411xe.o(.text)
    ADC_IRQHandler                           0x0800031b   Thumb Code     0  startup_stm32f411xe.o(.text)
    DMA1_Stream0_IRQHandler                  0x0800031b   Thumb Code     0  startup_stm32f411xe.o(.text)
    DMA1_Stream1_IRQHandler                  0x0800031b   Thumb Code     0  startup_stm32f411xe.o(.text)
    DMA1_Stream2_IRQHandler                  0x0800031b   Thumb Code     0  startup_stm32f411xe.o(.text)
    DMA1_Stream3_IRQHandler                  0x0800031b   Thumb Code     0  startup_stm32f411xe.o(.text)
    DMA1_Stream4_IRQHandler                  0x0800031b   Thumb Code     0  startup_stm32f411xe.o(.text)
    DMA1_Stream5_IRQHandler                  0x0800031b   Thumb Code     0  startup_stm32f411xe.o(.text)
    DMA1_Stream6_IRQHandler                  0x0800031b   Thumb Code     0  startup_stm32f411xe.o(.text)
    DMA1_Stream7_IRQHandler                  0x0800031b   Thumb Code     0  startup_stm32f411xe.o(.text)
    DMA2_Stream0_IRQHandler                  0x0800031b   Thumb Code     0  startup_stm32f411xe.o(.text)
    DMA2_Stream1_IRQHandler                  0x0800031b   Thumb Code     0  startup_stm32f411xe.o(.text)
    DMA2_Stream2_IRQHandler                  0x0800031b   Thumb Code     0  startup_stm32f411xe.o(.text)
    DMA2_Stream3_IRQHandler                  0x0800031b   Thumb Code     0  startup_stm32f411xe.o(.text)
    DMA2_Stream4_IRQHandler                  0x0800031b   Thumb Code     0  startup_stm32f411xe.o(.text)
    DMA2_Stream5_IRQHandler                  0x0800031b   Thumb Code     0  startup_stm32f411xe.o(.text)
    DMA2_Stream6_IRQHandler                  0x0800031b   Thumb Code     0  startup_stm32f411xe.o(.text)
    DMA2_Stream7_IRQHandler                  0x0800031b   Thumb Code     0  startup_stm32f411xe.o(.text)
    EXTI0_IRQHandler                         0x0800031b   Thumb Code     0  startup_stm32f411xe.o(.text)
    EXTI15_10_IRQHandler                     0x0800031b   Thumb Code     0  startup_stm32f411xe.o(.text)
    EXTI1_IRQHandler                         0x0800031b   Thumb Code     0  startup_stm32f411xe.o(.text)
    EXTI2_IRQHandler                         0x0800031b   Thumb Code     0  startup_stm32f411xe.o(.text)
    EXTI3_IRQHandler                         0x0800031b   Thumb Code     0  startup_stm32f411xe.o(.text)
    EXTI4_IRQHandler                         0x0800031b   Thumb Code     0  startup_stm32f411xe.o(.text)
    EXTI9_5_IRQHandler                       0x0800031b   Thumb Code     0  startup_stm32f411xe.o(.text)
    FLASH_IRQHandler                         0x0800031b   Thumb Code     0  startup_stm32f411xe.o(.text)
    FPU_IRQHandler                           0x0800031b   Thumb Code     0  startup_stm32f411xe.o(.text)
    I2C1_ER_IRQHandler                       0x0800031b   Thumb Code     0  startup_stm32f411xe.o(.text)
    I2C1_EV_IRQHandler                       0x0800031b   Thumb Code     0  startup_stm32f411xe.o(.text)
    I2C2_ER_IRQHandler                       0x0800031b   Thumb Code     0  startup_stm32f411xe.o(.text)
    I2C2_EV_IRQHandler                       0x0800031b   Thumb Code     0  startup_stm32f411xe.o(.text)
    I2C3_ER_IRQHandler                       0x0800031b   Thumb Code     0  startup_stm32f411xe.o(.text)
    I2C3_EV_IRQHandler                       0x0800031b   Thumb Code     0  startup_stm32f411xe.o(.text)
    OTG_FS_IRQHandler                        0x0800031b   Thumb Code     0  startup_stm32f411xe.o(.text)
    OTG_FS_WKUP_IRQHandler                   0x0800031b   Thumb Code     0  startup_stm32f411xe.o(.text)
    PVD_IRQHandler                           0x0800031b   Thumb Code     0  startup_stm32f411xe.o(.text)
    RCC_IRQHandler                           0x0800031b   Thumb Code     0  startup_stm32f411xe.o(.text)
    RTC_Alarm_IRQHandler                     0x0800031b   Thumb Code     0  startup_stm32f411xe.o(.text)
    RTC_WKUP_IRQHandler                      0x0800031b   Thumb Code     0  startup_stm32f411xe.o(.text)
    SDIO_IRQHandler                          0x0800031b   Thumb Code     0  startup_stm32f411xe.o(.text)
    SPI1_IRQHandler                          0x0800031b   Thumb Code     0  startup_stm32f411xe.o(.text)
    SPI2_IRQHandler                          0x0800031b   Thumb Code     0  startup_stm32f411xe.o(.text)
    SPI3_IRQHandler                          0x0800031b   Thumb Code     0  startup_stm32f411xe.o(.text)
    SPI4_IRQHandler                          0x0800031b   Thumb Code     0  startup_stm32f411xe.o(.text)
    SPI5_IRQHandler                          0x0800031b   Thumb Code     0  startup_stm32f411xe.o(.text)
    TAMP_STAMP_IRQHandler                    0x0800031b   Thumb Code     0  startup_stm32f411xe.o(.text)
    TIM1_BRK_TIM9_IRQHandler                 0x0800031b   Thumb Code     0  startup_stm32f411xe.o(.text)
    TIM1_CC_IRQHandler                       0x0800031b   Thumb Code     0  startup_stm32f411xe.o(.text)
    TIM1_TRG_COM_TIM11_IRQHandler            0x0800031b   Thumb Code     0  startup_stm32f411xe.o(.text)
    TIM1_UP_TIM10_IRQHandler                 0x0800031b   Thumb Code     0  startup_stm32f411xe.o(.text)
    TIM2_IRQHandler                          0x0800031b   Thumb Code     0  startup_stm32f411xe.o(.text)
    TIM3_IRQHandler                          0x0800031b   Thumb Code     0  startup_stm32f411xe.o(.text)
    TIM4_IRQHandler                          0x0800031b   Thumb Code     0  startup_stm32f411xe.o(.text)
    TIM5_IRQHandler                          0x0800031b   Thumb Code     0  startup_stm32f411xe.o(.text)
    USART1_IRQHandler                        0x0800031b   Thumb Code     0  startup_stm32f411xe.o(.text)
    USART2_IRQHandler                        0x0800031b   Thumb Code     0  startup_stm32f411xe.o(.text)
    USART6_IRQHandler                        0x0800031b   Thumb Code     0  startup_stm32f411xe.o(.text)
    WWDG_IRQHandler                          0x0800031b   Thumb Code     0  startup_stm32f411xe.o(.text)
    __user_initial_stackheap                 0x0800031d   Thumb Code     0  startup_stm32f411xe.o(.text)
    __aeabi_uldivmod                         0x08000341   Thumb Code     0  lludivv7m.o(.text)
    _ll_udiv                                 0x08000341   Thumb Code   240  lludivv7m.o(.text)
    printf                                   0x08000431   Thumb Code    20  printf.o(.text)
    strcmp                                   0x08000449   Thumb Code   124  strcmpv7em.o(.text)
    __use_two_region_memory                  0x080004c5   Thumb Code     2  heapauxi.o(.text)
    __rt_heap_escrow                         0x080004c7   Thumb Code     2  heapauxi.o(.text)
    __rt_heap_expand                         0x080004c9   Thumb Code     2  heapauxi.o(.text)
    _printf_pre_padding                      0x080004cb   Thumb Code    44  _printf_pad.o(.text)
    _printf_post_padding                     0x080004f7   Thumb Code    34  _printf_pad.o(.text)
    _printf_truncate_signed                  0x08000519   Thumb Code    18  _printf_truncate.o(.text)
    _printf_truncate_unsigned                0x0800052b   Thumb Code    18  _printf_truncate.o(.text)
    _printf_str                              0x0800053d   Thumb Code    82  _printf_str.o(.text)
    _printf_int_dec                          0x08000591   Thumb Code   104  _printf_dec.o(.text)
    _printf_charcount                        0x08000609   Thumb Code    40  _printf_charcount.o(.text)
    _printf_char_file                        0x08000631   Thumb Code    32  _printf_char_file.o(.text)
    _printf_wctomb                           0x08000655   Thumb Code   182  _printf_wctomb.o(.text)
    _printf_longlong_dec                     0x08000711   Thumb Code   108  _printf_longlong_dec.o(.text)
    _printf_longlong_oct                     0x0800078d   Thumb Code    68  _printf_oct_int_ll.o(.text)
    _printf_int_oct                          0x080007d1   Thumb Code    24  _printf_oct_int_ll.o(.text)
    _printf_ll_oct                           0x080007e9   Thumb Code    12  _printf_oct_int_ll.o(.text)
    _printf_longlong_hex                     0x080007fd   Thumb Code    86  _printf_hex_int_ll_ptr.o(.text)
    _printf_int_hex                          0x08000853   Thumb Code    28  _printf_hex_int_ll_ptr.o(.text)
    _printf_ll_hex                           0x0800086f   Thumb Code    12  _printf_hex_int_ll_ptr.o(.text)
    _printf_hex_ptr                          0x0800087b   Thumb Code    18  _printf_hex_int_ll_ptr.o(.text)
    __printf                                 0x08000891   Thumb Code   388  __printf_flags_ss_wp.o(.text)
    _ll_udiv10                               0x08000a19   Thumb Code   138  lludiv10.o(.text)
    _printf_int_common                       0x08000aa3   Thumb Code   178  _printf_intcommon.o(.text)
    _printf_fp_dec_real                      0x08000d05   Thumb Code   620  _printf_fp_dec.o(.text)
    _printf_fp_hex_real                      0x08000f71   Thumb Code   756  _printf_fp_hex.o(.text)
    _printf_char_common                      0x08001277   Thumb Code    32  _printf_char_common.o(.text)
    _printf_cs_common                        0x0800129d   Thumb Code    20  _printf_char.o(.text)
    _printf_char                             0x080012b1   Thumb Code    16  _printf_char.o(.text)
    _printf_string                           0x080012c1   Thumb Code     8  _printf_char.o(.text)
    _printf_lcs_common                       0x080012c9   Thumb Code    20  _printf_wchar.o(.text)
    _printf_wchar                            0x080012dd   Thumb Code    16  _printf_wchar.o(.text)
    _printf_wstring                          0x080012ed   Thumb Code     8  _printf_wchar.o(.text)
    ferror                                   0x080012f5   Thumb Code     8  ferror.o(.text)
    _initio                                  0x080012fd   Thumb Code   210  initio.o(.text)
    _terminateio                             0x080013cf   Thumb Code    56  initio.o(.text)
    _c16rtomb                                0x08001435   Thumb Code    72  _c16rtomb.o(.text)
    _wcrtomb                                 0x08001435   Thumb Code     0  _c16rtomb.o(.text)
    __user_setup_stackheap                   0x0800147d   Thumb Code    74  sys_stackheap_outer.o(.text)
    __rt_ctype_table                         0x080014c9   Thumb Code    16  rt_ctype_table.o(.text)
    __rt_locale                              0x080014d9   Thumb Code     8  rt_locale_intlibspace.o(.text)
    free                                     0x080014e1   Thumb Code    78  h1_free.o(.text)
    _printf_fp_infnan                        0x08001531   Thumb Code   112  _printf_fp_infnan.o(.text)
    _btod_etento                             0x080015b1   Thumb Code   224  bigflt0.o(.text)
    __flsbuf                                 0x08001695   Thumb Code   470  flsbuf.o(.text)
    __flsbuf_byte                            0x08001695   Thumb Code     0  flsbuf.o(.text)
    __flsbuf_wide                            0x08001695   Thumb Code     0  flsbuf.o(.text)
    setvbuf                                  0x0800186b   Thumb Code    70  setvbuf.o(.text)
    freopen                                  0x080018b1   Thumb Code   160  fopen.o(.text)
    fopen                                    0x08001951   Thumb Code    74  fopen.o(.text)
    _fclose_internal                         0x080019a1   Thumb Code    76  fclose.o(.text)
    fclose                                   0x080019a1   Thumb Code     0  fclose.o(.text)
    exit                                     0x080019ed   Thumb Code    18  exit.o(.text)
    __rt_SIGRTRED                            0x080019ff   Thumb Code    14  defsig_rtred_outer.o(.text)
    __aeabi_memclr4                          0x08001a0d   Thumb Code     0  rt_memclr_w.o(.text)
    __aeabi_memclr8                          0x08001a0d   Thumb Code     0  rt_memclr_w.o(.text)
    __rt_memclr_w                            0x08001a0d   Thumb Code    78  rt_memclr_w.o(.text)
    _memset_w                                0x08001a11   Thumb Code     0  rt_memclr_w.o(.text)
    __user_libspace                          0x08001a5d   Thumb Code     8  libspace.o(.text)
    __user_perproc_libspace                  0x08001a5d   Thumb Code     0  libspace.o(.text)
    __user_perthread_libspace                0x08001a5d   Thumb Code     0  libspace.o(.text)
    __rt_heap_descriptor                     0x08001a65   Thumb Code     8  rt_heap_descriptor_intlibspace.o(.text)
    __use_no_heap                            0x08001a6d   Thumb Code     2  hguard.o(.text)
    __heap$guard                             0x08001a6f   Thumb Code     2  hguard.o(.text)
    _terminate_user_alloc                    0x08001a71   Thumb Code     2  init_alloc.o(.text)
    _init_user_alloc                         0x08001a73   Thumb Code     2  init_alloc.o(.text)
    __Heap_Full                              0x08001a75   Thumb Code    34  init_alloc.o(.text)
    __Heap_Broken                            0x08001a97   Thumb Code     6  init_alloc.o(.text)
    _init_alloc                              0x08001a9d   Thumb Code    94  init_alloc.o(.text)
    malloc                                   0x08001afb   Thumb Code    94  h1_alloc.o(.text)
    _fseek                                   0x08001b59   Thumb Code   242  fseek.o(.text)
    fseek                                    0x08001b59   Thumb Code     0  fseek.o(.text)
    _seterr                                  0x08001c51   Thumb Code    20  stdio.o(.text)
    _writebuf                                0x08001c65   Thumb Code    84  stdio.o(.text)
    _fflush                                  0x08001cb9   Thumb Code    70  stdio.o(.text)
    _deferredlazyseek                        0x08001cff   Thumb Code    60  stdio.o(.text)
    __sig_exit                               0x08001d41   Thumb Code    10  defsig_exit.o(.text)
    __rt_SIGRTRED_inner                      0x08001d4d   Thumb Code    14  defsig_rtred_inner.o(.text)
    _sys_exit                                0x08001d81   Thumb Code     8  sys_exit.o(.text)
    __Heap_Initialize                        0x08001d8d   Thumb Code    10  h1_init.o(.text)
    _maybe_terminate_alloc                   0x08001d8d   Thumb Code     0  maybetermalloc1.o(.text)
    __Heap_DescSize                          0x08001d97   Thumb Code     4  h1_init.o(.text)
    __Heap_ProvideMemory                     0x08001d9b   Thumb Code    52  h1_extend.o(.text)
    _ftell_internal                          0x08001dcf   Thumb Code    66  ftell.o(.text)
    ftell                                    0x08001dcf   Thumb Code     0  ftell.o(.text)
    __default_signal_display                 0x08001e11   Thumb Code    50  defsig_general.o(.text)
    __rt_SIGRTMEM                            0x08001e43   Thumb Code    14  defsig_rtmem_outer.o(.text)
    __ARM_get_argv                           0x08001e51   Thumb Code   264  _get_argv.o(.text)
    _ttywrch                                 0x08001f59   Thumb Code    14  sys_wrch.o(.text)
    _sys_command_string                      0x08001f67   Thumb Code    24  sys_command.o(.text)
    __I$use$semihosting                      0x08001f7f   Thumb Code     0  use_no_semi.o(.text)
    __use_no_semihosting_swi                 0x08001f7f   Thumb Code     2  use_no_semi.o(.text)
    __aeabi_errno_addr                       0x08001f81   Thumb Code     8  rt_errno_addr_intlibspace.o(.text)
    __errno$intlibspace                      0x08001f81   Thumb Code     0  rt_errno_addr_intlibspace.o(.text)
    __rt_errno_addr$intlibspace              0x08001f81   Thumb Code     0  rt_errno_addr_intlibspace.o(.text)
    __semihosting_library_function           0x08001f81   Thumb Code     0  indicate_semi.o(.text)
    __use_no_heap_region                     0x08001f89   Thumb Code     2  hrguard.o(.text)
    __heap_region$guard                      0x08001f8b   Thumb Code     2  hrguard.o(.text)
    __rt_SIGRTMEM_inner                      0x08001f8d   Thumb Code    22  defsig_rtmem_inner.o(.text)
    DISP_Display_Time                        0x08001fdd   Thumb Code   248  display.o(.text.DISP_Display_Time)
    DISP_Init                                0x080020d5   Thumb Code   160  display.o(.text.DISP_Init)
    DISP_Update                              0x08002175   Thumb Code   258  display.o(.text.DISP_Update)
    ITM_SendChar                             0x08002279   Thumb Code    72  retarget_io.o(.text.ITM_SendChar)
    LL_GPIO_Init                             0x080022c1   Thumb Code   270  stm32f4xx_ll_gpio.o(.text.LL_GPIO_Init)
    LL_RCC_GetSystemClocksFreq               0x080026dd   Thumb Code    54  stm32f4xx_ll_rcc.o(.text.LL_RCC_GetSystemClocksFreq)
    LL_USART_Init                            0x08002769   Thumb Code   214  stm32f4xx_ll_usart.o(.text.LL_USART_Init)
    RCC_GetHCLKClockFreq                     0x08002965   Thumb Code    38  stm32f4xx_ll_rcc.o(.text.RCC_GetHCLKClockFreq)
    RCC_GetPCLK1ClockFreq                    0x0800298d   Thumb Code    36  stm32f4xx_ll_rcc.o(.text.RCC_GetPCLK1ClockFreq)
    RCC_GetPCLK2ClockFreq                    0x080029b1   Thumb Code    36  stm32f4xx_ll_rcc.o(.text.RCC_GetPCLK2ClockFreq)
    RCC_GetSystemClockFreq                   0x080029d5   Thumb Code    90  stm32f4xx_ll_rcc.o(.text.RCC_GetSystemClockFreq)
    RCC_PLL_GetFreqDomain_SYS                0x08002a31   Thumb Code   138  stm32f4xx_ll_rcc.o(.text.RCC_PLL_GetFreqDomain_SYS)
    SW_GetState                              0x08002abd   Thumb Code    32  sw.o(.text.SW_GetState)
    SW_Init                                  0x08002add   Thumb Code   232  sw.o(.text.SW_Init)
    SW_Update                                0x08002bc5   Thumb Code   602  sw.o(.text.SW_Update)
    SysTick_Handler                          0x08002e75   Thumb Code    18  timer.o(.text.SysTick_Handler)
    SystemInit                               0x08002e89   Thumb Code    32  system_stm32f4xx.o(.text.SystemInit)
    TIM_GetState                             0x08002ea9   Thumb Code    12  time.o(.text.TIM_GetState)
    TIM_GetTime                              0x08002eb5   Thumb Code    34  time.o(.text.TIM_GetTime)
    TIM_Init                                 0x08002ed9   Thumb Code    28  time.o(.text.TIM_Init)
    TIM_Update                               0x08002ef5   Thumb Code   700  time.o(.text.TIM_Update)
    TMR_Init                                 0x08003211   Thumb Code    26  timer.o(.text.TMR_Init)
    TMR_Start                                0x0800322d   Thumb Code    18  timer.o(.text.TMR_Start)
    TMR_Stop                                 0x08003241   Thumb Code    18  timer.o(.text.TMR_Stop)
    UART_Init                                0x08003255   Thumb Code   196  uart.o(.text.UART_Init)
    UART_Send                                0x08003319   Thumb Code    40  uart.o(.text.UART_Send)
    UART_Send_String                         0x08003341   Thumb Code    46  uart.o(.text.UART_Send_String)
    _sys_close                               0x080033b5   Thumb Code    74  retarget_io.o(.text._sys_close)
    _sys_flen                                0x08003401   Thumb Code    72  retarget_io.o(.text._sys_flen)
    _sys_istty                               0x08003449   Thumb Code    72  retarget_io.o(.text._sys_istty)
    _sys_open                                0x08003491   Thumb Code   142  retarget_io.o(.text._sys_open)
    _sys_seek                                0x08003521   Thumb Code    82  retarget_io.o(.text._sys_seek)
    _sys_write                               0x08003575   Thumb Code   156  retarget_io.o(.text._sys_write)
    main                                     0x08003611   Thumb Code    50  main.o(.text.main)
    _btod_d2e                                0x08003661   Thumb Code    62  btod.o(CL$$btod_d2e)
    _d2e_denorm_low                          0x0800369f   Thumb Code    70  btod.o(CL$$btod_d2e_denorm_low)
    _d2e_norm_op1                            0x080036e5   Thumb Code    96  btod.o(CL$$btod_d2e_norm_op1)
    __btod_div_common                        0x08003745   Thumb Code   696  btod.o(CL$$btod_div_common)
    _e2e                                     0x08003a7d   Thumb Code   220  btod.o(CL$$btod_e2e)
    _btod_ediv                               0x08003b59   Thumb Code    42  btod.o(CL$$btod_ediv)
    _btod_emul                               0x08003b83   Thumb Code    42  btod.o(CL$$btod_emul)
    __btod_mult_common                       0x08003bad   Thumb Code   580  btod.o(CL$$btod_mult_common)
    __ARM_fpclassify                         0x08003df1   Thumb Code    48  fpclassify.o(i.__ARM_fpclassify)
    _is_digit                                0x08003e21   Thumb Code    14  __printf_wp.o(i._is_digit)
    fputc                                    0x08003e2f   Thumb Code    26  fputc.o(i.fputc)
    _get_lc_numeric                          0x08003e49   Thumb Code    44  lc_numeric_c.o(locale$$code)
    _get_lc_ctype                            0x08003e75   Thumb Code    44  lc_ctype_c.o(locale$$code)
    _fp_init                                 0x08003ea1   Thumb Code    26  fpinit.o(x$fpl$fpinit)
    __fplib_config_fpu_vfp                   0x08003eb9   Thumb Code     0  fpinit.o(x$fpl$fpinit)
    __fplib_config_pureend_doubles           0x08003eb9   Thumb Code     0  fpinit.o(x$fpl$fpinit)
    _printf_fp_dec                           0x08003ebb   Thumb Code     4  printf1.o(x$fpl$printf1)
    _printf_fp_hex                           0x08003ebf   Thumb Code     4  printf2.o(x$fpl$printf2)
    __I$use$fp                               0x08003ec2   Number         0  usenofp.o(x$fpl$usenofp)
    AHBPrescTable                            0x08003fc0   Data          16  system_stm32f4xx.o(.rodata.AHBPrescTable)
    APBPrescTable                            0x08003fd0   Data           8  system_stm32f4xx.o(.rodata.APBPrescTable)
    __stderr_name                            0x08003fd8   Data           8  retarget_io.o(.rodata.__stderr_name)
    __stdin_name                             0x08003fe0   Data           7  retarget_io.o(.rodata.__stdin_name)
    __stdout_name                            0x08003fe7   Data           8  retarget_io.o(.rodata.__stdout_name)
    Region$$Table$$Base                      0x080040fc   Number         0  anon$$obj.o(Region$$Table)
    Region$$Table$$Limit                     0x0800411c   Number         0  anon$$obj.o(Region$$Table)
    __ctype                                  0x08004145   Data           0  lc_ctype_c.o(locale$$data)
    __aeabi_stdin                            0x20000000   Data           4  stdio_streams.o(.data)
    __aeabi_stdout                           0x20000004   Data           4  stdio_streams.o(.data)
    __aeabi_stderr                           0x20000008   Data           4  stdio_streams.o(.data)
    __stdin                                  0x20000010   Data          84  stdio_streams.o(.bss)
    __stdout                                 0x20000064   Data          84  stdio_streams.o(.bss)
    __stderr                                 0x200000b8   Data          84  stdio_streams.o(.bss)
    __libspace_start                         0x2000010c   Data          96  libspace.o(.bss)
    __temporary_stack_top$libspace           0x2000016c   Data           0  libspace.o(.bss)
    minus_sw                                 0x20000198   Data           1  sw.o(.bss.minus_sw)
    plus_sw                                  0x20000199   Data           1  sw.o(.bss.plus_sw)
    second                                   0x2000019c   Data           4  time.o(.bss.second)
    set_sw                                   0x200001a0   Data           1  sw.o(.bss.set_sw)
    tick                                     0x200001a4   Data           4  timer.o(.bss.tick)



==============================================================================

Memory Map of the image

  Image Entry point : 0x08000199

  Load Region LR_IROM1 (Base: 0x08000000, Size: 0x00004258, Max: 0x00080000, ABSOLUTE)

    Execution Region ER_IROM1 (Exec base: 0x08000000, Load base: 0x08000000, Size: 0x00004248, Max: 0x00080000, ABSOLUTE)

    Exec Addr    Load Addr    Size         Type   Attr      Idx    E Section Name        Object

    0x08000000   0x08000000   0x00000198   Data   RO            3    RESET               startup_stm32f411xe.o
    0x08000198   0x08000198   0x00000008   Code   RO          423  * !!!main             c_w.l(__main.o)
    0x080001a0   0x080001a0   0x00000034   Code   RO          942    !!!scatter          c_w.l(__scatter.o)
    0x080001d4   0x080001d4   0x0000001a   Code   RO          944    !!handler_copy      c_w.l(__scatter_copy.o)
    0x080001ee   0x080001ee   0x00000002   PAD
    0x080001f0   0x080001f0   0x0000001c   Code   RO          946    !!handler_zi        c_w.l(__scatter_zi.o)
    0x0800020c   0x0800020c   0x00000000   Code   RO          509    .ARM.Collect$$_printf_percent$$00000000  c_w.l(_printf_percent.o)
    0x0800020c   0x0800020c   0x00000006   Code   RO          498    .ARM.Collect$$_printf_percent$$00000001  c_w.l(_printf_n.o)
    0x08000212   0x08000212   0x00000006   Code   RO          500    .ARM.Collect$$_printf_percent$$00000002  c_w.l(_printf_p.o)
    0x08000218   0x08000218   0x00000006   Code   RO          505    .ARM.Collect$$_printf_percent$$00000003  c_w.l(_printf_f.o)
    0x0800021e   0x0800021e   0x00000006   Code   RO          506    .ARM.Collect$$_printf_percent$$00000004  c_w.l(_printf_e.o)
    0x08000224   0x08000224   0x00000006   Code   RO          507    .ARM.Collect$$_printf_percent$$00000005  c_w.l(_printf_g.o)
    0x0800022a   0x0800022a   0x00000006   Code   RO          508    .ARM.Collect$$_printf_percent$$00000006  c_w.l(_printf_a.o)
    0x08000230   0x08000230   0x0000000a   Code   RO          513    .ARM.Collect$$_printf_percent$$00000007  c_w.l(_printf_ll.o)
    0x0800023a   0x0800023a   0x00000006   Code   RO          502    .ARM.Collect$$_printf_percent$$00000008  c_w.l(_printf_i.o)
    0x08000240   0x08000240   0x00000006   Code   RO          503    .ARM.Collect$$_printf_percent$$00000009  c_w.l(_printf_d.o)
    0x08000246   0x08000246   0x00000006   Code   RO          504    .ARM.Collect$$_printf_percent$$0000000A  c_w.l(_printf_u.o)
    0x0800024c   0x0800024c   0x00000006   Code   RO          501    .ARM.Collect$$_printf_percent$$0000000B  c_w.l(_printf_o.o)
    0x08000252   0x08000252   0x00000006   Code   RO          499    .ARM.Collect$$_printf_percent$$0000000C  c_w.l(_printf_x.o)
    0x08000258   0x08000258   0x00000006   Code   RO          510    .ARM.Collect$$_printf_percent$$0000000D  c_w.l(_printf_lli.o)
    0x0800025e   0x0800025e   0x00000006   Code   RO          511    .ARM.Collect$$_printf_percent$$0000000E  c_w.l(_printf_lld.o)
    0x08000264   0x08000264   0x00000006   Code   RO          512    .ARM.Collect$$_printf_percent$$0000000F  c_w.l(_printf_llu.o)
    0x0800026a   0x0800026a   0x00000006   Code   RO          517    .ARM.Collect$$_printf_percent$$00000010  c_w.l(_printf_llo.o)
    0x08000270   0x08000270   0x00000006   Code   RO          518    .ARM.Collect$$_printf_percent$$00000011  c_w.l(_printf_llx.o)
    0x08000276   0x08000276   0x0000000a   Code   RO          514    .ARM.Collect$$_printf_percent$$00000012  c_w.l(_printf_l.o)
    0x08000280   0x08000280   0x00000006   Code   RO          496    .ARM.Collect$$_printf_percent$$00000013  c_w.l(_printf_c.o)
    0x08000286   0x08000286   0x00000006   Code   RO          497    .ARM.Collect$$_printf_percent$$00000014  c_w.l(_printf_s.o)
    0x0800028c   0x0800028c   0x00000006   Code   RO          515    .ARM.Collect$$_printf_percent$$00000015  c_w.l(_printf_lc.o)
    0x08000292   0x08000292   0x00000006   Code   RO          516    .ARM.Collect$$_printf_percent$$00000016  c_w.l(_printf_ls.o)
    0x08000298   0x08000298   0x00000004   Code   RO          567    .ARM.Collect$$_printf_percent$$00000017  c_w.l(_printf_percent_end.o)
    0x0800029c   0x0800029c   0x00000002   Code   RO          715    .ARM.Collect$$libinit$$00000000  c_w.l(libinit.o)
    0x0800029e   0x0800029e   0x00000004   Code   RO          716    .ARM.Collect$$libinit$$00000001  c_w.l(libinit2.o)
    0x080002a2   0x080002a2   0x00000000   Code   RO          719    .ARM.Collect$$libinit$$00000004  c_w.l(libinit2.o)
    0x080002a2   0x080002a2   0x00000008   Code   RO          720    .ARM.Collect$$libinit$$00000005  c_w.l(libinit2.o)
    0x080002aa   0x080002aa   0x00000000   Code   RO          722    .ARM.Collect$$libinit$$0000000A  c_w.l(libinit2.o)
    0x080002aa   0x080002aa   0x00000000   Code   RO          724    .ARM.Collect$$libinit$$0000000C  c_w.l(libinit2.o)
    0x080002aa   0x080002aa   0x00000000   Code   RO          726    .ARM.Collect$$libinit$$0000000E  c_w.l(libinit2.o)
    0x080002aa   0x080002aa   0x00000006   Code   RO          727    .ARM.Collect$$libinit$$0000000F  c_w.l(libinit2.o)
    0x080002b0   0x080002b0   0x00000000   Code   RO          729    .ARM.Collect$$libinit$$00000011  c_w.l(libinit2.o)
    0x080002b0   0x080002b0   0x0000000c   Code   RO          730    .ARM.Collect$$libinit$$00000012  c_w.l(libinit2.o)
    0x080002bc   0x080002bc   0x00000000   Code   RO          731    .ARM.Collect$$libinit$$00000013  c_w.l(libinit2.o)
    0x080002bc   0x080002bc   0x00000000   Code   RO          733    .ARM.Collect$$libinit$$00000015  c_w.l(libinit2.o)
    0x080002bc   0x080002bc   0x0000000a   Code   RO          734    .ARM.Collect$$libinit$$00000016  c_w.l(libinit2.o)
    0x080002c6   0x080002c6   0x00000000   Code   RO          735    .ARM.Collect$$libinit$$00000017  c_w.l(libinit2.o)
    0x080002c6   0x080002c6   0x00000000   Code   RO          737    .ARM.Collect$$libinit$$00000019  c_w.l(libinit2.o)
    0x080002c6   0x080002c6   0x00000000   Code   RO          739    .ARM.Collect$$libinit$$0000001B  c_w.l(libinit2.o)
    0x080002c6   0x080002c6   0x00000000   Code   RO          741    .ARM.Collect$$libinit$$0000001D  c_w.l(libinit2.o)
    0x080002c6   0x080002c6   0x00000000   Code   RO          743    .ARM.Collect$$libinit$$0000001F  c_w.l(libinit2.o)
    0x080002c6   0x080002c6   0x00000000   Code   RO          745    .ARM.Collect$$libinit$$00000021  c_w.l(libinit2.o)
    0x080002c6   0x080002c6   0x00000000   Code   RO          747    .ARM.Collect$$libinit$$00000023  c_w.l(libinit2.o)
    0x080002c6   0x080002c6   0x00000004   Code   RO          748    .ARM.Collect$$libinit$$00000024  c_w.l(libinit2.o)
    0x080002ca   0x080002ca   0x00000000   Code   RO          749    .ARM.Collect$$libinit$$00000025  c_w.l(libinit2.o)
    0x080002ca   0x080002ca   0x00000008   Code   RO          750    .ARM.Collect$$libinit$$00000026  c_w.l(libinit2.o)
    0x080002d2   0x080002d2   0x00000000   Code   RO          755    .ARM.Collect$$libinit$$0000002E  c_w.l(libinit2.o)
    0x080002d2   0x080002d2   0x00000000   Code   RO          757    .ARM.Collect$$libinit$$00000030  c_w.l(libinit2.o)
    0x080002d2   0x080002d2   0x00000000   Code   RO          759    .ARM.Collect$$libinit$$00000032  c_w.l(libinit2.o)
    0x080002d2   0x080002d2   0x00000002   Code   RO          760    .ARM.Collect$$libinit$$00000033  c_w.l(libinit2.o)
    0x080002d4   0x080002d4   0x00000002   Code   RO          923    .ARM.Collect$$libshutdown$$00000000  c_w.l(libshutdown.o)
    0x080002d6   0x080002d6   0x00000000   Code   RO          762    .ARM.Collect$$libshutdown$$00000002  c_w.l(libshutdown2.o)
    0x080002d6   0x080002d6   0x00000004   Code   RO          763    .ARM.Collect$$libshutdown$$00000003  c_w.l(libshutdown2.o)
    0x080002da   0x080002da   0x00000000   Code   RO          764    .ARM.Collect$$libshutdown$$00000004  c_w.l(libshutdown2.o)
    0x080002da   0x080002da   0x00000000   Code   RO          767    .ARM.Collect$$libshutdown$$00000007  c_w.l(libshutdown2.o)
    0x080002da   0x080002da   0x00000000   Code   RO          770    .ARM.Collect$$libshutdown$$0000000A  c_w.l(libshutdown2.o)
    0x080002da   0x080002da   0x00000000   Code   RO          772    .ARM.Collect$$libshutdown$$0000000C  c_w.l(libshutdown2.o)
    0x080002da   0x080002da   0x00000000   Code   RO          775    .ARM.Collect$$libshutdown$$0000000F  c_w.l(libshutdown2.o)
    0x080002da   0x080002da   0x00000002   Code   RO          776    .ARM.Collect$$libshutdown$$00000010  c_w.l(libshutdown2.o)
    0x080002dc   0x080002dc   0x00000000   Code   RO          425    .ARM.Collect$$rtentry$$00000000  c_w.l(__rtentry.o)
    0x080002dc   0x080002dc   0x00000000   Code   RO          534    .ARM.Collect$$rtentry$$00000002  c_w.l(__rtentry2.o)
    0x080002dc   0x080002dc   0x00000006   Code   RO          546    .ARM.Collect$$rtentry$$00000004  c_w.l(__rtentry4.o)
    0x080002e2   0x080002e2   0x00000000   Code   RO          536    .ARM.Collect$$rtentry$$00000009  c_w.l(__rtentry2.o)
    0x080002e2   0x080002e2   0x00000004   Code   RO          537    .ARM.Collect$$rtentry$$0000000A  c_w.l(__rtentry2.o)
    0x080002e6   0x080002e6   0x00000000   Code   RO          539    .ARM.Collect$$rtentry$$0000000C  c_w.l(__rtentry2.o)
    0x080002e6   0x080002e6   0x00000008   Code   RO          540    .ARM.Collect$$rtentry$$0000000D  c_w.l(__rtentry2.o)
    0x080002ee   0x080002ee   0x00000002   Code   RO          787    .ARM.Collect$$rtexit$$00000000  c_w.l(rtexit.o)
    0x080002f0   0x080002f0   0x00000000   Code   RO          850    .ARM.Collect$$rtexit$$00000002  c_w.l(rtexit2.o)
    0x080002f0   0x080002f0   0x00000004   Code   RO          851    .ARM.Collect$$rtexit$$00000003  c_w.l(rtexit2.o)
    0x080002f4   0x080002f4   0x00000006   Code   RO          852    .ARM.Collect$$rtexit$$00000004  c_w.l(rtexit2.o)
    0x080002fa   0x080002fa   0x00000002   PAD
    0x080002fc   0x080002fc   0x00000004   Code   RO          841    .emb_text           c_w.l(argv_veneer.o)
    0x08000300   0x08000300   0x00000040   Code   RO            4    .text               startup_stm32f411xe.o
    0x08000340   0x08000340   0x000000f0   Code   RO          415    .text               c_w.l(lludivv7m.o)
    0x08000430   0x08000430   0x00000018   Code   RO          417    .text               c_w.l(printf.o)
    0x08000448   0x08000448   0x0000007c   Code   RO          419    .text               c_w.l(strcmpv7em.o)
    0x080004c4   0x080004c4   0x00000006   Code   RO          421    .text               c_w.l(heapauxi.o)
    0x080004ca   0x080004ca   0x0000004e   Code   RO          432    .text               c_w.l(_printf_pad.o)
    0x08000518   0x08000518   0x00000024   Code   RO          434    .text               c_w.l(_printf_truncate.o)
    0x0800053c   0x0800053c   0x00000052   Code   RO          436    .text               c_w.l(_printf_str.o)
    0x0800058e   0x0800058e   0x00000002   PAD
    0x08000590   0x08000590   0x00000078   Code   RO          438    .text               c_w.l(_printf_dec.o)
    0x08000608   0x08000608   0x00000028   Code   RO          440    .text               c_w.l(_printf_charcount.o)
    0x08000630   0x08000630   0x00000024   Code   RO          442    .text               c_w.l(_printf_char_file.o)
    0x08000654   0x08000654   0x000000bc   Code   RO          444    .text               c_w.l(_printf_wctomb.o)
    0x08000710   0x08000710   0x0000007c   Code   RO          447    .text               c_w.l(_printf_longlong_dec.o)
    0x0800078c   0x0800078c   0x00000070   Code   RO          453    .text               c_w.l(_printf_oct_int_ll.o)
    0x080007fc   0x080007fc   0x00000094   Code   RO          473    .text               c_w.l(_printf_hex_int_ll_ptr.o)
    0x08000890   0x08000890   0x00000188   Code   RO          493    .text               c_w.l(__printf_flags_ss_wp.o)
    0x08000a18   0x08000a18   0x0000008a   Code   RO          550    .text               c_w.l(lludiv10.o)
    0x08000aa2   0x08000aa2   0x000000b2   Code   RO          552    .text               c_w.l(_printf_intcommon.o)
    0x08000b54   0x08000b54   0x0000041c   Code   RO          554    .text               c_w.l(_printf_fp_dec.o)
    0x08000f70   0x08000f70   0x000002fc   Code   RO          558    .text               c_w.l(_printf_fp_hex.o)
    0x0800126c   0x0800126c   0x00000030   Code   RO          561    .text               c_w.l(_printf_char_common.o)
    0x0800129c   0x0800129c   0x0000002c   Code   RO          563    .text               c_w.l(_printf_char.o)
    0x080012c8   0x080012c8   0x0000002c   Code   RO          565    .text               c_w.l(_printf_wchar.o)
    0x080012f4   0x080012f4   0x00000008   Code   RO          568    .text               c_w.l(ferror.o)
    0x080012fc   0x080012fc   0x00000138   Code   RO          574    .text               c_w.l(initio.o)
    0x08001434   0x08001434   0x00000048   Code   RO          582    .text               c_w.l(_c16rtomb.o)
    0x0800147c   0x0800147c   0x0000004a   Code   RO          586    .text               c_w.l(sys_stackheap_outer.o)
    0x080014c6   0x080014c6   0x00000002   PAD
    0x080014c8   0x080014c8   0x00000010   Code   RO          588    .text               c_w.l(rt_ctype_table.o)
    0x080014d8   0x080014d8   0x00000008   Code   RO          593    .text               c_w.l(rt_locale_intlibspace.o)
    0x080014e0   0x080014e0   0x0000004e   Code   RO          597    .text               c_w.l(h1_free.o)
    0x0800152e   0x0800152e   0x00000002   PAD
    0x08001530   0x08001530   0x00000080   Code   RO          651    .text               c_w.l(_printf_fp_infnan.o)
    0x080015b0   0x080015b0   0x000000e4   Code   RO          655    .text               c_w.l(bigflt0.o)
    0x08001694   0x08001694   0x000001d6   Code   RO          682    .text               c_w.l(flsbuf.o)
    0x0800186a   0x0800186a   0x00000046   Code   RO          684    .text               c_w.l(setvbuf.o)
    0x080018b0   0x080018b0   0x000000f0   Code   RO          687    .text               c_w.l(fopen.o)
    0x080019a0   0x080019a0   0x0000004c   Code   RO          689    .text               c_w.l(fclose.o)
    0x080019ec   0x080019ec   0x00000012   Code   RO          698    .text               c_w.l(exit.o)
    0x080019fe   0x080019fe   0x0000000e   Code   RO          704    .text               c_w.l(defsig_rtred_outer.o)
    0x08001a0c   0x08001a0c   0x0000004e   Code   RO          708    .text               c_w.l(rt_memclr_w.o)
    0x08001a5a   0x08001a5a   0x00000002   PAD
    0x08001a5c   0x08001a5c   0x00000008   Code   RO          784    .text               c_w.l(libspace.o)
    0x08001a64   0x08001a64   0x00000008   Code   RO          794    .text               c_w.l(rt_heap_descriptor_intlibspace.o)
    0x08001a6c   0x08001a6c   0x00000004   Code   RO          796    .text               c_w.l(hguard.o)
    0x08001a70   0x08001a70   0x0000008a   Code   RO          798    .text               c_w.l(init_alloc.o)
    0x08001afa   0x08001afa   0x0000005e   Code   RO          804    .text               c_w.l(h1_alloc.o)
    0x08001b58   0x08001b58   0x000000f8   Code   RO          820    .text               c_w.l(fseek.o)
    0x08001c50   0x08001c50   0x000000f0   Code   RO          822    .text               c_w.l(stdio.o)
    0x08001d40   0x08001d40   0x0000000a   Code   RO          831    .text               c_w.l(defsig_exit.o)
    0x08001d4a   0x08001d4a   0x00000002   PAD
    0x08001d4c   0x08001d4c   0x00000034   Code   RO          835    .text               c_w.l(defsig_rtred_inner.o)
    0x08001d80   0x08001d80   0x0000000c   Code   RO          845    .text               c_w.l(sys_exit.o)
    0x08001d8c   0x08001d8c   0x00000000   Code   RO          856    .text               c_w.l(maybetermalloc1.o)
    0x08001d8c   0x08001d8c   0x0000000e   Code   RO          858    .text               c_w.l(h1_init.o)
    0x08001d9a   0x08001d9a   0x00000034   Code   RO          860    .text               c_w.l(h1_extend.o)
    0x08001dce   0x08001dce   0x00000042   Code   RO          872    .text               c_w.l(ftell.o)
    0x08001e10   0x08001e10   0x00000032   Code   RO          880    .text               c_w.l(defsig_general.o)
    0x08001e42   0x08001e42   0x0000000e   Code   RO          882    .text               c_w.l(defsig_rtmem_outer.o)
    0x08001e50   0x08001e50   0x00000108   Code   RO          891    .text               c_w.l(_get_argv.o)
    0x08001f58   0x08001f58   0x0000000e   Code   RO          897    .text               c_w.l(sys_wrch.o)
    0x08001f66   0x08001f66   0x00000018   Code   RO          899    .text               c_w.l(sys_command.o)
    0x08001f7e   0x08001f7e   0x00000002   Code   RO          905    .text               c_w.l(use_no_semi.o)
    0x08001f80   0x08001f80   0x00000000   Code   RO          907    .text               c_w.l(indicate_semi.o)
    0x08001f80   0x08001f80   0x00000008   Code   RO          911    .text               c_w.l(rt_errno_addr_intlibspace.o)
    0x08001f88   0x08001f88   0x00000004   Code   RO          913    .text               c_w.l(hrguard.o)
    0x08001f8c   0x08001f8c   0x00000050   Code   RO          917    .text               c_w.l(defsig_rtmem_inner.o)
    0x08001fdc   0x08001fdc   0x000000f8   Code   RO          243    .text.DISP_Display_Time  display.o
    0x080020d4   0x080020d4   0x000000a0   Code   RO          241    .text.DISP_Init     display.o
    0x08002174   0x08002174   0x00000102   Code   RO          245    .text.DISP_Update   display.o
    0x08002276   0x08002276   0x00000002   PAD
    0x08002278   0x08002278   0x00000048   Code   RO          378    .text.ITM_SendChar  retarget_io.o
    0x080022c0   0x080022c0   0x0000010e   Code   RO          106    .text.LL_GPIO_Init  stm32f4xx_ll_gpio.o
    0x080023ce   0x080023ce   0x00000002   PAD
    0x080023d0   0x080023d0   0x00000086   Code   RO          114    .text.LL_GPIO_SetAFPin_0_7  stm32f4xx_ll_gpio.o
    0x08002456   0x08002456   0x00000002   PAD
    0x08002458   0x08002458   0x0000008a   Code   RO          116    .text.LL_GPIO_SetAFPin_8_15  stm32f4xx_ll_gpio.o
    0x080024e2   0x080024e2   0x00000002   PAD
    0x080024e4   0x080024e4   0x00000086   Code   RO          118    .text.LL_GPIO_SetPinMode  stm32f4xx_ll_gpio.o
    0x0800256a   0x0800256a   0x00000002   PAD
    0x0800256c   0x0800256c   0x0000001e   Code   RO          110    .text.LL_GPIO_SetPinOutputType  stm32f4xx_ll_gpio.o
    0x0800258a   0x0800258a   0x00000002   PAD
    0x0800258c   0x0800258c   0x00000086   Code   RO          112    .text.LL_GPIO_SetPinPull  stm32f4xx_ll_gpio.o
    0x08002612   0x08002612   0x00000002   PAD
    0x08002614   0x08002614   0x00000086   Code   RO          108    .text.LL_GPIO_SetPinSpeed  stm32f4xx_ll_gpio.o
    0x0800269a   0x0800269a   0x00000002   PAD
    0x0800269c   0x0800269c   0x00000010   Code   RO          202    .text.LL_RCC_GetAHBPrescaler  stm32f4xx_ll_rcc.o
    0x080026ac   0x080026ac   0x00000010   Code   RO          204    .text.LL_RCC_GetAPB1Prescaler  stm32f4xx_ll_rcc.o
    0x080026bc   0x080026bc   0x00000010   Code   RO          206    .text.LL_RCC_GetAPB2Prescaler  stm32f4xx_ll_rcc.o
    0x080026cc   0x080026cc   0x00000010   Code   RO          198    .text.LL_RCC_GetSysClkSource  stm32f4xx_ll_rcc.o
    0x080026dc   0x080026dc   0x00000036   Code   RO          174    .text.LL_RCC_GetSystemClocksFreq  stm32f4xx_ll_rcc.o
    0x08002712   0x08002712   0x00000002   PAD
    0x08002714   0x08002714   0x00000010   Code   RO          210    .text.LL_RCC_PLL_GetDivider  stm32f4xx_ll_rcc.o
    0x08002724   0x08002724   0x00000010   Code   RO          208    .text.LL_RCC_PLL_GetMainSource  stm32f4xx_ll_rcc.o
    0x08002734   0x08002734   0x00000010   Code   RO          212    .text.LL_RCC_PLL_GetN  stm32f4xx_ll_rcc.o
    0x08002744   0x08002744   0x00000010   Code   RO          214    .text.LL_RCC_PLL_GetP  stm32f4xx_ll_rcc.o
    0x08002754   0x08002754   0x00000012   Code   RO          353    .text.LL_USART_Enable  uart.o
    0x08002766   0x08002766   0x00000002   PAD
    0x08002768   0x08002768   0x000000d6   Code   RO          139    .text.LL_USART_Init  stm32f4xx_ll_usart.o
    0x0800283e   0x0800283e   0x00000002   PAD
    0x08002840   0x08002840   0x00000010   Code   RO          141    .text.LL_USART_IsEnabled  stm32f4xx_ll_usart.o
    0x08002850   0x08002850   0x000000c2   Code   RO          147    .text.LL_USART_SetBaudRate  stm32f4xx_ll_usart.o
    0x08002912   0x08002912   0x00000002   PAD
    0x08002914   0x08002914   0x0000001a   Code   RO          145    .text.LL_USART_SetHWFlowCtrl  stm32f4xx_ll_usart.o
    0x0800292e   0x0800292e   0x00000002   PAD
    0x08002930   0x08002930   0x0000001a   Code   RO          143    .text.LL_USART_SetStopBitsLength  stm32f4xx_ll_usart.o
    0x0800294a   0x0800294a   0x00000002   PAD
    0x0800294c   0x0800294c   0x00000016   Code   RO          357    .text.LL_USART_TransmitData8  uart.o
    0x08002962   0x08002962   0x00000002   PAD
    0x08002964   0x08002964   0x00000026   Code   RO          178    .text.RCC_GetHCLKClockFreq  stm32f4xx_ll_rcc.o
    0x0800298a   0x0800298a   0x00000002   PAD
    0x0800298c   0x0800298c   0x00000024   Code   RO          180    .text.RCC_GetPCLK1ClockFreq  stm32f4xx_ll_rcc.o
    0x080029b0   0x080029b0   0x00000024   Code   RO          182    .text.RCC_GetPCLK2ClockFreq  stm32f4xx_ll_rcc.o
    0x080029d4   0x080029d4   0x0000005a   Code   RO          176    .text.RCC_GetSystemClockFreq  stm32f4xx_ll_rcc.o
    0x08002a2e   0x08002a2e   0x00000002   PAD
    0x08002a30   0x08002a30   0x0000008a   Code   RO          200    .text.RCC_PLL_GetFreqDomain_SYS  stm32f4xx_ll_rcc.o
    0x08002aba   0x08002aba   0x00000002   PAD
    0x08002abc   0x08002abc   0x00000020   Code   RO          288    .text.SW_GetState   sw.o
    0x08002adc   0x08002adc   0x000000e8   Code   RO          286    .text.SW_Init       sw.o
    0x08002bc4   0x08002bc4   0x0000025a   Code   RO          290    .text.SW_Update     sw.o
    0x08002e1e   0x08002e1e   0x00000002   PAD
    0x08002e20   0x08002e20   0x00000052   Code   RO          333    .text.SysTick_Config  timer.o
    0x08002e72   0x08002e72   0x00000002   PAD
    0x08002e74   0x08002e74   0x00000012   Code   RO          339    .text.SysTick_Handler  timer.o
    0x08002e86   0x08002e86   0x00000002   PAD
    0x08002e88   0x08002e88   0x00000020   Code   RO           11    .text.SystemInit    system_stm32f4xx.o
    0x08002ea8   0x08002ea8   0x0000000c   Code   RO          314    .text.TIM_GetState  time.o
    0x08002eb4   0x08002eb4   0x00000022   Code   RO          310    .text.TIM_GetTime   time.o
    0x08002ed6   0x08002ed6   0x00000002   PAD
    0x08002ed8   0x08002ed8   0x0000001c   Code   RO          304    .text.TIM_Init      time.o
    0x08002ef4   0x08002ef4   0x000002bc   Code   RO          306    .text.TIM_Update    time.o
    0x080031b0   0x080031b0   0x0000005e   Code   RO          308    .text.TIM_UpdateTime  time.o
    0x0800320e   0x0800320e   0x00000002   PAD
    0x08003210   0x08003210   0x0000001a   Code   RO          331    .text.TMR_Init      timer.o
    0x0800322a   0x0800322a   0x00000002   PAD
    0x0800322c   0x0800322c   0x00000012   Code   RO          337    .text.TMR_Start     timer.o
    0x0800323e   0x0800323e   0x00000002   PAD
    0x08003240   0x08003240   0x00000012   Code   RO          335    .text.TMR_Stop      timer.o
    0x08003252   0x08003252   0x00000002   PAD
    0x08003254   0x08003254   0x000000c4   Code   RO          351    .text.UART_Init     uart.o
    0x08003318   0x08003318   0x00000028   Code   RO          355    .text.UART_Send     uart.o
    0x08003340   0x08003340   0x0000002e   Code   RO          359    .text.UART_Send_String  uart.o
    0x0800336e   0x0800336e   0x00000002   PAD
    0x08003370   0x08003370   0x00000044   Code   RO          341    .text.__NVIC_SetPriority  timer.o
    0x080033b4   0x080033b4   0x0000004a   Code   RO          384    .text._sys_close    retarget_io.o
    0x080033fe   0x080033fe   0x00000002   PAD
    0x08003400   0x08003400   0x00000048   Code   RO          400    .text._sys_flen     retarget_io.o
    0x08003448   0x08003448   0x00000048   Code   RO          396    .text._sys_istty    retarget_io.o
    0x08003490   0x08003490   0x0000008e   Code   RO          382    .text._sys_open     retarget_io.o
    0x0800351e   0x0800351e   0x00000002   PAD
    0x08003520   0x08003520   0x00000052   Code   RO          398    .text._sys_seek     retarget_io.o
    0x08003572   0x08003572   0x00000002   PAD
    0x08003574   0x08003574   0x0000009c   Code   RO          386    .text._sys_write    retarget_io.o
    0x08003610   0x08003610   0x00000032   Code   RO          233    .text.main          main.o
    0x08003642   0x08003642   0x00000002   PAD
    0x08003644   0x08003644   0x0000000c   Code   RO          390    .text.stderr_putchar  retarget_io.o
    0x08003650   0x08003650   0x00000010   Code   RO          388    .text.stdout_putchar  retarget_io.o
    0x08003660   0x08003660   0x0000003e   Code   RO          658    CL$$btod_d2e        c_w.l(btod.o)
    0x0800369e   0x0800369e   0x00000046   Code   RO          660    CL$$btod_d2e_denorm_low  c_w.l(btod.o)
    0x080036e4   0x080036e4   0x00000060   Code   RO          659    CL$$btod_d2e_norm_op1  c_w.l(btod.o)
    0x08003744   0x08003744   0x00000338   Code   RO          668    CL$$btod_div_common  c_w.l(btod.o)
    0x08003a7c   0x08003a7c   0x000000dc   Code   RO          665    CL$$btod_e2e        c_w.l(btod.o)
    0x08003b58   0x08003b58   0x0000002a   Code   RO          662    CL$$btod_ediv       c_w.l(btod.o)
    0x08003b82   0x08003b82   0x0000002a   Code   RO          661    CL$$btod_emul       c_w.l(btod.o)
    0x08003bac   0x08003bac   0x00000244   Code   RO          667    CL$$btod_mult_common  c_w.l(btod.o)
    0x08003df0   0x08003df0   0x00000030   Code   RO          782    i.__ARM_fpclassify  m_wm.l(fpclassify.o)
    0x08003e20   0x08003e20   0x0000000e   Code   RO          486    i._is_digit         c_w.l(__printf_wp.o)
    0x08003e2e   0x08003e2e   0x0000001a   Code   RO          571    i.fputc             c_w.l(fputc.o)
    0x08003e48   0x08003e48   0x0000002c   Code   RO          696    locale$$code        c_w.l(lc_numeric_c.o)
    0x08003e74   0x08003e74   0x0000002c   Code   RO          829    locale$$code        c_w.l(lc_ctype_c.o)
    0x08003ea0   0x08003ea0   0x0000001a   Code   RO          843    x$fpl$fpinit        fz_wm.l(fpinit.o)
    0x08003eba   0x08003eba   0x00000004   Code   RO          525    x$fpl$printf1       fz_wm.l(printf1.o)
    0x08003ebe   0x08003ebe   0x00000004   Code   RO          527    x$fpl$printf2       fz_wm.l(printf2.o)
    0x08003ec2   0x08003ec2   0x00000000   Code   RO          781    x$fpl$usenofp       fz_wm.l(usenofp.o)
    0x08003ec2   0x08003ec2   0x00000002   PAD
    0x08003ec4   0x08003ec4   0x00000008   Data   RO          445    .constdata          c_w.l(_printf_wctomb.o)
    0x08003ecc   0x08003ecc   0x00000028   Data   RO          474    .constdata          c_w.l(_printf_hex_int_ll_ptr.o)
    0x08003ef4   0x08003ef4   0x00000011   Data   RO          494    .constdata          c_w.l(__printf_flags_ss_wp.o)
    0x08003f05   0x08003f05   0x00000026   Data   RO          559    .constdata          c_w.l(_printf_fp_hex.o)
    0x08003f2b   0x08003f2b   0x00000001   PAD
    0x08003f2c   0x08003f2c   0x00000094   Data   RO          656    .constdata          c_w.l(bigflt0.o)
    0x08003fc0   0x08003fc0   0x00000010   Data   RO           16    .rodata.AHBPrescTable  system_stm32f4xx.o
    0x08003fd0   0x08003fd0   0x00000008   Data   RO           17    .rodata.APBPrescTable  system_stm32f4xx.o
    0x08003fd8   0x08003fd8   0x00000008   Data   RO          405    .rodata.__stderr_name  retarget_io.o
    0x08003fe0   0x08003fe0   0x00000007   Data   RO          403    .rodata.__stdin_name  retarget_io.o
    0x08003fe7   0x08003fe7   0x00000008   Data   RO          404    .rodata.__stdout_name  retarget_io.o
    0x08003fef   0x08003fef   0x0000005b   Data   RO          248    .rodata.str1.1      display.o
    0x0800404a   0x0800404a   0x0000009a   Data   RO          323    .rodata.str1.1      time.o
    0x080040e4   0x080040e4   0x00000017   Data   RO          406    .rodata.str1.1      retarget_io.o
    0x080040fb   0x080040fb   0x00000001   PAD
    0x080040fc   0x080040fc   0x00000020   Data   RO          941    Region$$Table       anon$$obj.o
    0x0800411c   0x0800411c   0x0000001c   Data   RO          695    locale$$data        c_w.l(lc_numeric_c.o)
    0x08004138   0x08004138   0x00000110   Data   RO          828    locale$$data        c_w.l(lc_ctype_c.o)


    Execution Region RW_IRAM1 (Exec base: 0x20000000, Load base: 0x08004248, Size: 0x000007b8, Max: 0x00020000, ABSOLUTE)

    Exec Addr    Load Addr    Size         Type   Attr      Idx    E Section Name        Object

    0x20000000   0x08004248   0x00000004   Data   RW          522    .data               c_w.l(stdio_streams.o)
    0x20000004   0x0800424c   0x00000004   Data   RW          523    .data               c_w.l(stdio_streams.o)
    0x20000008   0x08004250   0x00000004   Data   RW          524    .data               c_w.l(stdio_streams.o)
    0x2000000c   0x08004254   0x00000004   PAD
    0x20000010        -       0x00000054   Zero   RW          519    .bss                c_w.l(stdio_streams.o)
    0x20000064        -       0x00000054   Zero   RW          520    .bss                c_w.l(stdio_streams.o)
    0x200000b8        -       0x00000054   Zero   RW          521    .bss                c_w.l(stdio_streams.o)
    0x2000010c        -       0x00000060   Zero   RW          785    .bss                c_w.l(libspace.o)
    0x2000016c        -       0x00000004   Zero   RW          250    .bss.DISP_Update.DISP_NORMAL_counter  display.o
    0x20000170        -       0x00000004   Zero   RW          249    .bss.DISP_Update.DISP_counter  display.o
    0x20000174        -       0x00000001   Zero   RW          252    .bss.DISP_Update.Old_Hours  display.o
    0x20000175        -       0x00000001   Zero   RW          253    .bss.DISP_Update.Old_Minutes  display.o
    0x20000176        -       0x00000003   Zero   RW          251    .bss.DISP_Update.TIM_Time  display.o
    0x20000179   0x08004254   0x00000003   PAD
    0x2000017c        -       0x00000004   Zero   RW          296    .bss.SW_Update.SW_counter  sw.o
    0x20000180        -       0x00000009   Zero   RW          295    .bss.SWs_Info       sw.o
    0x20000189        -       0x00000003   Zero   RW          319    .bss.TIM_CurrentTime  time.o
    0x2000018c        -       0x00000001   Zero   RW          320    .bss.TIM_State      time.o
    0x2000018d   0x08004254   0x00000003   PAD
    0x20000190        -       0x00000004   Zero   RW          321    .bss.TIM_Update.TIM_counter  time.o
    0x20000194        -       0x00000004   Zero   RW          322    .bss.TIM_Update.TIM_seconds_counter  time.o
    0x20000198        -       0x00000001   Zero   RW          293    .bss.minus_sw       sw.o
    0x20000199        -       0x00000001   Zero   RW          292    .bss.plus_sw        sw.o
    0x2000019a   0x08004254   0x00000002   PAD
    0x2000019c        -       0x00000004   Zero   RW          318    .bss.second         time.o
    0x200001a0        -       0x00000001   Zero   RW          294    .bss.set_sw         sw.o
    0x200001a1   0x08004254   0x00000003   PAD
    0x200001a4        -       0x00000004   Zero   RW          343    .bss.tick           timer.o
    0x200001a8        -       0x00000009   Zero   RW          247    .bss.time           display.o
    0x200001b1   0x08004254   0x00000007   PAD
    0x200001b8        -       0x00000200   Zero   RW            2    HEAP                startup_stm32f411xe.o
    0x200003b8        -       0x00000400   Zero   RW            1    STACK               startup_stm32f411xe.o


==============================================================================

Image component sizes


      Code (inc. data)   RO Data    RW Data    ZI Data      Debug   Object Name

       666          0         91          0         22       1579   display.o
        50          0          0          0          0        410   main.o
       698          0         46          0          0       3288   retarget_io.o
        64         26        408          0       1536        888   startup_stm32f411xe.o
       974          0          0          0          0       5023   stm32f4xx_ll_gpio.o
       520          0          0          0          0       6172   stm32f4xx_ll_rcc.o
       476          0          0          0          0       4874   stm32f4xx_ll_usart.o
       866          4          0          0         16       3265   sw.o
        32          0         24          0          0       2555   system_stm32f4xx.o
       868          0        154          0         16       2455   time.o
       230          0          0          0          4       3899   timer.o
       322          0          0          0          0       3807   uart.o

    ----------------------------------------------------------------------
      5828         30        756          0       1612      38215   Object Totals
         0          0         32          0          0          0   (incl. Generated)
        62          0          1          0         18          0   (incl. Padding)

    ----------------------------------------------------------------------

      Code (inc. data)   RO Data    RW Data    ZI Data      Debug   Library Member Name

         8          0          0          0          0         68   __main.o
       392          4         17          0          0         92   __printf_flags_ss_wp.o
        14          0          0          0          0         68   __printf_wp.o
         0          0          0          0          0          0   __rtentry.o
        12          0          0          0          0          0   __rtentry2.o
         6          0          0          0          0          0   __rtentry4.o
        52          8          0          0          0          0   __scatter.o
        26          0          0          0          0          0   __scatter_copy.o
        28          0          0          0          0          0   __scatter_zi.o
        72          0          0          0          0         96   _c16rtomb.o
       264          0          0          0          0         96   _get_argv.o
         6          0          0          0          0          0   _printf_a.o
         6          0          0          0          0          0   _printf_c.o
        44          0          0          0          0        108   _printf_char.o
        48          6          0          0          0         96   _printf_char_common.o
        36          4          0          0          0         80   _printf_char_file.o
        40          0          0          0          0         68   _printf_charcount.o
         6          0          0          0          0          0   _printf_d.o
       120         16          0          0          0         92   _printf_dec.o
         6          0          0          0          0          0   _printf_e.o
         6          0          0          0          0          0   _printf_f.o
      1052          0          0          0          0        148   _printf_fp_dec.o
       764          8         38          0          0        100   _printf_fp_hex.o
       128         16          0          0          0         84   _printf_fp_infnan.o
         6          0          0          0          0          0   _printf_g.o
       148          4         40          0          0        160   _printf_hex_int_ll_ptr.o
         6          0          0          0          0          0   _printf_i.o
       178          0          0          0          0         88   _printf_intcommon.o
        10          0          0          0          0          0   _printf_l.o
         6          0          0          0          0          0   _printf_lc.o
        10          0          0          0          0          0   _printf_ll.o
         6          0          0          0          0          0   _printf_lld.o
         6          0          0          0          0          0   _printf_lli.o
         6          0          0          0          0          0   _printf_llo.o
         6          0          0          0          0          0   _printf_llu.o
         6          0          0          0          0          0   _printf_llx.o
       124         16          0          0          0         92   _printf_longlong_dec.o
         6          0          0          0          0          0   _printf_ls.o
         6          0          0          0          0          0   _printf_n.o
         6          0          0          0          0          0   _printf_o.o
       112          8          0          0          0        124   _printf_oct_int_ll.o
         6          0          0          0          0          0   _printf_p.o
        78          0          0          0          0        108   _printf_pad.o
         0          0          0          0          0          0   _printf_percent.o
         4          0          0          0          0          0   _printf_percent_end.o
         6          0          0          0          0          0   _printf_s.o
        82          0          0          0          0         80   _printf_str.o
        36          0          0          0          0         84   _printf_truncate.o
         6          0          0          0          0          0   _printf_u.o
        44          0          0          0          0        108   _printf_wchar.o
       188          6          8          0          0         92   _printf_wctomb.o
         6          0          0          0          0          0   _printf_x.o
         4          0          0          0          0         68   argv_veneer.o
       228          4        148          0          0         96   bigflt0.o
      1936        128          0          0          0        672   btod.o
        10          0          0          0          0         68   defsig_exit.o
        50          0          0          0          0         88   defsig_general.o
        80         58          0          0          0         76   defsig_rtmem_inner.o
        14          0          0          0          0         80   defsig_rtmem_outer.o
        52         38          0          0          0         76   defsig_rtred_inner.o
        14          0          0          0          0         80   defsig_rtred_outer.o
        18          0          0          0          0         80   exit.o
        76          0          0          0          0         88   fclose.o
         8          0          0          0          0         68   ferror.o
       470          0          0          0          0         88   flsbuf.o
       240          6          0          0          0        128   fopen.o
        26          0          0          0          0         68   fputc.o
       248          6          0          0          0         84   fseek.o
        66          0          0          0          0         76   ftell.o
        94          0          0          0          0         80   h1_alloc.o
        52          0          0          0          0         68   h1_extend.o
        78          0          0          0          0         80   h1_free.o
        14          0          0          0          0         84   h1_init.o
         6          0          0          0          0        152   heapauxi.o
         4          0          0          0          0        136   hguard.o
         4          0          0          0          0        136   hrguard.o
         0          0          0          0          0          0   indicate_semi.o
       138          0          0          0          0        168   init_alloc.o
       312         46          0          0          0        112   initio.o
        44         10        272          0          0         76   lc_ctype_c.o
        44         10         28          0          0         76   lc_numeric_c.o
         2          0          0          0          0          0   libinit.o
        54          0          0          0          0          0   libinit2.o
         2          0          0          0          0          0   libshutdown.o
         6          0          0          0          0          0   libshutdown2.o
         8          4          0          0         96         68   libspace.o
       138          0          0          0          0         80   lludiv10.o
       240          0          0          0          0        100   lludivv7m.o
         0          0          0          0          0          0   maybetermalloc1.o
        24          4          0          0          0         84   printf.o
        16          4          0          0          0         76   rt_ctype_table.o
         8          4          0          0          0         68   rt_errno_addr_intlibspace.o
         8          4          0          0          0         68   rt_heap_descriptor_intlibspace.o
         8          4          0          0          0         68   rt_locale_intlibspace.o
        78          0          0          0          0         80   rt_memclr_w.o
         2          0          0          0          0          0   rtexit.o
        10          0          0          0          0          0   rtexit2.o
        70          0          0          0          0         80   setvbuf.o
       240          6          0          0          0        156   stdio.o
         0          0          0         12        252          0   stdio_streams.o
       124          0          0          0          0         88   strcmpv7em.o
        24          0          0          0          0         76   sys_command.o
        12          4          0          0          0         68   sys_exit.o
        74          0          0          0          0         80   sys_stackheap_outer.o
        14          0          0          0          0         76   sys_wrch.o
         2          0          0          0          0         68   use_no_semi.o
        26          0          0          0          0        116   fpinit.o
         4          0          0          0          0        116   printf1.o
         4          0          0          0          0        116   printf2.o
         0          0          0          0          0          0   usenofp.o
        48          0          0          0          0        124   fpclassify.o

    ----------------------------------------------------------------------
      9832        436        552         12        352       7140   Library Totals
        16          0          1          0          4          0   (incl. Padding)

    ----------------------------------------------------------------------

      Code (inc. data)   RO Data    RW Data    ZI Data      Debug   Library Name

      9734        436        551         12        348       6668   c_w.l
        34          0          0          0          0        348   fz_wm.l
        48          0          0          0          0        124   m_wm.l

    ----------------------------------------------------------------------
      9832        436        552         12        352       7140   Library Totals

    ----------------------------------------------------------------------

==============================================================================


      Code (inc. data)   RO Data    RW Data    ZI Data      Debug   

     15660        466       1308         12       1964      41251   Grand Totals
     15660        466       1308         12       1964      41251   ELF Image Totals
     15660        466       1308         12          0          0   ROM Totals

==============================================================================

    Total RO  Size (Code + RO Data)                16968 (  16.57kB)
    Total RW  Size (RW Data + ZI Data)              1976 (   1.93kB)
    Total ROM Size (Code + RO Data + RW Data)      16980 (  16.58kB)

==============================================================================

