Component: Arm Compiler for Embedded 6.19 Tool: armlink [5e73cb00]

==============================================================================

Section Cross References

    startup_stm32f411xe.o(STACK) refers (Special) to heapauxi.o(.text) for __use_two_region_memory
    startup_stm32f411xe.o(HEAP) refers (Special) to heapauxi.o(.text) for __use_two_region_memory
    startup_stm32f411xe.o(RESET) refers (Special) to heapauxi.o(.text) for __use_two_region_memory
    startup_stm32f411xe.o(RESET) refers to startup_stm32f411xe.o(STACK) for __initial_sp
    startup_stm32f411xe.o(RESET) refers to startup_stm32f411xe.o(.text) for Reset_Handler
    startup_stm32f411xe.o(RESET) refers to timer.o(.text.SysTick_Handler) for SysTick_Handler
    startup_stm32f411xe.o(RESET) refers to timer2.o(.text.TIM2_IRQHandler) for TIM2_IRQHandler
    startup_stm32f411xe.o(.text) refers (Special) to heapauxi.o(.text) for __use_two_region_memory
    startup_stm32f411xe.o(.text) refers to system_stm32f4xx.o(.text.SystemInit) for SystemInit
    startup_stm32f411xe.o(.text) refers to __main.o(!!!main) for __main
    startup_stm32f411xe.o(.text) refers to startup_stm32f411xe.o(HEAP) for Heap_Mem
    startup_stm32f411xe.o(.text) refers to startup_stm32f411xe.o(STACK) for Stack_Mem
    system_stm32f4xx.o(.ARM.exidx.text.SystemInit) refers to system_stm32f4xx.o(.text.SystemInit) for [Anonymous Symbol]
    system_stm32f4xx.o(.text.SystemCoreClockUpdate) refers to system_stm32f4xx.o(.data.SystemCoreClock) for SystemCoreClock
    system_stm32f4xx.o(.text.SystemCoreClockUpdate) refers to system_stm32f4xx.o(.rodata.AHBPrescTable) for AHBPrescTable
    system_stm32f4xx.o(.ARM.exidx.text.SystemCoreClockUpdate) refers to system_stm32f4xx.o(.text.SystemCoreClockUpdate) for [Anonymous Symbol]
    stm32f4xx_ll_tim.o(.text.LL_TIM_DeInit) refers to stm32f4xx_ll_tim.o(.text.LL_APB2_GRP1_ForceReset) for LL_APB2_GRP1_ForceReset
    stm32f4xx_ll_tim.o(.text.LL_TIM_DeInit) refers to stm32f4xx_ll_tim.o(.text.LL_APB2_GRP1_ReleaseReset) for LL_APB2_GRP1_ReleaseReset
    stm32f4xx_ll_tim.o(.text.LL_TIM_DeInit) refers to stm32f4xx_ll_tim.o(.text.LL_APB1_GRP1_ForceReset) for LL_APB1_GRP1_ForceReset
    stm32f4xx_ll_tim.o(.text.LL_TIM_DeInit) refers to stm32f4xx_ll_tim.o(.text.LL_APB1_GRP1_ReleaseReset) for LL_APB1_GRP1_ReleaseReset
    stm32f4xx_ll_tim.o(.ARM.exidx.text.LL_TIM_DeInit) refers to stm32f4xx_ll_tim.o(.text.LL_TIM_DeInit) for [Anonymous Symbol]
    stm32f4xx_ll_tim.o(.ARM.exidx.text.LL_APB2_GRP1_ForceReset) refers to stm32f4xx_ll_tim.o(.text.LL_APB2_GRP1_ForceReset) for [Anonymous Symbol]
    stm32f4xx_ll_tim.o(.ARM.exidx.text.LL_APB2_GRP1_ReleaseReset) refers to stm32f4xx_ll_tim.o(.text.LL_APB2_GRP1_ReleaseReset) for [Anonymous Symbol]
    stm32f4xx_ll_tim.o(.ARM.exidx.text.LL_APB1_GRP1_ForceReset) refers to stm32f4xx_ll_tim.o(.text.LL_APB1_GRP1_ForceReset) for [Anonymous Symbol]
    stm32f4xx_ll_tim.o(.ARM.exidx.text.LL_APB1_GRP1_ReleaseReset) refers to stm32f4xx_ll_tim.o(.text.LL_APB1_GRP1_ReleaseReset) for [Anonymous Symbol]
    stm32f4xx_ll_tim.o(.ARM.exidx.text.LL_TIM_StructInit) refers to stm32f4xx_ll_tim.o(.text.LL_TIM_StructInit) for [Anonymous Symbol]
    stm32f4xx_ll_tim.o(.text.LL_TIM_Init) refers to stm32f4xx_ll_tim.o(.text.LL_TIM_SetAutoReload) for LL_TIM_SetAutoReload
    stm32f4xx_ll_tim.o(.text.LL_TIM_Init) refers to stm32f4xx_ll_tim.o(.text.LL_TIM_SetPrescaler) for LL_TIM_SetPrescaler
    stm32f4xx_ll_tim.o(.text.LL_TIM_Init) refers to stm32f4xx_ll_tim.o(.text.LL_TIM_SetRepetitionCounter) for LL_TIM_SetRepetitionCounter
    stm32f4xx_ll_tim.o(.text.LL_TIM_Init) refers to stm32f4xx_ll_tim.o(.text.LL_TIM_GenerateEvent_UPDATE) for LL_TIM_GenerateEvent_UPDATE
    stm32f4xx_ll_tim.o(.ARM.exidx.text.LL_TIM_Init) refers to stm32f4xx_ll_tim.o(.text.LL_TIM_Init) for [Anonymous Symbol]
    stm32f4xx_ll_tim.o(.ARM.exidx.text.LL_TIM_SetAutoReload) refers to stm32f4xx_ll_tim.o(.text.LL_TIM_SetAutoReload) for [Anonymous Symbol]
    stm32f4xx_ll_tim.o(.ARM.exidx.text.LL_TIM_SetPrescaler) refers to stm32f4xx_ll_tim.o(.text.LL_TIM_SetPrescaler) for [Anonymous Symbol]
    stm32f4xx_ll_tim.o(.ARM.exidx.text.LL_TIM_SetRepetitionCounter) refers to stm32f4xx_ll_tim.o(.text.LL_TIM_SetRepetitionCounter) for [Anonymous Symbol]
    stm32f4xx_ll_tim.o(.ARM.exidx.text.LL_TIM_GenerateEvent_UPDATE) refers to stm32f4xx_ll_tim.o(.text.LL_TIM_GenerateEvent_UPDATE) for [Anonymous Symbol]
    stm32f4xx_ll_tim.o(.ARM.exidx.text.LL_TIM_OC_StructInit) refers to stm32f4xx_ll_tim.o(.text.LL_TIM_OC_StructInit) for [Anonymous Symbol]
    stm32f4xx_ll_tim.o(.text.LL_TIM_OC_Init) refers to stm32f4xx_ll_tim.o(.text.OC1Config) for OC1Config
    stm32f4xx_ll_tim.o(.text.LL_TIM_OC_Init) refers to stm32f4xx_ll_tim.o(.text.OC2Config) for OC2Config
    stm32f4xx_ll_tim.o(.text.LL_TIM_OC_Init) refers to stm32f4xx_ll_tim.o(.text.OC3Config) for OC3Config
    stm32f4xx_ll_tim.o(.text.LL_TIM_OC_Init) refers to stm32f4xx_ll_tim.o(.text.OC4Config) for OC4Config
[...]
    CL$$btod_d2e_norm_op1                    0x0800379e   Section       96  btod.o(CL$$btod_d2e_norm_op1)
    CL$$btod_div_common                      0x08003800   Section      824  btod.o(CL$$btod_div_common)
    CL$$btod_e2e                             0x08003b38   Section      220  btod.o(CL$$btod_e2e)
    CL$$btod_ediv                            0x08003c14   Section       42  btod.o(CL$$btod_ediv)
    CL$$btod_emul                            0x08003c3e   Section       42  btod.o(CL$$btod_emul)
    CL$$btod_mult_common                     0x08003c68   Section      580  btod.o(CL$$btod_mult_common)
    i.__ARM_fpclassify                       0x08003eac   Section        0  fpclassify.o(i.__ARM_fpclassify)
    i._is_digit                              0x08003edc   Section        0  __printf_wp.o(i._is_digit)
    i.fputc                                  0x08003eea   Section        0  fputc.o(i.fputc)
    locale$$code                             0x08003f08   Section       44  lc_numeric_c.o(locale$$code)
    locale$$code                             0x08003f34   Section       44  lc_ctype_c.o(locale$$code)
    $v0                                      0x08003f60   Number         0  fpinit.o(x$fpl$fpinit)
    x$fpl$fpinit                             0x08003f60   Section       26  fpinit.o(x$fpl$fpinit)
    $v0                                      0x08003f7a   Number         0  printf1.o(x$fpl$printf1)
    x$fpl$printf1                            0x08003f7a   Section        4  printf1.o(x$fpl$printf1)
    $v0                                      0x08003f7e   Number         0  printf2.o(x$fpl$printf2)
    x$fpl$printf2                            0x08003f7e   Section        4  printf2.o(x$fpl$printf2)
    x$fpl$usenofp                            0x08003f82   Section        0  usenofp.o(x$fpl$usenofp)
    initial_mbstate                          0x08003f84   Data           8  _printf_wctomb.o(.constdata)
    .constdata                               0x08003f84   Section        8  _printf_wctomb.o(.constdata)
    uc_hextab                                0x08003f8c   Data          20  _printf_hex_int_ll_ptr.o(.constdata)
    .constdata                               0x08003f8c   Section       40  _printf_hex_int_ll_ptr.o(.constdata)
    lc_hextab                                0x08003fa0   Data          20  _printf_hex_int_ll_ptr.o(.constdata)
    maptable                                 0x08003fb4   Data          17  __printf_flags_ss_wp.o(.constdata)
    .constdata                               0x08003fb4   Section       17  __printf_flags_ss_wp.o(.constdata)
    lc_hextab                                0x08003fc5   Data          19  _printf_fp_hex.o(.constdata)
    .constdata                               0x08003fc5   Section       38  _printf_fp_hex.o(.constdata)
    uc_hextab                                0x08003fd8   Data          19  _printf_fp_hex.o(.constdata)
    tenpwrs_x                                0x08003fec   Data          60  bigflt0.o(.constdata)
    .constdata                               0x08003fec   Section      148  bigflt0.o(.constdata)
    tenpwrs_i                                0x08004028   Data          64  bigflt0.o(.constdata)
    .L.str                                   0x080040af   Data          32  main.o(.rodata.str1.1)
    [Anonymous Symbol]                       0x080040af   Section        0  main.o(.rodata.str1.1)
    .L.str.4                                 0x080040cf   Data           6  display.o(.rodata.str1.1)
    [Anonymous Symbol]                       0x080040cf   Section        0  display.o(.rodata.str1.1)
    .L.str.2                                 0x080040d5   Data           8  display.o(.rodata.str1.1)
    .L.str                                   0x080040dd   Data           5  display.o(.rodata.str1.1)
    .L.str.5                                 0x080040e2   Data           6  display.o(.rodata.str1.1)
    .L.str.3                                 0x080040e8   Data           8  display.o(.rodata.str1.1)
    .L.str.1                                 0x080040f0   Data           5  display.o(.rodata.str1.1)
    .L.str                                   0x080040f5   Data           7  retarget_io.o(.rodata.str1.1)
    [Anonymous Symbol]                       0x080040f5   Section        0  retarget_io.o(.rodata.str1.1)
    .L.str.2                                 0x080040fc   Data           8  retarget_io.o(.rodata.str1.1)
    .L.str.1                                 0x08004104   Data           8  retarget_io.o(.rodata.str1.1)
    locale$$data                             0x0800412c   Section       28  lc_numeric_c.o(locale$$data)
    __lcnum_c_name                           0x08004130   Data           2  lc_numeric_c.o(locale$$data)
    __lcnum_c_start                          0x08004138   Data           0  lc_numeric_c.o(locale$$data)
    __lcnum_c_point                          0x08004144   Data           0  lc_numeric_c.o(locale$$data)
    __lcnum_c_thousands                      0x08004146   Data           0  lc_numeric_c.o(locale$$data)
    __lcnum_c_grouping                       0x08004147   Data           0  lc_numeric_c.o(locale$$data)
    __lcnum_c_end                            0x08004148   Data           0  lc_numeric_c.o(locale$$data)
    locale$$data                             0x08004148   Section      272  lc_ctype_c.o(locale$$data)
    __lcctype_c_name                         0x0800414c   Data           2  lc_ctype_c.o(locale$$data)
    __lcctype_c_start                        0x08004154   Data           0  lc_ctype_c.o(locale$$data)
    __lcctype_c_end                          0x08004258   Data           0  lc_ctype_c.o(locale$$data)
    .data                                    0x20000000   Section        4  stdio_streams.o(.data)
    .data                                    0x20000004   Section        4  stdio_streams.o(.data)
    .data                                    0x20000008   Section        4  stdio_streams.o(.data)
    harmonic_state                           0x2000000c   Data           1  motor.o(.data.harmonic_state)
    [Anonymous Symbol]                       0x2000000c   Section        0  motor.o(.data.harmonic_state)
    .bss                                     0x20000010   Section       84  stdio_streams.o(.bss)
    .bss                                     0x20000064   Section       84  stdio_streams.o(.bss)
    .bss                                     0x200000b8   Section       84  stdio_streams.o(.bss)
    .bss                                     0x2000010c   Section       96  libspace.o(.bss)
    DISP_Update.DISP_counter                 0x2000016c   Data           4  display.o(.bss.DISP_Update.DISP_counter)
    [Anonymous Symbol]                       0x2000016c   Section        0  display.o(.bss.DISP_Update.DISP_counter)
    SW_Update.SW_counter                     0x20000170   Data           4  sw.o(.bss.SW_Update.SW_counter)
    [Anonymous Symbol]                       0x20000170   Section        0  sw.o(.bss.SW_Update.SW_counter)
    SWs_Info                                 0x20000174   Data          24  sw.o(.bss.SWs_Info)
    [Anonymous Symbol]                       0x20000174   Section        0  sw.o(.bss.SWs_Info)
    VC_Update.old_pressed_time               0x2000018c   Data           4  vc.o(.bss.VC_Update.old_pressed_time)
    [Anonymous Symbol]                       0x2000018c   Section        0  vc.o(.bss.VC_Update.old_pressed_time)
    VC_Update.vc_counter                     0x20000190   Data           4  vc.o(.bss.VC_Update.vc_counter)
    [Anonymous Symbol]                       0x20000190   Section        0  vc.o(.bss.VC_Update.vc_counter)
    current_angle                            0x20000194   Data           1  motor.o(.bss.current_angle)
    [Anonymous Symbol]                       0x20000194   Section        0  motor.o(.bss.current_angle)
    current_motor_state                      0x20000195   Data           1  motor.o(.bss.current_motor_state)
    [Anonymous Symbol]                       0x20000195   Section        0  motor.o(.bss.current_motor_state)
    firing_angle                             0x20000199   Data           1  motor.o(.bss.firing_angle)
    [Anonymous Symbol]                       0x20000199   Section        0  motor.o(.bss.firing_angle)
    firing_update.firing_counter             0x2000019c   Data           4  motor.o(.bss.firing_update.firing_counter)
    [Anonymous Symbol]                       0x2000019c   Section        0  motor.o(.bss.firing_update.firing_counter)
    g_Timer2_callBackPtr                     0x200001a0   Data           4  timer2.o(.bss.g_Timer2_callBackPtr)
    [Anonymous Symbol]                       0x200001a0   Section        0  timer2.o(.bss.g_Timer2_callBackPtr)
    harmonics_reduction_update.harm_reduction_counter 0x200001a4   Data           4  motor.o(.bss.harmonics_reduction_update.harm_reduction_counter)
    [Anonymous Symbol]                       0x200001a4   Section        0  motor.o(.bss.harmonics_reduction_update.harm_reduction_counter)
    motor_speed                              0x200001a9   Data           1  vc.o(.bss.motor_speed)
    [Anonymous Symbol]                       0x200001a9   Section        0  vc.o(.bss.motor_speed)
    soft_switching_update.soft_switching_counter 0x200001ac   Data           4  motor.o(.bss.soft_switching_update.soft_switching_counter)
    [Anonymous Symbol]                       0x200001ac   Section        0  motor.o(.bss.soft_switching_update.soft_switching_counter)
    target_angle                             0x200001b4   Data           1  motor.o(.bss.target_angle)
    [Anonymous Symbol]                       0x200001b4   Section        0  motor.o(.bss.target_angle)
    Heap_Mem                                 0x200001c0   Data         512  startup_stm32f411xe.o(HEAP)
    HEAP                                     0x200001c0   Section      512  startup_stm32f411xe.o(HEAP)
    Stack_Mem                                0x200003c0   Data        1024  startup_stm32f411xe.o(STACK)
    STACK                                    0x200003c0   Section     1024  startup_stm32f411xe.o(STACK)
    __initial_sp                             0x200007c0   Data           0  startup_stm32f411xe.o(STACK)

    Global Symbols

    Symbol Name                              Value     Ov Type        Size  Object(Section)

    BuildAttributes$$THM_ISAv4$E$P$D$K$B$S$7EM$VFPi3$EXTD16$VFPS$VFMA$PE$A:L22UL41UL21$X:L11$S22US41US21$IEEE1$IW$~IW$USESV6$~STKCKD$USESV7$~SHL$OTIME$ROPI$IEEEJ$EBA8$UX$STANDARDLIB$REQ8$PRES8$EABIv2 0x00000000   Number         0  anon$$obj.o ABSOLUTE
    _printf_flags                            0x00000000   Number         0  printf_stubs.o ABSOLUTE
    _printf_return_value                     0x00000000   Number         0  printf_stubs.o ABSOLUTE
    _printf_sizespec                         0x00000000   Number         0  printf_stubs.o ABSOLUTE
    _printf_widthprec                        0x00000000   Number         0  printf_stubs.o ABSOLUTE
    __ARM_exceptions_init                     - Undefined Weak Reference
    __alloca_initialize                       - Undefined Weak Reference
    __arm_preinit_                            - Undefined Weak Reference
    __arm_relocate_pie_                       - Undefined Weak Reference
    __cpp_initialize__aeabi_                  - Undefined Weak Reference
    __cxa_finalize                            - Undefined Weak Reference
    __sigvec_lookup                           - Undefined Weak Reference
    __user_heap_extent                        - Undefined Weak Reference
    _atexit_init                              - Undefined Weak Reference
    _call_atexit_fns                          - Undefined Weak Reference
    _clock_init                               - Undefined Weak Reference
    _fp_trap_init                             - Undefined Weak Reference
    _fp_trap_shutdown                         - Undefined Weak Reference
    _get_lc_collate                           - Undefined Weak Reference
    _get_lc_monetary                          - Undefined Weak Reference
    _get_lc_time                              - Undefined Weak Reference
    _getenv_init                              - Undefined Weak Reference
    _handle_redirection                       - Undefined Weak Reference
    _mutex_acquire                            - Undefined Weak Reference
    _mutex_free                               - Undefined Weak Reference
    _mutex_release                            - Undefined Weak Reference
    _printf_mbtowc                            - Undefined Weak Reference
    _printf_wc                                - Undefined Weak Reference
    _rand_init                                - Undefined Weak Reference
    _signal_finish                            - Undefined Weak Reference
    _signal_init                              - Undefined Weak Reference
    __Vectors_Size                           0x00000198   Number         0  startup_stm32f411xe.o ABSOLUTE
    __Vectors                                0x08000000   Data           4  startup_stm32f411xe.o(RESET)
    __Vectors_End                            0x08000198   Data           0  startup_stm32f411xe.o(RESET)
    __main                                   0x08000199   Thumb Code     8  __main.o(!!!main)
    __scatterload                            0x080001a1   Thumb Code     0  __scatter.o(!!!scatter)
    __scatterload_rt2                        0x080001a1   Thumb Code    44  __scatter.o(!!!scatter)
    __scatterload_rt2_thumb_only             0x080001a1   Thumb Code     0  __scatter.o(!!!scatter)
    __scatterload_null                       0x080001af   Thumb Code     0  __scatter.o(!!!scatter)
    __scatterload_copy                       0x080001d5   Thumb Code    26  __scatter_copy.o(!!handler_copy)
    __scatterload_zeroinit                   0x080001f1   Thumb Code    28  __scatter_zi.o(!!handler_zi)
    _printf_n                                0x0800020d   Thumb Code     0  _printf_n.o(.ARM.Collect$$_printf_percent$$00000001)
    _printf_percent                          0x0800020d   Thumb Code     0  _printf_percent.o(.ARM.Collect$$_printf_percent$$00000000)
    _printf_p                                0x08000213   Thumb Code     0  _printf_p.o(.ARM.Collect$$_printf_percent$$00000002)
    _printf_f                                0x08000219   Thumb Code     0  _printf_f.o(.ARM.Collect$$_printf_percent$$00000003)
    _printf_e                                0x0800021f   Thumb Code     0  _printf_e.o(.ARM.Collect$$_printf_percent$$00000004)
    _printf_g                                0x08000225   Thumb Code     0  _printf_g.o(.ARM.Collect$$_printf_percent$$00000005)
    _printf_a                                0x0800022b   Thumb Code     0  _printf_a.o(.ARM.Collect$$_printf_percent$$00000006)
    _printf_ll                               0x08000231   Thumb Code     0  _printf_ll.o(.ARM.Collect$$_printf_percent$$00000007)
    _printf_i                                0x0800023b   Thumb Code     0  _printf_i.o(.ARM.Collect$$_printf_percent$$00000008)
    _printf_d                                0x08000241   Thumb Code     0  _printf_d.o(.ARM.Collect$$_printf_percent$$00000009)
    _printf_u                                0x08000247   Thumb Code     0  _printf_u.o(.ARM.Collect$$_printf_percent$$0000000A)
    _printf_o                                0x0800024d   Thumb Code     0  _printf_o.o(.ARM.Collect$$_printf_percent$$0000000B)
    _printf_x                                0x08000253   Thumb Code     0  _printf_x.o(.ARM.Collect$$_printf_percent$$0000000C)
    _printf_lli                              0x08000259   Thumb Code     0  _printf_lli.o(.ARM.Collect$$_printf_percent$$0000000D)
    _printf_lld                              0x0800025f   Thumb Code     0  _printf_lld.o(.ARM.Collect$$_printf_percent$$0000000E)
    _printf_llu                              0x08000265   Thumb Code     0  _printf_llu.o(.ARM.Collect$$_printf_percent$$0000000F)
    _printf_llo                              0x0800026b   Thumb Code     0  _printf_llo.o(.ARM.Collect$$_printf_percent$$00000010)
    _printf_llx                              0x08000271   Thumb Code     0  _printf_llx.o(.ARM.Collect$$_printf_percent$$00000011)
    _printf_l                                0x08000277   Thumb Code     0  _printf_l.o(.ARM.Collect$$_printf_percent$$00000012)
    _printf_c                                0x08000281   Thumb Code     0  _printf_c.o(.ARM.Collect$$_printf_percent$$00000013)
    _printf_s                                0x08000287   Thumb Code     0  _printf_s.o(.ARM.Collect$$_printf_percent$$00000014)
    _printf_lc                               0x0800028d   Thumb Code     0  _printf_lc.o(.ARM.Collect$$_printf_percent$$00000015)
    _printf_ls                               0x08000293   Thumb Code     0  _printf_ls.o(.ARM.Collect$$_printf_percent$$00000016)
    _printf_percent_end                      0x08000299   Thumb Code     0  _printf_percent_end.o(.ARM.Collect$$_printf_percent$$00000017)
    __rt_lib_init                            0x0800029d   Thumb Code     0  libinit.o(.ARM.Collect$$libinit$$00000000)
    __rt_lib_init_fp_1                       0x0800029f   Thumb Code     0  libinit2.o(.ARM.Collect$$libinit$$00000001)
    __rt_lib_init_heap_2                     0x080002a3   Thumb Code     0  libinit2.o(.ARM.Collect$$libinit$$00000007)
    __rt_lib_init_preinit_1                  0x080002a3   Thumb Code     0  libinit2.o(.ARM.Collect$$libinit$$00000006)
    __rt_lib_init_relocate_pie_1             0x080002a3   Thumb Code     0  libinit2.o(.ARM.Collect$$libinit$$00000004)
    __rt_lib_init_heap_1                     0x080002ab   Thumb Code     0  libinit2.o(.ARM.Collect$$libinit$$0000000C)
    __rt_lib_init_lc_common                  0x080002ab   Thumb Code     0  libinit2.o(.ARM.Collect$$libinit$$00000011)
    __rt_lib_init_rand_1                     0x080002ab   Thumb Code     0  libinit2.o(.ARM.Collect$$libinit$$00000010)
    __rt_lib_init_user_alloc_1               0x080002ab   Thumb Code     0  libinit2.o(.ARM.Collect$$libinit$$0000000E)
    __rt_lib_init_lc_collate_1               0x080002b1   Thumb Code     0  libinit2.o(.ARM.Collect$$libinit$$00000013)
    __rt_lib_init_lc_ctype_2                 0x080002b1   Thumb Code     0  libinit2.o(.ARM.Collect$$libinit$$00000014)
    __rt_lib_init_lc_ctype_1                 0x080002bd   Thumb Code     0  libinit2.o(.ARM.Collect$$libinit$$00000015)
    __rt_lib_init_lc_monetary_1              0x080002bd   Thumb Code     0  libinit2.o(.ARM.Collect$$libinit$$00000017)
    __rt_lib_init_lc_numeric_2               0x080002bd   Thumb Code     0  libinit2.o(.ARM.Collect$$libinit$$00000018)
    __rt_lib_init_atexit_1                   0x080002c7   Thumb Code     0  libinit2.o(.ARM.Collect$$libinit$$0000001D)
    __rt_lib_init_clock_1                    0x080002c7   Thumb Code     0  libinit2.o(.ARM.Collect$$libinit$$00000023)
    __rt_lib_init_fp_trap_1                  0x080002c7   Thumb Code     0  libinit2.o(.ARM.Collect$$libinit$$00000021)
    __rt_lib_init_getenv_1                   0x080002c7   Thumb Code     0  libinit2.o(.ARM.Collect$$libinit$$00000025)
    __rt_lib_init_lc_numeric_1               0x080002c7   Thumb Code     0  libinit2.o(.ARM.Collect$$libinit$$00000019)
    __rt_lib_init_lc_time_1                  0x080002c7   Thumb Code     0  libinit2.o(.ARM.Collect$$libinit$$0000001B)
    __rt_lib_init_signal_1                   0x080002c7   Thumb Code     0  libinit2.o(.ARM.Collect$$libinit$$0000001F)
    __rt_lib_init_stdio_2                    0x080002c7   Thumb Code     0  libinit2.o(.ARM.Collect$$libinit$$00000026)
    __rt_lib_init_alloca_1                   0x080002cb   Thumb Code     0  libinit2.o(.ARM.Collect$$libinit$$00000030)
    __rt_lib_init_argv_1                     0x080002cb   Thumb Code     0  libinit2.o(.ARM.Collect$$libinit$$0000002E)
    __rt_lib_init_cpp_1                      0x080002cb   Thumb Code     0  libinit2.o(.ARM.Collect$$libinit$$00000034)
    __rt_lib_init_exceptions_1               0x080002cb   Thumb Code     0  libinit2.o(.ARM.Collect$$libinit$$00000032)
    __rt_lib_init_return                     0x080002cb   Thumb Code     0  libinit2.o(.ARM.Collect$$libinit$$00000035)
    __rt_lib_init_stdio_1                    0x080002cb   Thumb Code     0  libinit2.o(.ARM.Collect$$libinit$$00000027)
    __rt_lib_shutdown                        0x080002cd   Thumb Code     0  libshutdown.o(.ARM.Collect$$libshutdown$$00000000)
    __rt_lib_shutdown_cpp_1                  0x080002cf   Thumb Code     0  libshutdown2.o(.ARM.Collect$$libshutdown$$00000002)
    __rt_lib_shutdown_stdio_2                0x080002cf   Thumb Code     0  libshutdown2.o(.ARM.Collect$$libshutdown$$00000003)
    __rt_lib_shutdown_fp_trap_1              0x080002d3   Thumb Code     0  libshutdown2.o(.ARM.Collect$$libshutdown$$00000007)
    __rt_lib_shutdown_heap_1                 0x080002d3   Thumb Code     0  libshutdown2.o(.ARM.Collect$$libshutdown$$0000000F)
    __rt_lib_shutdown_return                 0x080002d3   Thumb Code     0  libshutdown2.o(.ARM.Collect$$libshutdown$$00000010)
    __rt_lib_shutdown_signal_1               0x080002d3   Thumb Code     0  libshutdown2.o(.ARM.Collect$$libshutdown$$0000000A)
    __rt_lib_shutdown_stdio_1                0x080002d3   Thumb Code     0  libshutdown2.o(.ARM.Collect$$libshutdown$$00000004)
    __rt_lib_shutdown_user_alloc_1           0x080002d3   Thumb Code     0  libshutdown2.o(.ARM.Collect$$libshutdown$$0000000C)
    __rt_entry                               0x080002d5   Thumb Code     0  __rtentry.o(.ARM.Collect$$rtentry$$00000000)
    __rt_entry_presh_1                       0x080002d5   Thumb Code     0  __rtentry2.o(.ARM.Collect$$rtentry$$00000002)
    __rt_entry_sh                            0x080002d5   Thumb Code     0  __rtentry4.o(.ARM.Collect$$rtentry$$00000004)
    __rt_entry_li                            0x080002db   Thumb Code     0  __rtentry2.o(.ARM.Collect$$rtentry$$0000000A)
    __rt_entry_postsh_1                      0x080002db   Thumb Code     0  __rtentry2.o(.ARM.Collect$$rtentry$$00000009)
    __rt_entry_main                          0x080002df   Thumb Code     0  __rtentry2.o(.ARM.Collect$$rtentry$$0000000D)
    __rt_entry_postli_1                      0x080002df   Thumb Code     0  __rtentry2.o(.ARM.Collect$$rtentry$$0000000C)
    __rt_exit                                0x080002e7   Thumb Code     0  rtexit.o(.ARM.Collect$$rtexit$$00000000)
    __rt_exit_ls                             0x080002e9   Thumb Code     0  rtexit2.o(.ARM.Collect$$rtexit$$00000003)
    __rt_exit_prels_1                        0x080002e9   Thumb Code     0  rtexit2.o(.ARM.Collect$$rtexit$$00000002)
    __rt_exit_exit                           0x080002ed   Thumb Code     0  rtexit2.o(.ARM.Collect$$rtexit$$00000004)
    Reset_Handler                            0x080002f5   Thumb Code     8  startup_stm32f411xe.o(.text)
    NMI_Handler                              0x080002fd   Thumb Code     2  startup_stm32f411xe.o(.text)
    HardFault_Handler                        0x080002ff   Thumb Code     2  startup_stm32f411xe.o(.text)
    MemManage_Handler                        0x08000301   Thumb Code     2  startup_stm32f411xe.o(.text)
    BusFault_Handler                         0x08000303   Thumb Code     2  startup_stm32f411xe.o(.text)
    UsageFault_Handler                       0x08000305   Thumb Code     2  startup_stm32f411xe.o(.text)
    SVC_Handler                              0x08000307   Thumb Code     2  startup_stm32f411xe.o(.text)
    DebugMon_Handler                         0x08000309   Thumb Code     2  startup_stm32f411xe.o(.text)
    PendSV_Handler                           0x0800030b   Thumb Code     2  startup_stm32f411xe.o(.text)
    ADC_IRQHandler                           0x0800030f   Thumb Code     0  startup_stm32f411xe.o(.text)
    DMA1_Stream0_IRQHandler                  0x0800030f   Thumb Code     0  startup_stm32f411xe.o(.text)
    DMA1_Stream1_IRQHandler                  0x0800030f   Thumb Code     0  startup_stm32f411xe.o(.text)
    DMA1_Stream2_IRQHandler                  0x0800030f   Thumb Code     0  startup_stm32f411xe.o(.text)
    DMA1_Stream3_IRQHandler                  0x0800030f   Thumb Code     0  startup_stm32f411xe.o(.text)
    DMA1_Stream4_IRQHandler                  0x0800030f   Thumb Code     0  startup_stm32f411xe.o(.text)
    DMA1_Stream5_IRQHandler                  0x0800030f   Thumb Code     0  startup_stm32f411xe.o(.text)
    DMA1_Stream6_IRQHandler                  0x0800030f   Thumb Code     0  startup_stm32f411xe.o(.text)
    DMA1_Stream7_IRQHandler                  0x0800030f   Thumb Code     0  startup_stm32f411xe.o(.text)
    DMA2_Stream0_IRQHandler                  0x0800030f   Thumb Code     0  startup_stm32f411xe.o(.text)
    DMA2_Stream1_IRQHandler                  0x0800030f   Thumb Code     0  startup_stm32f411xe.o(.text)
    DMA2_Stream2_IRQHandler                  0x0800030f   Thumb Code     0  startup_stm32f411xe.o(.text)
    DMA2_Stream3_IRQHandler                  0x0800030f   Thumb Code     0  startup_stm32f411xe.o(.text)
    DMA2_Stream4_IRQHandler                  0x0800030f   Thumb Code     0  startup_stm32f411xe.o(.text)
    DMA2_Stream5_IRQHandler                  0x0800030f   Thumb Code     0  startup_stm32f411xe.o(.text)
    DMA2_Stream6_IRQHandler                  0x0800030f   Thumb Code     0  startup_stm32f411xe.o(.text)
    DMA2_Stream7_IRQHandler                  0x0800030f   Thumb Code     0  startup_stm32f411xe.o(.text)
    EXTI0_IRQHandler                         0x0800030f   Thumb Code     0  startup_stm32f411xe.o(.text)
    EXTI15_10_IRQHandler                     0x0800030f   Thumb Code     0  startup_stm32f411xe.o(.text)
    EXTI1_IRQHandler                         0x0800030f   Thumb Code     0  startup_stm32f411xe.o(.text)
    EXTI2_IRQHandler                         0x0800030f   Thumb Code     0  startup_stm32f411xe.o(.text)
    EXTI3_IRQHandler                         0x0800030f   Thumb Code     0  startup_stm32f411xe.o(.text)
    EXTI4_IRQHandler                         0x0800030f   Thumb Code     0  startup_stm32f411xe.o(.text)
    EXTI9_5_IRQHandler                       0x0800030f   Thumb Code     0  startup_stm32f411xe.o(.text)
    FLASH_IRQHandler                         0x0800030f   Thumb Code     0  startup_stm32f411xe.o(.text)
    FPU_IRQHandler                           0x0800030f   Thumb Code     0  startup_stm32f411xe.o(.text)
    I2C1_ER_IRQHandler                       0x0800030f   Thumb Code     0  startup_stm32f411xe.o(.text)
    I2C1_EV_IRQHandler                       0x0800030f   Thumb Code     0  startup_stm32f411xe.o(.text)
    I2C2_ER_IRQHandler                       0x0800030f   Thumb Code     0  startup_stm32f411xe.o(.text)
    I2C2_EV_IRQHandler                       0x0800030f   Thumb Code     0  startup_stm32f411xe.o(.text)
    I2C3_ER_IRQHandler                       0x0800030f   Thumb Code     0  startup_stm32f411xe.o(.text)
    I2C3_EV_IRQHandler                       0x0800030f   Thumb Code     0  startup_stm32f411xe.o(.text)
    OTG_FS_IRQHandler                        0x0800030f   Thumb Code     0  startup_stm32f411xe.o(.text)
    OTG_FS_WKUP_IRQHandler                   0x0800030f   Thumb Code     0  startup_stm32f411xe.o(.text)
    PVD_IRQHandler                           0x0800030f   Thumb Code     0  startup_stm32f411xe.o(.text)
    RCC_IRQHandler                           0x0800030f   Thumb Code     0  startup_stm32f411xe.o(.text)
    RTC_Alarm_IRQHandler                     0x0800030f   Thumb Code     0  startup_stm32f411xe.o(.text)
    RTC_WKUP_IRQHandler                      0x0800030f   Thumb Code     0  startup_stm32f411xe.o(.text)
    SDIO_IRQHandler                          0x0800030f   Thumb Code     0  startup_stm32f411xe.o(.text)
    SPI1_IRQHandler                          0x0800030f   Thumb Code     0  startup_stm32f411xe.o(.text)
    SPI2_IRQHandler                          0x0800030f   Thumb Code     0  startup_stm32f411xe.o(.text)
    SPI3_IRQHandler                          0x0800030f   Thumb Code     0  startup_stm32f411xe.o(.text)
    SPI4_IRQHandler                          0x0800030f   Thumb Code     0  startup_stm32f411xe.o(.text)
    SPI5_IRQHandler                          0x0800030f   Thumb Code     0  startup_stm32f411xe.o(.text)
    TAMP_STAMP_IRQHandler                    0x0800030f   Thumb Code     0  startup_stm32f411xe.o(.text)
    TIM1_BRK_TIM9_IRQHandler                 0x0800030f   Thumb Code     0  startup_stm32f411xe.o(.text)
    TIM1_CC_IRQHandler                       0x0800030f   Thumb Code     0  startup_stm32f411xe.o(.text)
    TIM1_TRG_COM_TIM11_IRQHandler            0x0800030f   Thumb Code     0  startup_stm32f411xe.o(.text)
    TIM1_UP_TIM10_IRQHandler                 0x0800030f   Thumb Code     0  startup_stm32f411xe.o(.text)
    TIM3_IRQHandler                          0x0800030f   Thumb Code     0  startup_stm32f411xe.o(.text)
    TIM4_IRQHandler                          0x0800030f   Thumb Code     0  startup_stm32f411xe.o(.text)
    TIM5_IRQHandler                          0x0800030f   Thumb Code     0  startup_stm32f411xe.o(.text)
    USART1_IRQHandler                        0x0800030f   Thumb Code     0  startup_stm32f411xe.o(.text)
    USART2_IRQHandler                        0x0800030f   Thumb Code     0  startup_stm32f411xe.o(.text)
    USART6_IRQHandler                        0x0800030f   Thumb Code     0  startup_stm32f411xe.o(.text)
    WWDG_IRQHandler                          0x0800030f   Thumb Code     0  startup_stm32f411xe.o(.text)
    __user_initial_stackheap                 0x08000311   Thumb Code     0  startup_stm32f411xe.o(.text)
    __aeabi_uldivmod                         0x08000335   Thumb Code     0  lludivv7m.o(.text)
    _ll_udiv                                 0x08000335   Thumb Code   240  lludivv7m.o(.text)
    printf                                   0x08000425   Thumb Code    20  printf.o(.text)
    strcmp                                   0x08000441   Thumb Code   124  strcmpv7em.o(.text)
    __use_two_region_memory                  0x080004bd   Thumb Code     2  heapauxi.o(.text)
    __rt_heap_escrow                         0x080004bf   Thumb Code     2  heapauxi.o(.text)
    __rt_heap_expand                         0x080004c1   Thumb Code     2  heapauxi.o(.text)
    _printf_pre_padding                      0x080004c3   Thumb Code    44  _printf_pad.o(.text)
    _printf_post_padding                     0x080004ef   Thumb Code    34  _printf_pad.o(.text)
    _printf_truncate_signed                  0x08000511   Thumb Code    18  _printf_truncate.o(.text)
    _printf_truncate_unsigned                0x08000523   Thumb Code    18  _printf_truncate.o(.text)
    _printf_str                              0x08000535   Thumb Code    82  _printf_str.o(.text)
    _printf_int_dec                          0x08000589   Thumb Code   104  _printf_dec.o(.text)
    _printf_charcount                        0x08000601   Thumb Code    40  _printf_charcount.o(.text)
    _printf_char_file                        0x08000629   Thumb Code    32  _printf_char_file.o(.text)
    _printf_wctomb                           0x0800064d   Thumb Code   182  _printf_wctomb.o(.text)
    _printf_longlong_dec                     0x08000709   Thumb Code   108  _printf_longlong_dec.o(.text)
    _printf_longlong_oct                     0x08000785   Thumb Code    68  _printf_oct_int_ll.o(.text)
    _printf_int_oct                          0x080007c9   Thumb Code    24  _printf_oct_int_ll.o(.text)
    _printf_ll_oct                           0x080007e1   Thumb Code    12  _printf_oct_int_ll.o(.text)
    _printf_longlong_hex                     0x080007f5   Thumb Code    86  _printf_hex_int_ll_ptr.o(.text)
    _printf_int_hex                          0x0800084b   Thumb Code    28  _printf_hex_int_ll_ptr.o(.text)
    _printf_ll_hex                           0x08000867   Thumb Code    12  _printf_hex_int_ll_ptr.o(.text)
    _printf_hex_ptr                          0x08000873   Thumb Code    18  _printf_hex_int_ll_ptr.o(.text)
    __printf                                 0x08000889   Thumb Code   388  __printf_flags_ss_wp.o(.text)
    _ll_udiv10                               0x08000a11   Thumb Code   138  lludiv10.o(.text)
    _printf_int_common                       0x08000a9b   Thumb Code   178  _printf_intcommon.o(.text)
    _printf_fp_dec_real                      0x08000cfd   Thumb Code   620  _printf_fp_dec.o(.text)
    _printf_fp_hex_real                      0x08000f69   Thumb Code   756  _printf_fp_hex.o(.text)
    _printf_char_common                      0x0800126f   Thumb Code    32  _printf_char_common.o(.text)
    _printf_cs_common                        0x08001295   Thumb Code    20  _printf_char.o(.text)
    _printf_char                             0x080012a9   Thumb Code    16  _printf_char.o(.text)
    _printf_string                           0x080012b9   Thumb Code     8  _printf_char.o(.text)
    _printf_lcs_common                       0x080012c1   Thumb Code    20  _printf_wchar.o(.text)
    _printf_wchar                            0x080012d5   Thumb Code    16  _printf_wchar.o(.text)
    _printf_wstring                          0x080012e5   Thumb Code     8  _printf_wchar.o(.text)
    ferror                                   0x080012ed   Thumb Code     8  ferror.o(.text)
    _initio                                  0x080012f5   Thumb Code   210  initio.o(.text)
    _terminateio                             0x080013c7   Thumb Code    56  initio.o(.text)
    _c16rtomb                                0x0800142d   Thumb Code    72  _c16rtomb.o(.text)
    _wcrtomb                                 0x0800142d   Thumb Code     0  _c16rtomb.o(.text)
    __user_setup_stackheap                   0x08001475   Thumb Code    74  sys_stackheap_outer.o(.text)
    __rt_ctype_table                         0x080014c1   Thumb Code    16  rt_ctype_table.o(.text)
    __rt_locale                              0x080014d1   Thumb Code     8  rt_locale_intlibspace.o(.text)
    free                                     0x080014d9   Thumb Code    78  h1_free.o(.text)
    _printf_fp_infnan                        0x08001529   Thumb Code   112  _printf_fp_infnan.o(.text)
    _btod_etento                             0x080015a9   Thumb Code   224  bigflt0.o(.text)
    __flsbuf                                 0x0800168d   Thumb Code   482  flsbuf.o(.text)
    __flsbuf_byte                            0x0800168d   Thumb Code     0  flsbuf.o(.text)
    __flsbuf_wide                            0x0800168d   Thumb Code     0  flsbuf.o(.text)
    setvbuf                                  0x0800186f   Thumb Code    70  setvbuf.o(.text)
    freopen                                  0x080018b5   Thumb Code   160  fopen.o(.text)
    fopen                                    0x08001955   Thumb Code    74  fopen.o(.text)
    _fclose_internal                         0x080019a5   Thumb Code    76  fclose.o(.text)
    fclose                                   0x080019a5   Thumb Code     0  fclose.o(.text)
    exit                                     0x080019f1   Thumb Code    18  exit.o(.text)
    __rt_SIGRTRED                            0x08001a03   Thumb Code    14  defsig_rtred_outer.o(.text)
    __aeabi_memclr4                          0x08001a11   Thumb Code     0  rt_memclr_w.o(.text)
    __aeabi_memclr8                          0x08001a11   Thumb Code     0  rt_memclr_w.o(.text)
    __rt_memclr_w                            0x08001a11   Thumb Code     0  rt_memclr_w.o(.text)
    _memset_w                                0x08001a15   Thumb Code    74  rt_memclr_w.o(.text)
    __user_libspace                          0x08001a61   Thumb Code     8  libspace.o(.text)
    __user_perproc_libspace                  0x08001a61   Thumb Code     0  libspace.o(.text)
    __user_perthread_libspace                0x08001a61   Thumb Code     0  libspace.o(.text)
    __rt_heap_descriptor                     0x08001a69   Thumb Code     8  rt_heap_descriptor_intlibspace.o(.text)
    __use_no_heap                            0x08001a71   Thumb Code     2  hguard.o(.text)
    __heap$guard                             0x08001a73   Thumb Code     2  hguard.o(.text)
    _terminate_user_alloc                    0x08001a75   Thumb Code     2  init_alloc.o(.text)
    _init_user_alloc                         0x08001a77   Thumb Code     2  init_alloc.o(.text)
    __Heap_Full                              0x08001a79   Thumb Code    34  init_alloc.o(.text)
    __Heap_Broken                            0x08001a9b   Thumb Code     6  init_alloc.o(.text)
    _init_alloc                              0x08001aa1   Thumb Code    94  init_alloc.o(.text)
    malloc                                   0x08001aff   Thumb Code    94  h1_alloc.o(.text)
    _fseek                                   0x08001b5d   Thumb Code   242  fseek.o(.text)
    fseek                                    0x08001b5d   Thumb Code     0  fseek.o(.text)
    _seterr                                  0x08001c55   Thumb Code    20  stdio.o(.text)
    _writebuf                                0x08001c69   Thumb Code   108  stdio.o(.text)
    _fflush                                  0x08001cd5   Thumb Code    70  stdio.o(.text)
    _deferredlazyseek                        0x08001d1b   Thumb Code    60  stdio.o(.text)
    __sig_exit                               0x08001d5d   Thumb Code    10  defsig_exit.o(.text)
    __rt_SIGRTRED_inner                      0x08001d69   Thumb Code    14  defsig_rtred_inner.o(.text)
    _sys_exit                                0x08001d9d   Thumb Code     8  sys_exit.o(.text)
    __Heap_Initialize                        0x08001da9   Thumb Code    10  h1_init.o(.text)
    _maybe_terminate_alloc                   0x08001da9   Thumb Code     0  maybetermalloc1.o(.text)
    __Heap_DescSize                          0x08001db3   Thumb Code     4  h1_init.o(.text)
    __Heap_ProvideMemory                     0x08001db7   Thumb Code    52  h1_extend.o(.text)
    _ftell_internal                          0x08001deb   Thumb Code    66  ftell.o(.text)
    ftell                                    0x08001deb   Thumb Code     0  ftell.o(.text)
    __default_signal_display                 0x08001e2d   Thumb Code    50  defsig_general.o(.text)
    __rt_SIGRTMEM                            0x08001e5f   Thumb Code    14  defsig_rtmem_outer.o(.text)
    _ttywrch                                 0x08001e6d   Thumb Code    14  sys_wrch.o(.text)
    __I$use$semihosting                      0x08001e7b   Thumb Code     0  use_no_semi.o(.text)
    __use_no_semihosting_swi                 0x08001e7b   Thumb Code     2  use_no_semi.o(.text)
    __aeabi_errno_addr                       0x08001e7d   Thumb Code     8  rt_errno_addr_intlibspace.o(.text)
    __errno$intlibspace                      0x08001e7d   Thumb Code     0  rt_errno_addr_intlibspace.o(.text)
    __rt_errno_addr$intlibspace              0x08001e7d   Thumb Code     0  rt_errno_addr_intlibspace.o(.text)
    __semihosting_library_function           0x08001e7d   Thumb Code     0  indicate_semi.o(.text)
    __rt_SIGRTMEM_inner                      0x08001e85   Thumb Code    22  defsig_rtmem_inner.o(.text)
    DISP_Init                                0x08001ed5   Thumb Code    16  display.o(.text.DISP_Init)
    DISP_Update                              0x08001ee5   Thumb Code   270  display.o(.text.DISP_Update)
    ITM_SendChar                             0x08001ff5   Thumb Code    66  retarget_io.o(.text.ITM_SendChar)
    LED_Init                                 0x08002039   Thumb Code   126  led.o(.text.LED_Init)
    LED_SetState                             0x080020b9   Thumb Code    78  led.o(.text.LED_SetState)
    LL_GPIO_Init                             0x08002109   Thumb Code   264  stm32f4xx_ll_gpio.o(.text.LL_GPIO_Init)
    LL_RCC_GetSystemClocksFreq               0x08002505   Thumb Code    54  stm32f4xx_ll_rcc.o(.text.LL_RCC_GetSystemClocksFreq)
    LL_USART_Init                            0x08002591   Thumb Code   210  stm32f4xx_ll_usart.o(.text.LL_USART_Init)
    Motor_Init                               0x08002771   Thumb Code   114  motor.o(.text.Motor_Init)
    Motor_SetAngle                           0x080027e5   Thumb Code    24  motor.o(.text.Motor_SetAngle)
    Motor_Update                             0x080027fd   Thumb Code    16  motor.o(.text.Motor_Update)
    RCC_GetHCLKClockFreq                     0x0800280d   Thumb Code    38  stm32f4xx_ll_rcc.o(.text.RCC_GetHCLKClockFreq)
    RCC_GetPCLK1ClockFreq                    0x08002835   Thumb Code    36  stm32f4xx_ll_rcc.o(.text.RCC_GetPCLK1ClockFreq)
    RCC_GetPCLK2ClockFreq                    0x08002859   Thumb Code    36  stm32f4xx_ll_rcc.o(.text.RCC_GetPCLK2ClockFreq)
    RCC_GetSystemClockFreq                   0x0800287d   Thumb Code    88  stm32f4xx_ll_rcc.o(.text.RCC_GetSystemClockFreq)
    RCC_PLL_GetFreqDomain_SYS                0x080028d5   Thumb Code   142  stm32f4xx_ll_rcc.o(.text.RCC_PLL_GetFreqDomain_SYS)
    SW_GetPressedTime                        0x08002965   Thumb Code    28  sw.o(.text.SW_GetPressedTime)
    SW_GetState                              0x08002981   Thumb Code    28  sw.o(.text.SW_GetState)
    SW_Init                                  0x0800299d   Thumb Code   218  sw.o(.text.SW_Init)
    SW_Update                                0x08002a79   Thumb Code   604  sw.o(.text.SW_Update)
    SysTick_Handler                          0x08002d29   Thumb Code    18  timer.o(.text.SysTick_Handler)
    SystemInit                               0x08002d3d   Thumb Code    32  system_stm32f4xx.o(.text.SystemInit)
    TIM2_IRQHandler                          0x08002d5d   Thumb Code    46  timer2.o(.text.TIM2_IRQHandler)
    TMR_Init                                 0x08002d8d   Thumb Code    20  timer.o(.text.TMR_Init)
    TMR_Start                                0x08002da1   Thumb Code    18  timer.o(.text.TMR_Start)
    TMR_Stop                                 0x08002db5   Thumb Code    18  timer.o(.text.TMR_Stop)
    Timer2_init                              0x08002dc9   Thumb Code   104  timer2.o(.text.Timer2_init)
    Timer2_set_call_back_func                0x08002e31   Thumb Code    20  timer2.o(.text.Timer2_set_call_back_func)
    UART_Init                                0x08002e45   Thumb Code   162  uart.o(.text.UART_Init)
    UART_Send                                0x08002ee9   Thumb Code    28  uart.o(.text.UART_Send)
    UART_Send_String                         0x08002f05   Thumb Code    44  uart.o(.text.UART_Send_String)
    VC_GetSpeed                              0x08002f31   Thumb Code    12  vc.o(.text.VC_GetSpeed)
    VC_Init                                  0x08002f3d   Thumb Code    14  vc.o(.text.VC_Init)
    VC_Update                                0x08002f4d   Thumb Code   568  vc.o(.text.VC_Update)
    _sys_close                               0x080031c9   Thumb Code    74  retarget_io.o(.text._sys_close)
    _sys_flen                                0x08003215   Thumb Code    72  retarget_io.o(.text._sys_flen)
    _sys_istty                               0x0800325d   Thumb Code    72  retarget_io.o(.text._sys_istty)
    _sys_open                                0x080032a5   Thumb Code   134  retarget_io.o(.text._sys_open)
    _sys_seek                                0x0800332d   Thumb Code    82  retarget_io.o(.text._sys_seek)
    _sys_write                               0x08003381   Thumb Code   152  retarget_io.o(.text._sys_write)
    angle_to_time                            0x08003419   Thumb Code    48  motor.o(.text.angle_to_time)
    firing_update                            0x08003449   Thumb Code    72  motor.o(.text.firing_update)
    harmonics_reduction_update               0x08003491   Thumb Code   298  motor.o(.text.harmonics_reduction_update)
    main                                     0x080035bd   Thumb Code    70  main.o(.text.main)
    set_firing_angle_num_of_counts           0x08003605   Thumb Code    44  timer2.o(.text.set_firing_angle_num_of_counts)
    soft_switching_update                    0x08003631   Thumb Code   174  motor.o(.text.soft_switching_update)
    start_firing                             0x080036e1   Thumb Code    14  motor.o(.text.start_firing)
    stop_Timer2                              0x0800370d   Thumb Code    14  timer2.o(.text.stop_Timer2)
    _btod_d2e                                0x0800371b   Thumb Code    62  btod.o(CL$$btod_d2e)
    _d2e_denorm_low                          0x08003759   Thumb Code    70  btod.o(CL$$btod_d2e_denorm_low)
    _d2e_norm_op1                            0x0800379f   Thumb Code    96  btod.o(CL$$btod_d2e_norm_op1)
    __btod_div_common                        0x08003801   Thumb Code   696  btod.o(CL$$btod_div_common)
    _e2e                                     0x08003b39   Thumb Code   220  btod.o(CL$$btod_e2e)
    _btod_ediv                               0x08003c15   Thumb Code    42  btod.o(CL$$btod_ediv)
    _btod_emul                               0x08003c3f   Thumb Code    42  btod.o(CL$$btod_emul)
    __btod_mult_common                       0x08003c69   Thumb Code   580  btod.o(CL$$btod_mult_common)
    __ARM_fpclassify                         0x08003ead   Thumb Code    48  fpclassify.o(i.__ARM_fpclassify)
    _is_digit                                0x08003edd   Thumb Code    14  __printf_wp.o(i._is_digit)
    fputc                                    0x08003eeb   Thumb Code    28  fputc.o(i.fputc)
    _get_lc_numeric                          0x08003f09   Thumb Code    44  lc_numeric_c.o(locale$$code)
    _get_lc_ctype                            0x08003f35   Thumb Code    44  lc_ctype_c.o(locale$$code)
    _fp_init                                 0x08003f61   Thumb Code    26  fpinit.o(x$fpl$fpinit)
    __fplib_config_fpu_vfp                   0x08003f79   Thumb Code     0  fpinit.o(x$fpl$fpinit)
    __fplib_config_pureend_doubles           0x08003f79   Thumb Code     0  fpinit.o(x$fpl$fpinit)
    _printf_fp_dec                           0x08003f7b   Thumb Code     4  printf1.o(x$fpl$printf1)
    _printf_fp_hex                           0x08003f7f   Thumb Code     4  printf2.o(x$fpl$printf2)
    __I$use$fp                               0x08003f82   Number         0  usenofp.o(x$fpl$usenofp)
    AHBPrescTable                            0x08004080   Data          16  system_stm32f4xx.o(.rodata.AHBPrescTable)
    APBPrescTable                            0x08004090   Data           8  system_stm32f4xx.o(.rodata.APBPrescTable)
    __stderr_name                            0x08004098   Data           8  retarget_io.o(.rodata.__stderr_name)
    __stdin_name                             0x080040a0   Data           7  retarget_io.o(.rodata.__stdin_name)
    __stdout_name                            0x080040a7   Data           8  retarget_io.o(.rodata.__stdout_name)
    Region$$Table$$Base                      0x0800410c   Number         0  anon$$obj.o(Region$$Table)
    Region$$Table$$Limit                     0x0800412c   Number         0  anon$$obj.o(Region$$Table)
    __ctype                                  0x08004155   Data           0  lc_ctype_c.o(locale$$data)
    __aeabi_stdin                            0x20000000   Data           4  stdio_streams.o(.data)
    __aeabi_stdout                           0x20000004   Data           4  stdio_streams.o(.data)
    __aeabi_stderr                           0x20000008   Data           4  stdio_streams.o(.data)
    __stdin                                  0x20000010   Data          84  stdio_streams.o(.bss)
    __stdout                                 0x20000064   Data          84  stdio_streams.o(.bss)
    __stderr                                 0x200000b8   Data          84  stdio_streams.o(.bss)
    __libspace_start                         0x2000010c   Data          96  libspace.o(.bss)
    __temporary_stack_top$libspace           0x2000016c   Data           0  libspace.o(.bss)
    dust                                     0x20000196   Data           1  vc.o(.bss.dust)
    dust_sw                                  0x20000197   Data           1  sw.o(.bss.dust_sw)
    fire                                     0x20000198   Data           1  motor.o(.bss.fire)
    minus_sw                                 0x200001a8   Data           1  sw.o(.bss.minus_sw)
    plus_sw                                  0x200001aa   Data           1  sw.o(.bss.plus_sw)
    speed                                    0x200001b0   Data           4  display.o(.bss.speed)
    tick                                     0x200001b8   Data           4  timer.o(.bss.tick)



==============================================================================

Memory Map of the image

  Image Entry point : 0x080002f5

  Load Region LR_1 (Base: 0x08000000, Size: 0x00004268, Max: 0xffffffff, ABSOLUTE)

    Execution Region ER_RO (Exec base: 0x08000000, Load base: 0x08000000, Size: 0x00004258, Max: 0xffffffff, ABSOLUTE)

    Exec Addr    Load Addr    Size         Type   Attr      Idx    E Section Name        Object

    0x08000000   0x08000000   0x00000198   Data   RO            3    RESET               startup_stm32f411xe.o
    0x08000198   0x08000198   0x00000008   Code   RO          455  * !!!main             c_w.l(__main.o)
    0x080001a0   0x080001a0   0x00000034   Code   RO          976    !!!scatter          c_w.l(__scatter.o)
    0x080001d4   0x080001d4   0x0000001a   Code   RO          978    !!handler_copy      c_w.l(__scatter_copy.o)
    0x080001ee   0x080001ee   0x00000002   PAD
    0x080001f0   0x080001f0   0x0000001c   Code   RO          980    !!handler_zi        c_w.l(__scatter_zi.o)
    0x0800020c   0x0800020c   0x00000000   Code   RO          541    .ARM.Collect$$_printf_percent$$00000000  c_w.l(_printf_percent.o)
    0x0800020c   0x0800020c   0x00000006   Code   RO          530    .ARM.Collect$$_printf_percent$$00000001  c_w.l(_printf_n.o)
    0x08000212   0x08000212   0x00000006   Code   RO          532    .ARM.Collect$$_printf_percent$$00000002  c_w.l(_printf_p.o)
    0x08000218   0x08000218   0x00000006   Code   RO          537    .ARM.Collect$$_printf_percent$$00000003  c_w.l(_printf_f.o)
    0x0800021e   0x0800021e   0x00000006   Code   RO          538    .ARM.Collect$$_printf_percent$$00000004  c_w.l(_printf_e.o)
    0x08000224   0x08000224   0x00000006   Code   RO          539    .ARM.Collect$$_printf_percent$$00000005  c_w.l(_printf_g.o)
    0x0800022a   0x0800022a   0x00000006   Code   RO          540    .ARM.Collect$$_printf_percent$$00000006  c_w.l(_printf_a.o)
    0x08000230   0x08000230   0x0000000a   Code   RO          545    .ARM.Collect$$_printf_percent$$00000007  c_w.l(_printf_ll.o)
    0x0800023a   0x0800023a   0x00000006   Code   RO          534    .ARM.Collect$$_printf_percent$$00000008  c_w.l(_printf_i.o)
    0x08000240   0x08000240   0x00000006   Code   RO          535    .ARM.Collect$$_printf_percent$$00000009  c_w.l(_printf_d.o)
    0x08000246   0x08000246   0x00000006   Code   RO          536    .ARM.Collect$$_printf_percent$$0000000A  c_w.l(_printf_u.o)
    0x0800024c   0x0800024c   0x00000006   Code   RO          533    .ARM.Collect$$_printf_percent$$0000000B  c_w.l(_printf_o.o)
    0x08000252   0x08000252   0x00000006   Code   RO          531    .ARM.Collect$$_printf_percent$$0000000C  c_w.l(_printf_x.o)
    0x08000258   0x08000258   0x00000006   Code   RO          542    .ARM.Collect$$_printf_percent$$0000000D  c_w.l(_printf_lli.o)
    0x0800025e   0x0800025e   0x00000006   Code   RO          543    .ARM.Collect$$_printf_percent$$0000000E  c_w.l(_printf_lld.o)
    0x08000264   0x08000264   0x00000006   Code   RO          544    .ARM.Collect$$_printf_percent$$0000000F  c_w.l(_printf_llu.o)
    0x0800026a   0x0800026a   0x00000006   Code   RO          549    .ARM.Collect$$_printf_percent$$00000010  c_w.l(_printf_llo.o)
    0x08000270   0x08000270   0x00000006   Code   RO          550    .ARM.Collect$$_printf_percent$$00000011  c_w.l(_printf_llx.o)
    0x08000276   0x08000276   0x0000000a   Code   RO          546    .ARM.Collect$$_printf_percent$$00000012  c_w.l(_printf_l.o)
    0x08000280   0x08000280   0x00000006   Code   RO          528    .ARM.Collect$$_printf_percent$$00000013  c_w.l(_printf_c.o)
    0x08000286   0x08000286   0x00000006   Code   RO          529    .ARM.Collect$$_printf_percent$$00000014  c_w.l(_printf_s.o)
    0x0800028c   0x0800028c   0x00000006   Code   RO          547    .ARM.Collect$$_printf_percent$$00000015  c_w.l(_printf_lc.o)
    0x08000292   0x08000292   0x00000006   Code   RO          548    .ARM.Collect$$_printf_percent$$00000016  c_w.l(_printf_ls.o)
    0x08000298   0x08000298   0x00000004   Code   RO          599    .ARM.Collect$$_printf_percent$$00000017  c_w.l(_printf_percent_end.o)
    0x0800029c   0x0800029c   0x00000002   Code   RO          747    .ARM.Collect$$libinit$$00000000  c_w.l(libinit.o)
    0x0800029e   0x0800029e   0x00000004   Code   RO          748    .ARM.Collect$$libinit$$00000001  c_w.l(libinit2.o)
    0x080002a2   0x080002a2   0x00000000   Code   RO          751    .ARM.Collect$$libinit$$00000004  c_w.l(libinit2.o)
    0x080002a2   0x080002a2   0x00000000   Code   RO          753    .ARM.Collect$$libinit$$00000006  c_w.l(libinit2.o)
    0x080002a2   0x080002a2   0x00000008   Code   RO          754    .ARM.Collect$$libinit$$00000007  c_w.l(libinit2.o)
    0x080002aa   0x080002aa   0x00000000   Code   RO          756    .ARM.Collect$$libinit$$0000000C  c_w.l(libinit2.o)
    0x080002aa   0x080002aa   0x00000000   Code   RO          758    .ARM.Collect$$libinit$$0000000E  c_w.l(libinit2.o)
    0x080002aa   0x080002aa   0x00000000   Code   RO          760    .ARM.Collect$$libinit$$00000010  c_w.l(libinit2.o)
    0x080002aa   0x080002aa   0x00000006   Code   RO          761    .ARM.Collect$$libinit$$00000011  c_w.l(libinit2.o)
    0x080002b0   0x080002b0   0x00000000   Code   RO          763    .ARM.Collect$$libinit$$00000013  c_w.l(libinit2.o)
    0x080002b0   0x080002b0   0x0000000c   Code   RO          764    .ARM.Collect$$libinit$$00000014  c_w.l(libinit2.o)
    0x080002bc   0x080002bc   0x00000000   Code   RO          765    .ARM.Collect$$libinit$$00000015  c_w.l(libinit2.o)
    0x080002bc   0x080002bc   0x00000000   Code   RO          767    .ARM.Collect$$libinit$$00000017  c_w.l(libinit2.o)
    0x080002bc   0x080002bc   0x0000000a   Code   RO          768    .ARM.Collect$$libinit$$00000018  c_w.l(libinit2.o)
    0x080002c6   0x080002c6   0x00000000   Code   RO          769    .ARM.Collect$$libinit$$00000019  c_w.l(libinit2.o)
    0x080002c6   0x080002c6   0x00000000   Code   RO          771    .ARM.Collect$$libinit$$0000001B  c_w.l(libinit2.o)
    0x080002c6   0x080002c6   0x00000000   Code   RO          773    .ARM.Collect$$libinit$$0000001D  c_w.l(libinit2.o)
    0x080002c6   0x080002c6   0x00000000   Code   RO          775    .ARM.Collect$$libinit$$0000001F  c_w.l(libinit2.o)
    0x080002c6   0x080002c6   0x00000000   Code   RO          777    .ARM.Collect$$libinit$$00000021  c_w.l(libinit2.o)
    0x080002c6   0x080002c6   0x00000000   Code   RO          779    .ARM.Collect$$libinit$$00000023  c_w.l(libinit2.o)
    0x080002c6   0x080002c6   0x00000000   Code   RO          781    .ARM.Collect$$libinit$$00000025  c_w.l(libinit2.o)
    0x080002c6   0x080002c6   0x00000004   Code   RO          782    .ARM.Collect$$libinit$$00000026  c_w.l(libinit2.o)
    0x080002ca   0x080002ca   0x00000000   Code   RO          783    .ARM.Collect$$libinit$$00000027  c_w.l(libinit2.o)
    0x080002ca   0x080002ca   0x00000000   Code   RO          787    .ARM.Collect$$libinit$$0000002E  c_w.l(libinit2.o)
    0x080002ca   0x080002ca   0x00000000   Code   RO          789    .ARM.Collect$$libinit$$00000030  c_w.l(libinit2.o)
    0x080002ca   0x080002ca   0x00000000   Code   RO          791    .ARM.Collect$$libinit$$00000032  c_w.l(libinit2.o)
    0x080002ca   0x080002ca   0x00000000   Code   RO          793    .ARM.Collect$$libinit$$00000034  c_w.l(libinit2.o)
    0x080002ca   0x080002ca   0x00000002   Code   RO          794    .ARM.Collect$$libinit$$00000035  c_w.l(libinit2.o)
    0x080002cc   0x080002cc   0x00000002   Code   RO          957    .ARM.Collect$$libshutdown$$00000000  c_w.l(libshutdown.o)
    0x080002ce   0x080002ce   0x00000000   Code   RO          796    .ARM.Collect$$libshutdown$$00000002  c_w.l(libshutdown2.o)
    0x080002ce   0x080002ce   0x00000004   Code   RO          797    .ARM.Collect$$libshutdown$$00000003  c_w.l(libshutdown2.o)
    0x080002d2   0x080002d2   0x00000000   Code   RO          798    .ARM.Collect$$libshutdown$$00000004  c_w.l(libshutdown2.o)
    0x080002d2   0x080002d2   0x00000000   Code   RO          801    .ARM.Collect$$libshutdown$$00000007  c_w.l(libshutdown2.o)
    0x080002d2   0x080002d2   0x00000000   Code   RO          804    .ARM.Collect$$libshutdown$$0000000A  c_w.l(libshutdown2.o)
    0x080002d2   0x080002d2   0x00000000   Code   RO          806    .ARM.Collect$$libshutdown$$0000000C  c_w.l(libshutdown2.o)
    0x080002d2   0x080002d2   0x00000000   Code   RO          809    .ARM.Collect$$libshutdown$$0000000F  c_w.l(libshutdown2.o)
    0x080002d2   0x080002d2   0x00000002   Code   RO          810    .ARM.Collect$$libshutdown$$00000010  c_w.l(libshutdown2.o)
    0x080002d4   0x080002d4   0x00000000   Code   RO          457    .ARM.Collect$$rtentry$$00000000  c_w.l(__rtentry.o)
    0x080002d4   0x080002d4   0x00000000   Code   RO          566    .ARM.Collect$$rtentry$$00000002  c_w.l(__rtentry2.o)
    0x080002d4   0x080002d4   0x00000006   Code   RO          578    .ARM.Collect$$rtentry$$00000004  c_w.l(__rtentry4.o)
    0x080002da   0x080002da   0x00000000   Code   RO          568    .ARM.Collect$$rtentry$$00000009  c_w.l(__rtentry2.o)
    0x080002da   0x080002da   0x00000004   Code   RO          569    .ARM.Collect$$rtentry$$0000000A  c_w.l(__rtentry2.o)
    0x080002de   0x080002de   0x00000000   Code   RO          571    .ARM.Collect$$rtentry$$0000000C  c_w.l(__rtentry2.o)
    0x080002de   0x080002de   0x00000008   Code   RO          572    .ARM.Collect$$rtentry$$0000000D  c_w.l(__rtentry2.o)
    0x080002e6   0x080002e6   0x00000002   Code   RO          821    .ARM.Collect$$rtexit$$00000000  c_w.l(rtexit.o)
    0x080002e8   0x080002e8   0x00000000   Code   RO          884    .ARM.Collect$$rtexit$$00000002  c_w.l(rtexit2.o)
    0x080002e8   0x080002e8   0x00000004   Code   RO          885    .ARM.Collect$$rtexit$$00000003  c_w.l(rtexit2.o)
    0x080002ec   0x080002ec   0x00000006   Code   RO          886    .ARM.Collect$$rtexit$$00000004  c_w.l(rtexit2.o)
    0x080002f2   0x080002f2   0x00000002   PAD
    0x080002f4   0x080002f4   0x00000040   Code   RO            4  * .text               startup_stm32f411xe.o
    0x08000334   0x08000334   0x000000f0   Code   RO          447    .text               c_w.l(lludivv7m.o)
    0x08000424   0x08000424   0x00000018   Code   RO          449    .text               c_w.l(printf.o)
    0x0800043c   0x0800043c   0x00000004   PAD
    0x08000440   0x08000440   0x0000007c   Code   RO          451    .text               c_w.l(strcmpv7em.o)
    0x080004bc   0x080004bc   0x00000006   Code   RO          453    .text               c_w.l(heapauxi.o)
    0x080004c2   0x080004c2   0x0000004e   Code   RO          464    .text               c_w.l(_printf_pad.o)
    0x08000510   0x08000510   0x00000024   Code   RO          466    .text               c_w.l(_printf_truncate.o)
    0x08000534   0x08000534   0x00000052   Code   RO          468    .text               c_w.l(_printf_str.o)
    0x08000586   0x08000586   0x00000002   PAD
    0x08000588   0x08000588   0x00000078   Code   RO          470    .text               c_w.l(_printf_dec.o)
    0x08000600   0x08000600   0x00000028   Code   RO          472    .text               c_w.l(_printf_charcount.o)
    0x08000628   0x08000628   0x00000024   Code   RO          474    .text               c_w.l(_printf_char_file.o)
    0x0800064c   0x0800064c   0x000000bc   Code   RO          476    .text               c_w.l(_printf_wctomb.o)
    0x08000708   0x08000708   0x0000007c   Code   RO          479    .text               c_w.l(_printf_longlong_dec.o)
    0x08000784   0x08000784   0x00000070   Code   RO          485    .text               c_w.l(_printf_oct_int_ll.o)
    0x080007f4   0x080007f4   0x00000094   Code   RO          505    .text               c_w.l(_printf_hex_int_ll_ptr.o)
    0x08000888   0x08000888   0x00000188   Code   RO          525    .text               c_w.l(__printf_flags_ss_wp.o)
    0x08000a10   0x08000a10   0x0000008a   Code   RO          582    .text               c_w.l(lludiv10.o)
    0x08000a9a   0x08000a9a   0x000000b2   Code   RO          584    .text               c_w.l(_printf_intcommon.o)
    0x08000b4c   0x08000b4c   0x0000041c   Code   RO          586    .text               c_w.l(_printf_fp_dec.o)
    0x08000f68   0x08000f68   0x000002fc   Code   RO          590    .text               c_w.l(_printf_fp_hex.o)
    0x08001264   0x08001264   0x00000030   Code   RO          593    .text               c_w.l(_printf_char_common.o)
    0x08001294   0x08001294   0x0000002c   Code   RO          595    .text               c_w.l(_printf_char.o)
    0x080012c0   0x080012c0   0x0000002c   Code   RO          597    .text               c_w.l(_printf_wchar.o)
    0x080012ec   0x080012ec   0x00000008   Code   RO          600    .text               c_w.l(ferror.o)
    0x080012f4   0x080012f4   0x00000138   Code   RO          606    .text               c_w.l(initio.o)
    0x0800142c   0x0800142c   0x00000048   Code   RO          614    .text               c_w.l(_c16rtomb.o)
    0x08001474   0x08001474   0x0000004a   Code   RO          618    .text               c_w.l(sys_stackheap_outer.o)
    0x080014be   0x080014be   0x00000002   PAD
    0x080014c0   0x080014c0   0x00000010   Code   RO          620    .text               c_w.l(rt_ctype_table.o)
    0x080014d0   0x080014d0   0x00000008   Code   RO          625    .text               c_w.l(rt_locale_intlibspace.o)
    0x080014d8   0x080014d8   0x0000004e   Code   RO          629    .text               c_w.l(h1_free.o)
    0x08001526   0x08001526   0x00000002   PAD
    0x08001528   0x08001528   0x00000080   Code   RO          683    .text               c_w.l(_printf_fp_infnan.o)
    0x080015a8   0x080015a8   0x000000e4   Code   RO          687    .text               c_w.l(bigflt0.o)
    0x0800168c   0x0800168c   0x000001e2   Code   RO          714    .text               c_w.l(flsbuf.o)
    0x0800186e   0x0800186e   0x00000046   Code   RO          716    .text               c_w.l(setvbuf.o)
    0x080018b4   0x080018b4   0x000000f0   Code   RO          719    .text               c_w.l(fopen.o)
    0x080019a4   0x080019a4   0x0000004c   Code   RO          721    .text               c_w.l(fclose.o)
    0x080019f0   0x080019f0   0x00000012   Code   RO          730    .text               c_w.l(exit.o)
    0x08001a02   0x08001a02   0x0000000e   Code   RO          736    .text               c_w.l(defsig_rtred_outer.o)
    0x08001a10   0x08001a10   0x0000004e   Code   RO          740    .text               c_w.l(rt_memclr_w.o)
    0x08001a5e   0x08001a5e   0x00000002   PAD
    0x08001a60   0x08001a60   0x00000008   Code   RO          818    .text               c_w.l(libspace.o)
    0x08001a68   0x08001a68   0x00000008   Code   RO          828    .text               c_w.l(rt_heap_descriptor_intlibspace.o)
    0x08001a70   0x08001a70   0x00000004   Code   RO          830    .text               c_w.l(hguard.o)
    0x08001a74   0x08001a74   0x0000008a   Code   RO          832    .text               c_w.l(init_alloc.o)
    0x08001afe   0x08001afe   0x0000005e   Code   RO          838    .text               c_w.l(h1_alloc.o)
    0x08001b5c   0x08001b5c   0x000000f8   Code   RO          854    .text               c_w.l(fseek.o)
    0x08001c54   0x08001c54   0x00000108   Code   RO          856    .text               c_w.l(stdio.o)
    0x08001d5c   0x08001d5c   0x0000000a   Code   RO          865    .text               c_w.l(defsig_exit.o)
    0x08001d66   0x08001d66   0x00000002   PAD
    0x08001d68   0x08001d68   0x00000034   Code   RO          869    .text               c_w.l(defsig_rtred_inner.o)
    0x08001d9c   0x08001d9c   0x0000000c   Code   RO          879    .text               c_w.l(sys_exit.o)
    0x08001da8   0x08001da8   0x00000000   Code   RO          890    .text               c_w.l(maybetermalloc1.o)
    0x08001da8   0x08001da8   0x0000000e   Code   RO          892    .text               c_w.l(h1_init.o)
    0x08001db6   0x08001db6   0x00000034   Code   RO          894    .text               c_w.l(h1_extend.o)
    0x08001dea   0x08001dea   0x00000042   Code   RO          906    .text               c_w.l(ftell.o)
    0x08001e2c   0x08001e2c   0x00000032   Code   RO          914    .text               c_w.l(defsig_general.o)
    0x08001e5e   0x08001e5e   0x0000000e   Code   RO          916    .text               c_w.l(defsig_rtmem_outer.o)
    0x08001e6c   0x08001e6c   0x0000000e   Code   RO          931    .text               c_w.l(sys_wrch.o)
    0x08001e7a   0x08001e7a   0x00000002   Code   RO          939    .text               c_w.l(use_no_semi.o)
    0x08001e7c   0x08001e7c   0x00000000   Code   RO          941    .text               c_w.l(indicate_semi.o)
    0x08001e7c   0x08001e7c   0x00000008   Code   RO          945    .text               c_w.l(rt_errno_addr_intlibspace.o)
    0x08001e84   0x08001e84   0x00000050   Code   RO          951    .text               c_w.l(defsig_rtmem_inner.o)
    0x08001ed4   0x08001ed4   0x00000010   Code   RO          243    .text.DISP_Init     display.o
    0x08001ee4   0x08001ee4   0x0000010e   Code   RO          245    .text.DISP_Update   display.o
    0x08001ff2   0x08001ff2   0x00000002   PAD
    0x08001ff4   0x08001ff4   0x00000042   Code   RO          410    .text.ITM_SendChar  retarget_io.o
    0x08002036   0x08002036   0x00000002   PAD
    0x08002038   0x08002038   0x0000007e   Code   RO          257    .text.LED_Init      led.o
    0x080020b6   0x080020b6   0x00000002   PAD
    0x080020b8   0x080020b8   0x0000004e   Code   RO          263    .text.LED_SetState  led.o
    0x08002106   0x08002106   0x00000002   PAD
    0x08002108   0x08002108   0x00000108   Code   RO          106    .text.LL_GPIO_Init  stm32f4xx_ll_gpio.o
    0x08002210   0x08002210   0x00000012   Code   RO          261    .text.LL_GPIO_ResetOutputPin  led.o
    0x08002222   0x08002222   0x00000002   PAD
    0x08002224   0x08002224   0x0000007c   Code   RO          114    .text.LL_GPIO_SetAFPin_0_7  stm32f4xx_ll_gpio.o
    0x080022a0   0x080022a0   0x00000080   Code   RO          116    .text.LL_GPIO_SetAFPin_8_15  stm32f4xx_ll_gpio.o
    0x08002320   0x08002320   0x00000010   Code   RO          259    .text.LL_GPIO_SetOutputPin  led.o
    0x08002330   0x08002330   0x0000007c   Code   RO          118    .text.LL_GPIO_SetPinMode  stm32f4xx_ll_gpio.o
    0x080023ac   0x080023ac   0x0000001e   Code   RO          110    .text.LL_GPIO_SetPinOutputType  stm32f4xx_ll_gpio.o
    0x080023ca   0x080023ca   0x00000002   PAD
    0x080023cc   0x080023cc   0x0000007c   Code   RO          112    .text.LL_GPIO_SetPinPull  stm32f4xx_ll_gpio.o
    0x08002448   0x08002448   0x0000007c   Code   RO          108    .text.LL_GPIO_SetPinSpeed  stm32f4xx_ll_gpio.o
    0x080024c4   0x080024c4   0x00000010   Code   RO          202    .text.LL_RCC_GetAHBPrescaler  stm32f4xx_ll_rcc.o
    0x080024d4   0x080024d4   0x00000010   Code   RO          204    .text.LL_RCC_GetAPB1Prescaler  stm32f4xx_ll_rcc.o
    0x080024e4   0x080024e4   0x00000010   Code   RO          206    .text.LL_RCC_GetAPB2Prescaler  stm32f4xx_ll_rcc.o
    0x080024f4   0x080024f4   0x00000010   Code   RO          198    .text.LL_RCC_GetSysClkSource  stm32f4xx_ll_rcc.o
    0x08002504   0x08002504   0x00000036   Code   RO          174    .text.LL_RCC_GetSystemClocksFreq  stm32f4xx_ll_rcc.o
    0x0800253a   0x0800253a   0x00000002   PAD
    0x0800253c   0x0800253c   0x00000010   Code   RO          210    .text.LL_RCC_PLL_GetDivider  stm32f4xx_ll_rcc.o
    0x0800254c   0x0800254c   0x00000010   Code   RO          208    .text.LL_RCC_PLL_GetMainSource  stm32f4xx_ll_rcc.o
    0x0800255c   0x0800255c   0x00000010   Code   RO          212    .text.LL_RCC_PLL_GetN  stm32f4xx_ll_rcc.o
    0x0800256c   0x0800256c   0x00000010   Code   RO          214    .text.LL_RCC_PLL_GetP  stm32f4xx_ll_rcc.o
    0x0800257c   0x0800257c   0x00000012   Code   RO          318    .text.LL_USART_Enable  uart.o
    0x0800258e   0x0800258e   0x00000002   PAD
    0x08002590   0x08002590   0x000000d2   Code   RO          139    .text.LL_USART_Init  stm32f4xx_ll_usart.o
    0x08002662   0x08002662   0x00000002   PAD
    0x08002664   0x08002664   0x00000010   Code   RO          141    .text.LL_USART_IsEnabled  stm32f4xx_ll_usart.o
    0x08002674   0x08002674   0x000000b0   Code   RO          147    .text.LL_USART_SetBaudRate  stm32f4xx_ll_usart.o
    0x08002724   0x08002724   0x0000001a   Code   RO          145    .text.LL_USART_SetHWFlowCtrl  stm32f4xx_ll_usart.o
    0x0800273e   0x0800273e   0x00000002   PAD
    0x08002740   0x08002740   0x0000001a   Code   RO          143    .text.LL_USART_SetStopBitsLength  stm32f4xx_ll_usart.o
    0x0800275a   0x0800275a   0x00000002   PAD
    0x0800275c   0x0800275c   0x00000014   Code   RO          322    .text.LL_USART_TransmitData8  uart.o
    0x08002770   0x08002770   0x00000072   Code   RO          343    .text.Motor_Init    motor.o
    0x080027e2   0x080027e2   0x00000002   PAD
    0x080027e4   0x080027e4   0x00000018   Code   RO          345    .text.Motor_SetAngle  motor.o
    0x080027fc   0x080027fc   0x00000010   Code   RO          357    .text.Motor_Update  motor.o
    0x0800280c   0x0800280c   0x00000026   Code   RO          178    .text.RCC_GetHCLKClockFreq  stm32f4xx_ll_rcc.o
    0x08002832   0x08002832   0x00000002   PAD
    0x08002834   0x08002834   0x00000024   Code   RO          180    .text.RCC_GetPCLK1ClockFreq  stm32f4xx_ll_rcc.o
    0x08002858   0x08002858   0x00000024   Code   RO          182    .text.RCC_GetPCLK2ClockFreq  stm32f4xx_ll_rcc.o
    0x0800287c   0x0800287c   0x00000058   Code   RO          176    .text.RCC_GetSystemClockFreq  stm32f4xx_ll_rcc.o
    0x080028d4   0x080028d4   0x0000008e   Code   RO          200    .text.RCC_PLL_GetFreqDomain_SYS  stm32f4xx_ll_rcc.o
    0x08002962   0x08002962   0x00000002   PAD
    0x08002964   0x08002964   0x0000001c   Code   RO          282    .text.SW_GetPressedTime  sw.o
    0x08002980   0x08002980   0x0000001c   Code   RO          278    .text.SW_GetState   sw.o
    0x0800299c   0x0800299c   0x000000da   Code   RO          276    .text.SW_Init       sw.o
    0x08002a76   0x08002a76   0x00000002   PAD
    0x08002a78   0x08002a78   0x0000025c   Code   RO          280    .text.SW_Update     sw.o
    0x08002cd4   0x08002cd4   0x00000052   Code   RO          298    .text.SysTick_Config  timer.o
    0x08002d26   0x08002d26   0x00000002   PAD
    0x08002d28   0x08002d28   0x00000012   Code   RO          304    .text.SysTick_Handler  timer.o
    0x08002d3a   0x08002d3a   0x00000002   PAD
    0x08002d3c   0x08002d3c   0x00000020   Code   RO           11    .text.SystemInit    system_stm32f4xx.o
    0x08002d5c   0x08002d5c   0x0000002e   Code   RO          400    .text.TIM2_IRQHandler  timer2.o
    0x08002d8a   0x08002d8a   0x00000002   PAD
    0x08002d8c   0x08002d8c   0x00000014   Code   RO          296    .text.TMR_Init      timer.o
    0x08002da0   0x08002da0   0x00000012   Code   RO          302    .text.TMR_Start     timer.o
    0x08002db2   0x08002db2   0x00000002   PAD
    0x08002db4   0x08002db4   0x00000012   Code   RO          300    .text.TMR_Stop      timer.o
    0x08002dc6   0x08002dc6   0x00000002   PAD
    0x08002dc8   0x08002dc8   0x00000068   Code   RO          392    .text.Timer2_init   timer2.o
    0x08002e30   0x08002e30   0x00000014   Code   RO          398    .text.Timer2_set_call_back_func  timer2.o
    0x08002e44   0x08002e44   0x000000a2   Code   RO          316    .text.UART_Init     uart.o
    0x08002ee6   0x08002ee6   0x00000002   PAD
    0x08002ee8   0x08002ee8   0x0000001c   Code   RO          320    .text.UART_Send     uart.o
    0x08002f04   0x08002f04   0x0000002c   Code   RO          324    .text.UART_Send_String  uart.o
    0x08002f30   0x08002f30   0x0000000c   Code   RO          379    .text.VC_GetSpeed   vc.o
    0x08002f3c   0x08002f3c   0x0000000e   Code   RO          375    .text.VC_Init       vc.o
    0x08002f4a   0x08002f4a   0x00000002   PAD
    0x08002f4c   0x08002f4c   0x00000238   Code   RO          377    .text.VC_Update     vc.o
    0x08003184   0x08003184   0x00000042   Code   RO          306    .text.__NVIC_SetPriority  timer.o
    0x080031c6   0x080031c6   0x00000002   PAD
    0x080031c8   0x080031c8   0x0000004a   Code   RO          416    .text._sys_close    retarget_io.o
    0x08003212   0x08003212   0x00000002   PAD
    0x08003214   0x08003214   0x00000048   Code   RO          432    .text._sys_flen     retarget_io.o
    0x0800325c   0x0800325c   0x00000048   Code   RO          428    .text._sys_istty    retarget_io.o
    0x080032a4   0x080032a4   0x00000086   Code   RO          414    .text._sys_open     retarget_io.o
    0x0800332a   0x0800332a   0x00000002   PAD
    0x0800332c   0x0800332c   0x00000052   Code   RO          430    .text._sys_seek     retarget_io.o
    0x0800337e   0x0800337e   0x00000002   PAD
    0x08003380   0x08003380   0x00000098   Code   RO          418    .text._sys_write    retarget_io.o
    0x08003418   0x08003418   0x00000030   Code   RO          349    .text.angle_to_time  motor.o
    0x08003448   0x08003448   0x00000048   Code   RO          355    .text.firing_update  motor.o
    0x08003490   0x08003490   0x0000012a   Code   RO          353    .text.harmonics_reduction_update  motor.o
    0x080035ba   0x080035ba   0x00000002   PAD
    0x080035bc   0x080035bc   0x00000046   Code   RO          233    .text.main          main.o
    0x08003602   0x08003602   0x00000002   PAD
    0x08003604   0x08003604   0x0000002c   Code   RO          394    .text.set_firing_angle_num_of_counts  timer2.o
    0x08003630   0x08003630   0x000000ae   Code   RO          351    .text.soft_switching_update  motor.o
    0x080036de   0x080036de   0x00000002   PAD
    0x080036e0   0x080036e0   0x0000000e   Code   RO          347    .text.start_firing  motor.o
    0x080036ee   0x080036ee   0x00000002   PAD
    0x080036f0   0x080036f0   0x0000000c   Code   RO          422    .text.stderr_putchar  retarget_io.o
    0x080036fc   0x080036fc   0x00000010   Code   RO          420    .text.stdout_putchar  retarget_io.o
    0x0800370c   0x0800370c   0x0000000e   Code   RO          396    .text.stop_Timer2   timer2.o
    0x0800371a   0x0800371a   0x0000003e   Code   RO          690    CL$$btod_d2e        c_w.l(btod.o)
    0x08003758   0x08003758   0x00000046   Code   RO          692    CL$$btod_d2e_denorm_low  c_w.l(btod.o)
    0x0800379e   0x0800379e   0x00000060   Code   RO          691    CL$$btod_d2e_norm_op1  c_w.l(btod.o)
    0x080037fe   0x080037fe   0x00000002   PAD
    0x08003800   0x08003800   0x00000338   Code   RO          700    CL$$btod_div_common  c_w.l(btod.o)
    0x08003b38   0x08003b38   0x000000dc   Code   RO          697    CL$$btod_e2e        c_w.l(btod.o)
    0x08003c14   0x08003c14   0x0000002a   Code   RO          694    CL$$btod_ediv       c_w.l(btod.o)
    0x08003c3e   0x08003c3e   0x0000002a   Code   RO          693    CL$$btod_emul       c_w.l(btod.o)
    0x08003c68   0x08003c68   0x00000244   Code   RO          699    CL$$btod_mult_common  c_w.l(btod.o)
    0x08003eac   0x08003eac   0x00000030   Code   RO          816    i.__ARM_fpclassify  m_wm.l(fpclassify.o)
    0x08003edc   0x08003edc   0x0000000e   Code   RO          518    i._is_digit         c_w.l(__printf_wp.o)
    0x08003eea   0x08003eea   0x0000001c   Code   RO          603    i.fputc             c_w.l(fputc.o)
    0x08003f06   0x08003f06   0x00000002   PAD
    0x08003f08   0x08003f08   0x0000002c   Code   RO          728    locale$$code        c_w.l(lc_numeric_c.o)
    0x08003f34   0x08003f34   0x0000002c   Code   RO          863    locale$$code        c_w.l(lc_ctype_c.o)
    0x08003f60   0x08003f60   0x0000001a   Code   RO          877    x$fpl$fpinit        fz_wm.l(fpinit.o)
    0x08003f7a   0x08003f7a   0x00000004   Code   RO          557    x$fpl$printf1       fz_wm.l(printf1.o)
    0x08003f7e   0x08003f7e   0x00000004   Code   RO          559    x$fpl$printf2       fz_wm.l(printf2.o)
    0x08003f82   0x08003f82   0x00000000   Code   RO          815    x$fpl$usenofp       fz_wm.l(usenofp.o)
    0x08003f82   0x08003f82   0x00000002   PAD
    0x08003f84   0x08003f84   0x00000008   Data   RO          477    .constdata          c_w.l(_printf_wctomb.o)
    0x08003f8c   0x08003f8c   0x00000028   Data   RO          506    .constdata          c_w.l(_printf_hex_int_ll_ptr.o)
    0x08003fb4   0x08003fb4   0x00000011   Data   RO          526    .constdata          c_w.l(__printf_flags_ss_wp.o)
    0x08003fc5   0x08003fc5   0x00000026   Data   RO          591    .constdata          c_w.l(_printf_fp_hex.o)
    0x08003feb   0x08003feb   0x00000001   PAD
    0x08003fec   0x08003fec   0x00000094   Data   RO          688    .constdata          c_w.l(bigflt0.o)
    0x08004080   0x08004080   0x00000010   Data   RO           16    .rodata.AHBPrescTable  system_stm32f4xx.o
    0x08004090   0x08004090   0x00000008   Data   RO           17    .rodata.APBPrescTable  system_stm32f4xx.o
    0x08004098   0x08004098   0x00000008   Data   RO          437    .rodata.__stderr_name  retarget_io.o
    0x080040a0   0x080040a0   0x00000007   Data   RO          435    .rodata.__stdin_name  retarget_io.o
    0x080040a7   0x080040a7   0x00000008   Data   RO          436    .rodata.__stdout_name  retarget_io.o
    0x080040af   0x080040af   0x00000020   Data   RO          235    .rodata.str1.1      main.o
    0x080040cf   0x080040cf   0x00000026   Data   RO          249    .rodata.str1.1      display.o
    0x080040f5   0x080040f5   0x00000017   Data   RO          438    .rodata.str1.1      retarget_io.o
    0x0800410c   0x0800410c   0x00000020   Data   RO          975    Region$$Table       anon$$obj.o
    0x0800412c   0x0800412c   0x0000001c   Data   RO          727    locale$$data        c_w.l(lc_numeric_c.o)
    0x08004148   0x08004148   0x00000110   Data   RO          862    locale$$data        c_w.l(lc_ctype_c.o)


    Execution Region ER_RW (Exec base: 0x20000000, Load base: 0x08004258, Size: 0x00000010, Max: 0xffffffff, ABSOLUTE)

    Exec Addr    Load Addr    Size         Type   Attr      Idx    E Section Name        Object

    0x20000000   0x08004258   0x00000004   Data   RW          554    .data               c_w.l(stdio_streams.o)
    0x20000004   0x0800425c   0x00000004   Data   RW          555    .data               c_w.l(stdio_streams.o)
    0x20000008   0x08004260   0x00000004   Data   RW          556    .data               c_w.l(stdio_streams.o)
    0x2000000c   0x08004264   0x00000001   Data   RW          366    .data.harmonic_state  motor.o


    Execution Region ER_ZI (Exec base: 0x20000010, Load base: 0x08004268, Size: 0x000007b0, Max: 0xffffffff, ABSOLUTE)

    Exec Addr    Load Addr    Size         Type   Attr      Idx    E Section Name        Object

    0x20000010        -       0x00000054   Zero   RW          551    .bss                c_w.l(stdio_streams.o)
    0x20000064        -       0x00000054   Zero   RW          552    .bss                c_w.l(stdio_streams.o)
    0x200000b8        -       0x00000054   Zero   RW          553    .bss                c_w.l(stdio_streams.o)
    0x2000010c        -       0x00000060   Zero   RW          819    .bss                c_w.l(libspace.o)
    0x2000016c        -       0x00000004   Zero   RW          248    .bss.DISP_Update.DISP_counter  display.o
    0x20000170        -       0x00000004   Zero   RW          288    .bss.SW_Update.SW_counter  sw.o
    0x20000174        -       0x00000018   Zero   RW          287    .bss.SWs_Info       sw.o
    0x2000018c        -       0x00000004   Zero   RW          383    .bss.VC_Update.old_pressed_time  vc.o
    0x20000190        -       0x00000004   Zero   RW          384    .bss.VC_Update.vc_counter  vc.o
    0x20000194        -       0x00000001   Zero   RW          360    .bss.current_angle  motor.o
    0x20000195        -       0x00000001   Zero   RW          362    .bss.current_motor_state  motor.o
    0x20000196        -       0x00000001   Zero   RW          381    .bss.dust           vc.o
    0x20000197        -       0x00000001   Zero   RW          286    .bss.dust_sw        sw.o
    0x20000198        -       0x00000001   Zero   RW          359    .bss.fire           motor.o
    0x20000199        -       0x00000001   Zero   RW          361    .bss.firing_angle   motor.o
    0x2000019a   0x08004268   0x00000002   PAD
    0x2000019c        -       0x00000004   Zero   RW          367    .bss.firing_update.firing_counter  motor.o
    0x200001a0        -       0x00000004   Zero   RW          402    .bss.g_Timer2_callBackPtr  timer2.o
    0x200001a4        -       0x00000004   Zero   RW          365    .bss.harmonics_reduction_update.harm_reduction_counter  motor.o
    0x200001a8        -       0x00000001   Zero   RW          285    .bss.minus_sw       sw.o
    0x200001a9        -       0x00000001   Zero   RW          382    .bss.motor_speed    vc.o
    0x200001aa        -       0x00000001   Zero   RW          284    .bss.plus_sw        sw.o
    0x200001ab   0x08004268   0x00000001   PAD
    0x200001ac        -       0x00000004   Zero   RW          364    .bss.soft_switching_update.soft_switching_counter  motor.o
    0x200001b0        -       0x00000004   Zero   RW          247    .bss.speed          display.o
    0x200001b4        -       0x00000001   Zero   RW          363    .bss.target_angle   motor.o
    0x200001b5   0x08004268   0x00000003   PAD
    0x200001b8        -       0x00000004   Zero   RW          308    .bss.tick           timer.o
    0x200001bc   0x08004268   0x00000004   PAD
    0x200001c0        -       0x00000200   Zero   RW            2    HEAP                startup_stm32f411xe.o
    0x200003c0        -       0x00000400   Zero   RW            1    STACK               startup_stm32f411xe.o


==============================================================================

Image component sizes


      Code (inc. data)   RO Data    RW Data    ZI Data      Debug   Object Name

       286          0         38          0          8       1378   display.o
       238          0          0          0          0       3119   led.o
        70          0         32          0          0        554   main.o
       760          0          0          1         17       3966   motor.o
       680          0         46          0          0       3324   retarget_io.o
        64         26        408          0       1536        912   startup_stm32f411xe.o
       918          0          0          0          0       5032   stm32f4xx_ll_gpio.o
       522          0          0          0          0       6159   stm32f4xx_ll_rcc.o
       454          0          0          0          0       4874   stm32f4xx_ll_usart.o
       878          4          0          0         31       3487   sw.o
        32          0         24          0          0       2562   system_stm32f4xx.o
       222          0          0          0          4       3909   timer.o
       228          0          0          0          4       2967   timer2.o
       272          0          0          0          0       3814   uart.o
       594          0          0          0         10       1677   vc.o

    ----------------------------------------------------------------------
      6278         30        580          4       1620      47734   Object Totals
         0          0         32          0          0          0   (incl. Generated)
        60          0          0          3         10          0   (incl. Padding)

    ----------------------------------------------------------------------

      Code (inc. data)   RO Data    RW Data    ZI Data      Debug   Library Member Name

         8          0          0          0          0         68   __main.o
       392          4         17          0          0         92   __printf_flags_ss_wp.o
        14          0          0          0          0         68   __printf_wp.o
         0          0          0          0          0          0   __rtentry.o
        12          0          0          0          0          0   __rtentry2.o
         6          0          0          0          0          0   __rtentry4.o
        52          8          0          0          0          0   __scatter.o
        26          0          0          0          0          0   __scatter_copy.o
        28          0          0          0          0          0   __scatter_zi.o
        72          0          0          0          0         96   _c16rtomb.o
         6          0          0          0          0          0   _printf_a.o
         6          0          0          0          0          0   _printf_c.o
        44          0          0          0          0        108   _printf_char.o
        48          6          0          0          0         96   _printf_char_common.o
        36          4          0          0          0         80   _printf_char_file.o
        40          0          0          0          0         68   _printf_charcount.o
         6          0          0          0          0          0   _printf_d.o
       120         16          0          0          0         92   _printf_dec.o
         6          0          0          0          0          0   _printf_e.o
         6          0          0          0          0          0   _printf_f.o
      1052          0          0          0          0        148   _printf_fp_dec.o
       764          8         38          0          0        100   _printf_fp_hex.o
       128         16          0          0          0         84   _printf_fp_infnan.o
         6          0          0          0          0          0   _printf_g.o
       148          4         40          0          0        160   _printf_hex_int_ll_ptr.o
         6          0          0          0          0          0   _printf_i.o
       178          0          0          0          0         88   _printf_intcommon.o
        10          0          0          0          0          0   _printf_l.o
         6          0          0          0          0          0   _printf_lc.o
        10          0          0          0          0          0   _printf_ll.o
         6          0          0          0          0          0   _printf_lld.o
         6          0          0          0          0          0   _printf_lli.o
         6          0          0          0          0          0   _printf_llo.o
         6          0          0          0          0          0   _printf_llu.o
         6          0          0          0          0          0   _printf_llx.o
       124         16          0          0          0         92   _printf_longlong_dec.o
         6          0          0          0          0          0   _printf_ls.o
         6          0          0          0          0          0   _printf_n.o
         6          0          0          0          0          0   _printf_o.o
       112          8          0          0          0        124   _printf_oct_int_ll.o
         6          0          0          0          0          0   _printf_p.o
        78          0          0          0          0        108   _printf_pad.o
         0          0          0          0          0          0   _printf_percent.o
         4          0          0          0          0          0   _printf_percent_end.o
         6          0          0          0          0          0   _printf_s.o
        82          0          0          0          0         80   _printf_str.o
        36          0          0          0          0         84   _printf_truncate.o
         6          0          0          0          0          0   _printf_u.o
        44          0          0          0          0        108   _printf_wchar.o
       188          6          8          0          0         92   _printf_wctomb.o
         6          0          0          0          0          0   _printf_x.o
       228          4        148          0          0         96   bigflt0.o
      1936        128          0          0          0        668   btod.o
        10          0          0          0          0         68   defsig_exit.o
        50          0          0          0          0         88   defsig_general.o
        80         58          0          0          0         76   defsig_rtmem_inner.o
        14          0          0          0          0         80   defsig_rtmem_outer.o
        52         38          0          0          0         76   defsig_rtred_inner.o
        14          0          0          0          0         80   defsig_rtred_outer.o
        18          0          0          0          0         80   exit.o
        76          0          0          0          0         88   fclose.o
         8          0          0          0          0         68   ferror.o
       482          0          0          0          0         92   flsbuf.o
       240          6          0          0          0        128   fopen.o
        28          0          0          0          0         68   fputc.o
       248          6          0          0          0         84   fseek.o
        66          0          0          0          0         76   ftell.o
        94          0          0          0          0         80   h1_alloc.o
        52          0          0          0          0         68   h1_extend.o
        78          0          0          0          0         80   h1_free.o
        14          0          0          0          0         84   h1_init.o
         6          0          0          0          0        152   heapauxi.o
         4          0          0          0          0        136   hguard.o
         0          0          0          0          0          0   indicate_semi.o
       138          0          0          0          0        168   init_alloc.o
       312         46          0          0          0        112   initio.o
        44         10        272          0          0         76   lc_ctype_c.o
        44         10         28          0          0         76   lc_numeric_c.o
         2          0          0          0          0          0   libinit.o
        46          0          0          0          0          0   libinit2.o
         2          0          0          0          0          0   libshutdown.o
         6          0          0          0          0          0   libshutdown2.o
         8          4          0          0         96         68   libspace.o
       138          0          0          0          0         80   lludiv10.o
       240          0          0          0          0        100   lludivv7m.o
         0          0          0          0          0          0   maybetermalloc1.o
        24          4          0          0          0         84   printf.o
        16          4          0          0          0         76   rt_ctype_table.o
         8          4          0          0          0         68   rt_errno_addr_intlibspace.o
         8          4          0          0          0         68   rt_heap_descriptor_intlibspace.o
         8          4          0          0          0         68   rt_locale_intlibspace.o
        78          0          0          0          0         80   rt_memclr_w.o
         2          0          0          0          0          0   rtexit.o
        10          0          0          0          0          0   rtexit2.o
        70          0          0          0          0         80   setvbuf.o
       264          6          0          0          0        160   stdio.o
         0          0          0         12        252          0   stdio_streams.o
       124          0          0          0          0         88   strcmpv7em.o
        12          4          0          0          0         68   sys_exit.o
        74          0          0          0          0         80   sys_stackheap_outer.o
        14          0          0          0          0         76   sys_wrch.o
         2          0          0          0          0         68   use_no_semi.o
        26          0          0          0          0        116   fpinit.o
         4          0          0          0          0        116   printf1.o
         4          0          0          0          0        116   printf2.o
         0          0          0          0          0          0   usenofp.o
        48          0          0          0          0        124   fpclassify.o

    ----------------------------------------------------------------------
      9574        440        552         12        348       6768   Library Totals
        24          4          1          0          0          0   (incl. Padding)

    ----------------------------------------------------------------------

      Code (inc. data)   RO Data    RW Data    ZI Data      Debug   Library Name

      9468        436        551         12        348       6296   c_w.l
        34          0          0          0          0        348   fz_wm.l
        48          0          0          0          0        124   m_wm.l

    ----------------------------------------------------------------------
      9574        440        552         12        348       6768   Library Totals

    ----------------------------------------------------------------------

==============================================================================


      Code (inc. data)   RO Data    RW Data    ZI Data      Debug   

     15852        470       1132         16       1968      50558   Grand Totals
     15852        470       1132         16       1968      50558   ELF Image Totals
     15852        470       1132         16          0          0   ROM Totals

==============================================================================

    Total RO  Size (Code + RO Data)                16984 (  16.59kB)
    Total RW  Size (RW Data + ZI Data)              1984 (   1.94kB)
    Total ROM Size (Code + RO Data + RW Data)      17000 (  16.60kB)

==============================================================================

